192.168.12.194 - - [18/Aug/2022:14:03:40 +0800] "GET /nacos/index.html HTTP/1.1" 200 2780 362 Mozilla/5.0 (Windows NT 10.0; Win64; x64) AppleWebKit/537.36 (KHTML, like Gecko) Chrome/104.0.0.0 Safari/537.36 -
192.168.12.194 - - [18/Aug/2022:14:03:40 +0800] "GET /nacos/console-ui/public/css/merge.css HTTP/1.1" 304 - 12 Mozilla/5.0 (Windows NT 10.0; Win64; x64) AppleWebKit/537.36 (KHTML, like Gecko) Chrome/104.0.0.0 Safari/537.36 -
192.168.12.194 - - [18/Aug/2022:14:03:40 +0800] "GET /nacos/console-ui/public/css/console1412.css HTTP/1.1" 304 - 13 Mozilla/5.0 (Windows NT 10.0; Win64; x64) AppleWebKit/537.36 (KHTML, like Gecko) Chrome/104.0.0.0 Safari/537.36 -
192.168.12.194 - - [18/Aug/2022:14:03:40 +0800] "GET /nacos/console-ui/public/css/icon.css HTTP/1.1" 304 - 13 Mozilla/5.0 (Windows NT 10.0; Win64; x64) AppleWebKit/537.36 (KHTML, like Gecko) Chrome/104.0.0.0 Safari/537.36 -
192.168.12.194 - - [18/Aug/2022:14:03:40 +0800] "GET /nacos/console-ui/public/css/codemirror.css HTTP/1.1" 304 - 14 Mozilla/5.0 (Windows NT 10.0; Win64; x64) AppleWebKit/537.36 (KHTML, like Gecko) Chrome/104.0.0.0 Safari/537.36 -
192.168.12.194 - - [18/Aug/2022:14:03:40 +0800] "GET /nacos/console-ui/public/css/font-awesome.css HTTP/1.1" 304 - 7 Mozilla/5.0 (Windows NT 10.0; Win64; x64) AppleWebKit/537.36 (KHTML, like Gecko) Chrome/104.0.0.0 Safari/537.36 -
192.168.12.194 - - [18/Aug/2022:14:03:40 +0800] "GET /nacos/console-ui/public/js/codemirror.js HTTP/1.1" 304 - 8 Mozilla/5.0 (Windows NT 10.0; Win64; x64) AppleWebKit/537.36 (KHTML, like Gecko) Chrome/104.0.0.0 Safari/537.36 -
192.168.12.194 - - [18/Aug/2022:14:03:40 +0800] "GET /nacos/console-ui/public/js/jquery.js HTTP/1.1" 304 - 12 Mozilla/5.0 (Windows NT 10.0; Win64; x64) AppleWebKit/537.36 (KHTML, like Gecko) Chrome/104.0.0.0 Safari/537.36 -
192.168.12.194 - - [18/Aug/2022:14:03:40 +0800] "GET /nacos/console-ui/public/js/xml.js HTTP/1.1" 304 - 8 Mozilla/5.0 (Windows NT 10.0; Win64; x64) AppleWebKit/537.36 (KHTML, like Gecko) Chrome/104.0.0.0 Safari/537.36 -
192.168.12.194 - - [18/Aug/2022:14:03:40 +0800] "GET /nacos/console-ui/public/css/bootstrap.css HTTP/1.1" 304 - 32 Mozilla/5.0 (Windows NT 10.0; Win64; x64) AppleWebKit/537.36 (KHTML, like Gecko) Chrome/104.0.0.0 Safari/537.36 -
192.168.12.194 - - [18/Aug/2022:14:03:40 +0800] "GET /nacos/console-ui/public/js/javascript.js HTTP/1.1" 304 - 18 Mozilla/5.0 (Windows NT 10.0; Win64; x64) AppleWebKit/537.36 (KHTML, like Gecko) Chrome/104.0.0.0 Safari/537.36 -
192.168.12.194 - - [18/Aug/2022:14:03:40 +0800] "GET /nacos/css/main.css?04818f5ec59842280923 HTTP/1.1" 304 - 13 Mozilla/5.0 (Windows NT 10.0; Win64; x64) AppleWebKit/537.36 (KHTML, like Gecko) Chrome/104.0.0.0 Safari/537.36 -
192.168.12.194 - - [18/Aug/2022:14:03:40 +0800] "GET /nacos/console-ui/public/js/codemirror.addone.fullscreen.js HTTP/1.1" 304 - 10 Mozilla/5.0 (Windows NT 10.0; Win64; x64) AppleWebKit/537.36 (KHTML, like Gecko) Chrome/104.0.0.0 Safari/537.36 -
192.168.12.194 - - [18/Aug/2022:14:03:40 +0800] "GET /nacos/console-ui/public/js/codemirror.addone.lint.js HTTP/1.1" 304 - 13 Mozilla/5.0 (Windows NT 10.0; Win64; x64) AppleWebKit/537.36 (KHTML, like Gecko) Chrome/104.0.0.0 Safari/537.36 -
192.168.12.194 - - [18/Aug/2022:14:03:40 +0800] "GET /nacos/console-ui/public/js/diff_match_patch.js HTTP/1.1" 304 - 6 Mozilla/5.0 (Windows NT 10.0; Win64; x64) AppleWebKit/537.36 (KHTML, like Gecko) Chrome/104.0.0.0 Safari/537.36 -
192.168.12.194 - - [18/Aug/2022:14:03:40 +0800] "GET /nacos/console-ui/public/js/codemirror.lib.json-lint.js HTTP/1.1" 304 - 7 Mozilla/5.0 (Windows NT 10.0; Win64; x64) AppleWebKit/537.36 (KHTML, like Gecko) Chrome/104.0.0.0 Safari/537.36 -
192.168.12.194 - - [18/Aug/2022:14:03:40 +0800] "GET /nacos/console-ui/public/js/merge.js HTTP/1.1" 304 - 6 Mozilla/5.0 (Windows NT 10.0; Win64; x64) AppleWebKit/537.36 (KHTML, like Gecko) Chrome/104.0.0.0 Safari/537.36 -
192.168.12.194 - - [18/Aug/2022:14:03:40 +0800] "GET /nacos/console-ui/public/js/codemirror.addone.json-lint.js HTTP/1.1" 304 - 17 Mozilla/5.0 (Windows NT 10.0; Win64; x64) AppleWebKit/537.36 (KHTML, like Gecko) Chrome/104.0.0.0 Safari/537.36 -
192.168.12.194 - - [18/Aug/2022:14:03:40 +0800] "GET /nacos/console-ui/public/js/loader.js HTTP/1.1" 304 - 7 Mozilla/5.0 (Windows NT 10.0; Win64; x64) AppleWebKit/537.36 (KHTML, like Gecko) Chrome/104.0.0.0 Safari/537.36 -
192.168.12.194 - - [18/Aug/2022:14:03:40 +0800] "GET /nacos/console-ui/public/js/codemirror.lib.clike-lint.js HTTP/1.1" 304 - 14 Mozilla/5.0 (Windows NT 10.0; Win64; x64) AppleWebKit/537.36 (KHTML, like Gecko) Chrome/104.0.0.0 Safari/537.36 -
192.168.12.194 - - [18/Aug/2022:14:03:40 +0800] "GET /nacos/js/main.js?04818f5ec59842280923 HTTP/1.1" 304 - 7 Mozilla/5.0 (Windows NT 10.0; Win64; x64) AppleWebKit/537.36 (KHTML, like Gecko) Chrome/104.0.0.0 Safari/537.36 -
192.168.12.194 - - [18/Aug/2022:14:03:41 +0800] "GET /nacos/console-ui/public/js/vs/editor/editor.main.js HTTP/1.1" 304 - 8 Mozilla/5.0 (Windows NT 10.0; Win64; x64) AppleWebKit/537.36 (KHTML, like Gecko) Chrome/104.0.0.0 Safari/537.36 -
192.168.12.194 - - [18/Aug/2022:14:03:41 +0800] "GET /nacos/img/logo-2000-390.svg HTTP/1.1" 304 - 6 Mozilla/5.0 (Windows NT 10.0; Win64; x64) AppleWebKit/537.36 (KHTML, like Gecko) Chrome/104.0.0.0 Safari/537.36 -
192.168.12.194 - - [18/Aug/2022:14:03:41 +0800] "GET /nacos/v1/console/server/state?message=true&accessToken=eyJhbGciOiJIUzI1NiJ9.eyJzdWIiOiJuYWNvcyIsImV4cCI6MTY2MDU2MzU5N30.T2AdWdxJugbOcmHpcws5TQPbKOC4YQbp52LxTU3DLoI&username=nacos HTTP/1.1" 200 82 54 Mozilla/5.0 (Windows NT 10.0; Win64; x64) AppleWebKit/537.36 (KHTML, like Gecko) Chrome/104.0.0.0 Safari/537.36 -
192.168.12.194 - - [18/Aug/2022:14:03:41 +0800] "GET /nacos/console-ui/public/icons/icon-font.woff2 HTTP/1.1" 304 - 19 Mozilla/5.0 (Windows NT 10.0; Win64; x64) AppleWebKit/537.36 (KHTML, like Gecko) Chrome/104.0.0.0 Safari/537.36 -
192.168.12.194 - - [18/Aug/2022:14:03:41 +0800] "GET /nacos/v1/console/namespaces?accessToken=eyJhbGciOiJIUzI1NiJ9.eyJzdWIiOiJuYWNvcyIsImV4cCI6MTY2MDU2MzU5N30.T2AdWdxJugbOcmHpcws5TQPbKOC4YQbp52LxTU3DLoI&message=true&namespaceId= HTTP/1.1" 200 298 97 Mozilla/5.0 (Windows NT 10.0; Win64; x64) AppleWebKit/537.36 (KHTML, like Gecko) Chrome/104.0.0.0 Safari/537.36 -
192.168.12.194 - - [18/Aug/2022:14:03:42 +0800] "GET /nacos/v1/cs/configs?dataId=&group=&appName=&config_tags=&pageNo=1&pageSize=10&tenant=&search=accurate&message=true&accessToken=eyJhbGciOiJIUzI1NiJ9.eyJzdWIiOiJuYWNvcyIsImV4cCI6MTY2MDU2MzU5N30.T2AdWdxJugbOcmHpcws5TQPbKOC4YQbp52LxTU3DLoI&username=nacos HTTP/1.1" 200 76 103 Mozilla/5.0 (Windows NT 10.0; Win64; x64) AppleWebKit/537.36 (KHTML, like Gecko) Chrome/104.0.0.0 Safari/537.36 -
192.168.12.194 - - [18/Aug/2022:14:03:42 +0800] "GET /nacos/console-ui/public/js/vs/editor/editor.main.css HTTP/1.1" 304 - 20 Mozilla/5.0 (Windows NT 10.0; Win64; x64) AppleWebKit/537.36 (KHTML, like Gecko) Chrome/104.0.0.0 Safari/537.36 -
192.168.12.194 - - [18/Aug/2022:14:03:42 +0800] "GET /nacos/console-ui/public/js/vs/editor/editor.main.nls.zh-cn.js HTTP/1.1" 304 - 5 Mozilla/5.0 (Windows NT 10.0; Win64; x64) AppleWebKit/537.36 (KHTML, like Gecko) Chrome/104.0.0.0 Safari/537.36 -
192.168.12.194 - - [18/Aug/2022:14:03:45 +0800] "GET /nacos/v1/cs/configs?dataId=&group=&appName=&config_tags=&pageNo=1&pageSize=10&tenant=9561f0ac-36a7-43b0-bcb3-9e34865b3d70&search=accurate&message=true&accessToken=eyJhbGciOiJIUzI1NiJ9.eyJzdWIiOiJuYWNvcyIsImV4cCI6MTY2MDU2MzU5N30.T2AdWdxJugbOcmHpcws5TQPbKOC4YQbp52LxTU3DLoI&username=nacos HTTP/1.1" 200 3414 21 Mozilla/5.0 (Windows NT 10.0; Win64; x64) AppleWebKit/537.36 (KHTML, like Gecko) Chrome/104.0.0.0 Safari/537.36 -
127.0.0.1 - - [18/Aug/2022:14:04:55 +0800] "GET /nacos/v1/cs/configs?dataId=commons&tenant=9561f0ac-36a7-43b0-bcb3-9e34865b3d70&group=dev HTTP/1.1" 404 23 14 Java/17.0.2 -
127.0.0.1 - - [18/Aug/2022:14:04:55 +0800] "GET /nacos/v1/cs/configs?dataId=commons.yaml&tenant=9561f0ac-36a7-43b0-bcb3-9e34865b3d70&group=dev HTTP/1.1" 404 23 3 Java/17.0.2 -
127.0.0.1 - - [18/Aug/2022:14:04:55 +0800] "GET /nacos/v1/cs/configs?dataId=commons-dev.yaml&tenant=9561f0ac-36a7-43b0-bcb3-9e34865b3d70&group=dev HTTP/1.1" 200 627 15 Java/17.0.2 -
127.0.0.1 - - [18/Aug/2022:14:05:02 +0800] "GET /nacos/v1/ns/instance/list?app=unknown&healthyOnly=false&namespaceId=9561f0ac-36a7-43b0-bcb3-9e34865b3d70&clientIP=172.31.48.1&serviceName=dev%40%40commons&udpPort=61205&clusters=DEFAULT HTTP/1.1" 200 560 29 Nacos-Java-Client:v1.4.2 -
127.0.0.1 - - [18/Aug/2022:14:05:03 +0800] "POST /nacos/v1/ns/instance?app=unknown&groupName=dev&metadata=%7B%22preserved.register.source%22%3A%22SPRING_CLOUD%22%7D&namespaceId=9561f0ac-36a7-43b0-bcb3-9e34865b3d70&port=8081&enable=true&healthy=true&clusterName=DEFAULT&ip=192.168.12.194&weight=1.0&ephemeral=false&serviceName=dev%40%40commons HTTP/1.1" 200 2 13 Nacos-Java-Client:v1.4.2 -
127.0.0.1 - - [18/Aug/2022:14:05:04 +0800] "GET /nacos/v1/ns/instance/list?app=unknown&healthyOnly=false&namespaceId=9561f0ac-36a7-43b0-bcb3-9e34865b3d70&clientIP=172.31.48.1&serviceName=dev%40%40commons&udpPort=61205&clusters=DEFAULT HTTP/1.1" 200 559 3 Nacos-Java-Client:v1.4.2 -
127.0.0.1 - - [18/Aug/2022:14:05:04 +0800] "POST /nacos/v1/cs/configs/listener HTTP/1.1" 200 - 4 Java/17.0.2 -
127.0.0.1 - - [18/Aug/2022:14:05:04 +0800] "GET /nacos/v1/ns/operator/metrics?app=unknown&namespaceId=9561f0ac-36a7-43b0-bcb3-9e34865b3d70 HTTP/1.1" 200 25 6 Nacos-Java-Client:v1.4.2 -
127.0.0.1 - - [18/Aug/2022:14:05:05 +0800] "GET /nacos/v1/ns/service/list?app=unknown&pageSize=2147483647&groupName=dev&namespaceId=9561f0ac-36a7-43b0-bcb3-9e34865b3d70&pageNo=1 HTTP/1.1" 200 53 6 Nacos-Java-Client:v1.4.2 -
127.0.0.1 - - [18/Aug/2022:14:05:14 +0800] "GET /nacos/v1/ns/instance/list?app=unknown&healthyOnly=false&namespaceId=9561f0ac-36a7-43b0-bcb3-9e34865b3d70&clientIP=172.31.48.1&serviceName=dev%40%40commons&udpPort=61205&clusters=DEFAULT HTTP/1.1" 200 559 2 Nacos-Java-Client:v1.4.2 -
127.0.0.1 - - [18/Aug/2022:14:05:24 +0800] "GET /nacos/v1/ns/instance/list?app=unknown&healthyOnly=false&namespaceId=9561f0ac-36a7-43b0-bcb3-9e34865b3d70&clientIP=172.31.48.1&serviceName=dev%40%40commons&udpPort=61205&clusters=DEFAULT HTTP/1.1" 200 559 3 Nacos-Java-Client:v1.4.2 -
127.0.0.1 - - [18/Aug/2022:14:05:34 +0800] "GET /nacos/v1/ns/instance/list?app=unknown&healthyOnly=false&namespaceId=9561f0ac-36a7-43b0-bcb3-9e34865b3d70&clientIP=172.31.48.1&serviceName=dev%40%40commons&udpPort=61205&clusters=DEFAULT HTTP/1.1" 200 559 2 Nacos-Java-Client:v1.4.2 -
127.0.0.1 - - [18/Aug/2022:14:05:34 +0800] "POST /nacos/v1/cs/configs/listener HTTP/1.1" 200 - 29519 Java/17.0.2 -
127.0.0.1 - - [18/Aug/2022:14:05:44 +0800] "GET /nacos/v1/ns/instance/list?app=unknown&healthyOnly=false&namespaceId=9561f0ac-36a7-43b0-bcb3-9e34865b3d70&clientIP=172.31.48.1&serviceName=dev%40%40commons&udpPort=61205&clusters=DEFAULT HTTP/1.1" 200 559 3 Nacos-Java-Client:v1.4.2 -
127.0.0.1 - - [18/Aug/2022:14:05:54 +0800] "GET /nacos/v1/ns/instance/list?app=unknown&healthyOnly=false&namespaceId=9561f0ac-36a7-43b0-bcb3-9e34865b3d70&clientIP=172.31.48.1&serviceName=dev%40%40commons&udpPort=61205&clusters=DEFAULT HTTP/1.1" 200 559 3 Nacos-Java-Client:v1.4.2 -
127.0.0.1 - - [18/Aug/2022:14:06:03 +0800] "POST /nacos/v1/cs/configs/listener HTTP/1.1" 200 - 29503 Java/17.0.2 -
127.0.0.1 - - [18/Aug/2022:14:06:04 +0800] "GET /nacos/v1/ns/instance/list?app=unknown&healthyOnly=false&namespaceId=9561f0ac-36a7-43b0-bcb3-9e34865b3d70&clientIP=172.31.48.1&serviceName=dev%40%40commons&udpPort=61205&clusters=DEFAULT HTTP/1.1" 200 559 2 Nacos-Java-Client:v1.4.2 -
127.0.0.1 - - [18/Aug/2022:14:06:14 +0800] "GET /nacos/v1/ns/instance/list?app=unknown&healthyOnly=false&namespaceId=9561f0ac-36a7-43b0-bcb3-9e34865b3d70&clientIP=172.31.48.1&serviceName=dev%40%40commons&udpPort=61205&clusters=DEFAULT HTTP/1.1" 200 559 2 Nacos-Java-Client:v1.4.2 -
127.0.0.1 - - [18/Aug/2022:14:06:24 +0800] "GET /nacos/v1/ns/instance/list?app=unknown&healthyOnly=false&namespaceId=9561f0ac-36a7-43b0-bcb3-9e34865b3d70&clientIP=172.31.48.1&serviceName=dev%40%40commons&udpPort=61205&clusters=DEFAULT HTTP/1.1" 200 559 2 Nacos-Java-Client:v1.4.2 -
127.0.0.1 - - [18/Aug/2022:14:06:33 +0800] "POST /nacos/v1/cs/configs/listener HTTP/1.1" 200 - 29506 Java/17.0.2 -
127.0.0.1 - - [18/Aug/2022:14:06:34 +0800] "GET /nacos/v1/ns/instance/list?app=unknown&healthyOnly=false&namespaceId=9561f0ac-36a7-43b0-bcb3-9e34865b3d70&clientIP=172.31.48.1&serviceName=dev%40%40commons&udpPort=61205&clusters=DEFAULT HTTP/1.1" 200 559 2 Nacos-Java-Client:v1.4.2 -
127.0.0.1 - - [18/Aug/2022:14:06:44 +0800] "GET /nacos/v1/ns/instance/list?app=unknown&healthyOnly=false&namespaceId=9561f0ac-36a7-43b0-bcb3-9e34865b3d70&clientIP=172.31.48.1&serviceName=dev%40%40commons&udpPort=61205&clusters=DEFAULT HTTP/1.1" 200 559 2 Nacos-Java-Client:v1.4.2 -
127.0.0.1 - - [18/Aug/2022:14:06:54 +0800] "GET /nacos/v1/ns/instance/list?app=unknown&healthyOnly=false&namespaceId=9561f0ac-36a7-43b0-bcb3-9e34865b3d70&clientIP=172.31.48.1&serviceName=dev%40%40commons&udpPort=61205&clusters=DEFAULT HTTP/1.1" 200 559 2 Nacos-Java-Client:v1.4.2 -
127.0.0.1 - - [18/Aug/2022:14:07:02 +0800] "POST /nacos/v1/cs/configs/listener HTTP/1.1" 200 - 29517 Java/17.0.2 -
127.0.0.1 - - [18/Aug/2022:14:07:04 +0800] "GET /nacos/v1/ns/instance/list?app=unknown&healthyOnly=false&namespaceId=9561f0ac-36a7-43b0-bcb3-9e34865b3d70&clientIP=172.31.48.1&serviceName=dev%40%40commons&udpPort=61205&clusters=DEFAULT HTTP/1.1" 200 559 2 Nacos-Java-Client:v1.4.2 -
127.0.0.1 - - [18/Aug/2022:14:07:14 +0800] "GET /nacos/v1/ns/instance/list?app=unknown&healthyOnly=false&namespaceId=9561f0ac-36a7-43b0-bcb3-9e34865b3d70&clientIP=172.31.48.1&serviceName=dev%40%40commons&udpPort=61205&clusters=DEFAULT HTTP/1.1" 200 559 6 Nacos-Java-Client:v1.4.2 -
127.0.0.1 - - [18/Aug/2022:14:07:24 +0800] "GET /nacos/v1/ns/instance/list?app=unknown&healthyOnly=false&namespaceId=9561f0ac-36a7-43b0-bcb3-9e34865b3d70&clientIP=172.31.48.1&serviceName=dev%40%40commons&udpPort=61205&clusters=DEFAULT HTTP/1.1" 200 559 3 Nacos-Java-Client:v1.4.2 -
127.0.0.1 - - [18/Aug/2022:14:07:32 +0800] "POST /nacos/v1/cs/configs/listener HTTP/1.1" 200 - 29503 Java/17.0.2 -
127.0.0.1 - - [18/Aug/2022:14:07:34 +0800] "GET /nacos/v1/ns/instance/list?app=unknown&healthyOnly=false&namespaceId=9561f0ac-36a7-43b0-bcb3-9e34865b3d70&clientIP=172.31.48.1&serviceName=dev%40%40commons&udpPort=61205&clusters=DEFAULT HTTP/1.1" 200 559 2 Nacos-Java-Client:v1.4.2 -
127.0.0.1 - - [18/Aug/2022:14:07:44 +0800] "GET /nacos/v1/ns/instance/list?app=unknown&healthyOnly=false&namespaceId=9561f0ac-36a7-43b0-bcb3-9e34865b3d70&clientIP=172.31.48.1&serviceName=dev%40%40commons&udpPort=61205&clusters=DEFAULT HTTP/1.1" 200 559 2 Nacos-Java-Client:v1.4.2 -
127.0.0.1 - - [18/Aug/2022:14:07:54 +0800] "GET /nacos/v1/ns/instance/list?app=unknown&healthyOnly=false&namespaceId=9561f0ac-36a7-43b0-bcb3-9e34865b3d70&clientIP=172.31.48.1&serviceName=dev%40%40commons&udpPort=61205&clusters=DEFAULT HTTP/1.1" 200 559 2 Nacos-Java-Client:v1.4.2 -
127.0.0.1 - - [18/Aug/2022:14:08:01 +0800] "POST /nacos/v1/cs/configs/listener HTTP/1.1" 200 - 29504 Java/17.0.2 -
127.0.0.1 - - [18/Aug/2022:14:08:04 +0800] "GET /nacos/v1/ns/instance/list?app=unknown&healthyOnly=false&namespaceId=9561f0ac-36a7-43b0-bcb3-9e34865b3d70&clientIP=172.31.48.1&serviceName=dev%40%40commons&udpPort=61205&clusters=DEFAULT HTTP/1.1" 200 559 2 Nacos-Java-Client:v1.4.2 -
127.0.0.1 - - [18/Aug/2022:14:08:14 +0800] "GET /nacos/v1/ns/instance/list?app=unknown&healthyOnly=false&namespaceId=9561f0ac-36a7-43b0-bcb3-9e34865b3d70&clientIP=172.31.48.1&serviceName=dev%40%40commons&udpPort=61205&clusters=DEFAULT HTTP/1.1" 200 559 2 Nacos-Java-Client:v1.4.2 -
127.0.0.1 - - [18/Aug/2022:14:08:24 +0800] "GET /nacos/v1/ns/instance/list?app=unknown&healthyOnly=false&namespaceId=9561f0ac-36a7-43b0-bcb3-9e34865b3d70&clientIP=172.31.48.1&serviceName=dev%40%40commons&udpPort=61205&clusters=DEFAULT HTTP/1.1" 200 559 2 Nacos-Java-Client:v1.4.2 -
127.0.0.1 - - [18/Aug/2022:14:08:31 +0800] "POST /nacos/v1/cs/configs/listener HTTP/1.1" 200 - 29514 Java/17.0.2 -
127.0.0.1 - - [18/Aug/2022:14:08:34 +0800] "GET /nacos/v1/ns/instance/list?app=unknown&healthyOnly=false&namespaceId=9561f0ac-36a7-43b0-bcb3-9e34865b3d70&clientIP=172.31.48.1&serviceName=dev%40%40commons&udpPort=61205&clusters=DEFAULT HTTP/1.1" 200 559 2 Nacos-Java-Client:v1.4.2 -
127.0.0.1 - - [18/Aug/2022:14:08:44 +0800] "GET /nacos/v1/ns/instance/list?app=unknown&healthyOnly=false&namespaceId=9561f0ac-36a7-43b0-bcb3-9e34865b3d70&clientIP=172.31.48.1&serviceName=dev%40%40commons&udpPort=61205&clusters=DEFAULT HTTP/1.1" 200 559 2 Nacos-Java-Client:v1.4.2 -
127.0.0.1 - - [18/Aug/2022:14:08:54 +0800] "GET /nacos/v1/ns/instance/list?app=unknown&healthyOnly=false&namespaceId=9561f0ac-36a7-43b0-bcb3-9e34865b3d70&clientIP=172.31.48.1&serviceName=dev%40%40commons&udpPort=61205&clusters=DEFAULT HTTP/1.1" 200 559 2 Nacos-Java-Client:v1.4.2 -
127.0.0.1 - - [18/Aug/2022:14:09:00 +0800] "POST /nacos/v1/cs/configs/listener HTTP/1.1" 200 - 29505 Java/17.0.2 -
127.0.0.1 - - [18/Aug/2022:14:09:04 +0800] "GET /nacos/v1/ns/instance/list?app=unknown&healthyOnly=false&namespaceId=9561f0ac-36a7-43b0-bcb3-9e34865b3d70&clientIP=172.31.48.1&serviceName=dev%40%40commons&udpPort=61205&clusters=DEFAULT HTTP/1.1" 200 559 2 Nacos-Java-Client:v1.4.2 -
127.0.0.1 - - [18/Aug/2022:14:09:14 +0800] "GET /nacos/v1/ns/instance/list?app=unknown&healthyOnly=false&namespaceId=9561f0ac-36a7-43b0-bcb3-9e34865b3d70&clientIP=172.31.48.1&serviceName=dev%40%40commons&udpPort=61205&clusters=DEFAULT HTTP/1.1" 200 559 2 Nacos-Java-Client:v1.4.2 -
127.0.0.1 - - [18/Aug/2022:14:09:24 +0800] "GET /nacos/v1/ns/instance/list?app=unknown&healthyOnly=false&namespaceId=9561f0ac-36a7-43b0-bcb3-9e34865b3d70&clientIP=172.31.48.1&serviceName=dev%40%40commons&udpPort=61205&clusters=DEFAULT HTTP/1.1" 200 559 2 Nacos-Java-Client:v1.4.2 -
127.0.0.1 - - [18/Aug/2022:14:09:30 +0800] "POST /nacos/v1/cs/configs/listener HTTP/1.1" 200 - 29512 Java/17.0.2 -
127.0.0.1 - - [18/Aug/2022:14:09:34 +0800] "GET /nacos/v1/ns/instance/list?app=unknown&healthyOnly=false&namespaceId=9561f0ac-36a7-43b0-bcb3-9e34865b3d70&clientIP=172.31.48.1&serviceName=dev%40%40commons&udpPort=61205&clusters=DEFAULT HTTP/1.1" 200 559 1 Nacos-Java-Client:v1.4.2 -
127.0.0.1 - - [18/Aug/2022:14:09:44 +0800] "GET /nacos/v1/ns/instance/list?app=unknown&healthyOnly=false&namespaceId=9561f0ac-36a7-43b0-bcb3-9e34865b3d70&clientIP=172.31.48.1&serviceName=dev%40%40commons&udpPort=61205&clusters=DEFAULT HTTP/1.1" 200 559 2 Nacos-Java-Client:v1.4.2 -
127.0.0.1 - - [18/Aug/2022:14:09:54 +0800] "GET /nacos/v1/ns/instance/list?app=unknown&healthyOnly=false&namespaceId=9561f0ac-36a7-43b0-bcb3-9e34865b3d70&clientIP=172.31.48.1&serviceName=dev%40%40commons&udpPort=61205&clusters=DEFAULT HTTP/1.1" 200 559 2 Nacos-Java-Client:v1.4.2 -
127.0.0.1 - - [18/Aug/2022:14:09:59 +0800] "POST /nacos/v1/cs/configs/listener HTTP/1.1" 200 - 29512 Java/17.0.2 -
127.0.0.1 - - [18/Aug/2022:14:10:04 +0800] "GET /nacos/v1/ns/instance/list?app=unknown&healthyOnly=false&namespaceId=9561f0ac-36a7-43b0-bcb3-9e34865b3d70&clientIP=172.31.48.1&serviceName=dev%40%40commons&udpPort=61205&clusters=DEFAULT HTTP/1.1" 200 559 4 Nacos-Java-Client:v1.4.2 -
127.0.0.1 - - [18/Aug/2022:14:10:11 +0800] "GET /nacos/v1/cs/configs?dataId=framework&tenant=9561f0ac-36a7-43b0-bcb3-9e34865b3d70&group=dev HTTP/1.1" 404 23 2 Java/17.0.2 -
127.0.0.1 - - [18/Aug/2022:14:10:11 +0800] "GET /nacos/v1/cs/configs?dataId=framework.yaml&tenant=9561f0ac-36a7-43b0-bcb3-9e34865b3d70&group=dev HTTP/1.1" 404 23 3 Java/17.0.2 -
127.0.0.1 - - [18/Aug/2022:14:10:11 +0800] "GET /nacos/v1/cs/configs?dataId=framework-dev.yaml&tenant=9561f0ac-36a7-43b0-bcb3-9e34865b3d70&group=dev HTTP/1.1" 200 608 4 Java/17.0.2 -
127.0.0.1 - - [18/Aug/2022:14:10:14 +0800] "GET /nacos/v1/ns/instance/list?app=unknown&healthyOnly=false&namespaceId=9561f0ac-36a7-43b0-bcb3-9e34865b3d70&clientIP=172.31.48.1&serviceName=dev%40%40commons&udpPort=61205&clusters=DEFAULT HTTP/1.1" 200 559 2 Nacos-Java-Client:v1.4.2 -
127.0.0.1 - - [18/Aug/2022:14:10:20 +0800] "GET /nacos/v1/ns/instance/list?app=unknown&healthyOnly=false&namespaceId=9561f0ac-36a7-43b0-bcb3-9e34865b3d70&clientIP=172.31.48.1&serviceName=dev%40%40framework&udpPort=57552&clusters=DEFAULT HTTP/1.1" 200 566 3 Nacos-Java-Client:v1.4.2 -
127.0.0.1 - - [18/Aug/2022:14:10:20 +0800] "POST /nacos/v1/ns/instance?app=unknown&groupName=dev&metadata=%7B%22preserved.register.source%22%3A%22SPRING_CLOUD%22%7D&namespaceId=9561f0ac-36a7-43b0-bcb3-9e34865b3d70&port=8082&enable=true&healthy=true&clusterName=DEFAULT&ip=192.168.12.194&weight=1.0&ephemeral=false&serviceName=dev%40%40framework HTTP/1.1" 200 2 4 Nacos-Java-Client:v1.4.2 -
127.0.0.1 - - [18/Aug/2022:14:10:21 +0800] "GET /nacos/v1/ns/instance/list?app=unknown&healthyOnly=false&namespaceId=9561f0ac-36a7-43b0-bcb3-9e34865b3d70&clientIP=172.31.48.1&serviceName=dev%40%40framework&udpPort=57552&clusters=DEFAULT HTTP/1.1" 200 565 2 Nacos-Java-Client:v1.4.2 -
127.0.0.1 - - [18/Aug/2022:14:10:22 +0800] "POST /nacos/v1/cs/configs/listener HTTP/1.1" 200 - 2 Java/17.0.2 -
127.0.0.1 - - [18/Aug/2022:14:10:22 +0800] "GET /nacos/v1/ns/operator/metrics?app=unknown&namespaceId=9561f0ac-36a7-43b0-bcb3-9e34865b3d70 HTTP/1.1" 200 25 1 Nacos-Java-Client:v1.4.2 -
127.0.0.1 - - [18/Aug/2022:14:10:22 +0800] "GET /nacos/v1/ns/service/list?app=unknown&pageSize=2147483647&groupName=dev&namespaceId=9561f0ac-36a7-43b0-bcb3-9e34865b3d70&pageNo=1 HTTP/1.1" 200 53 2 Nacos-Java-Client:v1.4.2 -
127.0.0.1 - - [18/Aug/2022:14:10:24 +0800] "GET /nacos/v1/ns/instance/list?app=unknown&healthyOnly=false&namespaceId=9561f0ac-36a7-43b0-bcb3-9e34865b3d70&clientIP=172.31.48.1&serviceName=dev%40%40commons&udpPort=61205&clusters=DEFAULT HTTP/1.1" 200 559 4 Nacos-Java-Client:v1.4.2 -
192.168.12.194 - - [18/Aug/2022:14:10:28 +0800] "GET /nacos/v1/cs/configs?dataId=commons-dev&group=dev&namespaceId=9561f0ac-36a7-43b0-bcb3-9e34865b3d70&tenant=9561f0ac-36a7-43b0-bcb3-9e34865b3d70&beta=true&message=true&accessToken=eyJhbGciOiJIUzI1NiJ9.eyJzdWIiOiJuYWNvcyIsImV4cCI6MTY2MDU2MzU5N30.T2AdWdxJugbOcmHpcws5TQPbKOC4YQbp52LxTU3DLoI&username=nacos HTTP/1.1" 200 60 10 Mozilla/5.0 (Windows NT 10.0; Win64; x64) AppleWebKit/537.36 (KHTML, like Gecko) Chrome/104.0.0.0 Safari/537.36 -
192.168.12.194 - - [18/Aug/2022:14:10:28 +0800] "GET /nacos/v1/cs/configs?dataId=commons-dev&group=dev&namespaceId=9561f0ac-36a7-43b0-bcb3-9e34865b3d70&tenant=9561f0ac-36a7-43b0-bcb3-9e34865b3d70&show=all&message=true&accessToken=eyJhbGciOiJIUzI1NiJ9.eyJzdWIiOiJuYWNvcyIsImV4cCI6MTY2MDU2MzU5N30.T2AdWdxJugbOcmHpcws5TQPbKOC4YQbp52LxTU3DLoI&username=nacos HTTP/1.1" 200 1062 17 Mozilla/5.0 (Windows NT 10.0; Win64; x64) AppleWebKit/537.36 (KHTML, like Gecko) Chrome/104.0.0.0 Safari/537.36 -
192.168.12.194 - - [18/Aug/2022:14:10:29 +0800] "GET /nacos/console-ui/public/js/vs/basic-languages/src/yaml.js HTTP/1.1" 304 - 3 Mozilla/5.0 (Windows NT 10.0; Win64; x64) AppleWebKit/537.36 (KHTML, like Gecko) Chrome/104.0.0.0 Safari/537.36 -
192.168.12.194 - - [18/Aug/2022:14:10:29 +0800] "GET /nacos/console-ui/public/js/vs/base/worker/workerMain.js HTTP/1.1" 304 - 4 Mozilla/5.0 (Windows NT 10.0; Win64; x64) AppleWebKit/537.36 (KHTML, like Gecko) Chrome/104.0.0.0 Safari/537.36 -
192.168.12.194 - - [18/Aug/2022:14:10:29 +0800] "GET /nacos/v1/cs/communication/configWatchers?&dataId=commons-dev&tenant=9561f0ac-36a7-43b0-bcb3-9e34865b3d70&group=dev HTTP/1.1" 200 41 222 Java/17.0.2 -
192.168.12.194 - - [18/Aug/2022:14:10:29 +0800] "GET /nacos/v1/cs/configs/listener?dataId=commons-dev&group=dev&namespaceId=9561f0ac-36a7-43b0-bcb3-9e34865b3d70&tenant=9561f0ac-36a7-43b0-bcb3-9e34865b3d70&message=true&accessToken=eyJhbGciOiJIUzI1NiJ9.eyJzdWIiOiJuYWNvcyIsImV4cCI6MTY2MDU2MzU5N30.T2AdWdxJugbOcmHpcws5TQPbKOC4YQbp52LxTU3DLoI&username=nacos HTTP/1.1" 200 61 248 Mozilla/5.0 (Windows NT 10.0; Win64; x64) AppleWebKit/537.36 (KHTML, like Gecko) Chrome/104.0.0.0 Safari/537.36 -
127.0.0.1 - - [18/Aug/2022:14:10:29 +0800] "POST /nacos/v1/cs/configs/listener HTTP/1.1" 200 - 29506 Java/17.0.2 -
127.0.0.1 - - [18/Aug/2022:14:10:31 +0800] "GET /nacos/v1/ns/instance/list?app=unknown&healthyOnly=false&namespaceId=9561f0ac-36a7-43b0-bcb3-9e34865b3d70&clientIP=172.31.48.1&serviceName=dev%40%40framework&udpPort=57552&clusters=DEFAULT HTTP/1.1" 200 565 2 Nacos-Java-Client:v1.4.2 -
192.168.12.194 - - [18/Aug/2022:14:10:33 +0800] "GET /nacos/v1/cs/configs?dataId=&group=&appName=&config_tags=&pageNo=1&pageSize=10&tenant=9561f0ac-36a7-43b0-bcb3-9e34865b3d70&search=accurate&message=true&accessToken=eyJhbGciOiJIUzI1NiJ9.eyJzdWIiOiJuYWNvcyIsImV4cCI6MTY2MDU2MzU5N30.T2AdWdxJugbOcmHpcws5TQPbKOC4YQbp52LxTU3DLoI&username=nacos HTTP/1.1" 200 3414 5 Mozilla/5.0 (Windows NT 10.0; Win64; x64) AppleWebKit/537.36 (KHTML, like Gecko) Chrome/104.0.0.0 Safari/537.36 -
127.0.0.1 - - [18/Aug/2022:14:10:34 +0800] "GET /nacos/v1/ns/instance/list?app=unknown&healthyOnly=false&namespaceId=9561f0ac-36a7-43b0-bcb3-9e34865b3d70&clientIP=172.31.48.1&serviceName=dev%40%40commons&udpPort=61205&clusters=DEFAULT HTTP/1.1" 200 559 2 Nacos-Java-Client:v1.4.2 -
127.0.0.1 - - [18/Aug/2022:14:10:41 +0800] "GET /nacos/v1/ns/instance/list?app=unknown&healthyOnly=false&namespaceId=9561f0ac-36a7-43b0-bcb3-9e34865b3d70&clientIP=172.31.48.1&serviceName=dev%40%40framework&udpPort=57552&clusters=DEFAULT HTTP/1.1" 200 565 2 Nacos-Java-Client:v1.4.2 -
127.0.0.1 - - [18/Aug/2022:14:10:44 +0800] "GET /nacos/v1/ns/instance/list?app=unknown&healthyOnly=false&namespaceId=9561f0ac-36a7-43b0-bcb3-9e34865b3d70&clientIP=172.31.48.1&serviceName=dev%40%40commons&udpPort=61205&clusters=DEFAULT HTTP/1.1" 200 559 2 Nacos-Java-Client:v1.4.2 -
127.0.0.1 - - [18/Aug/2022:14:10:51 +0800] "GET /nacos/v1/ns/instance/list?app=unknown&healthyOnly=false&namespaceId=9561f0ac-36a7-43b0-bcb3-9e34865b3d70&clientIP=172.31.48.1&serviceName=dev%40%40framework&udpPort=57552&clusters=DEFAULT HTTP/1.1" 200 565 2 Nacos-Java-Client:v1.4.2 -
127.0.0.1 - - [18/Aug/2022:14:10:51 +0800] "POST /nacos/v1/cs/configs/listener HTTP/1.1" 200 - 29503 Java/17.0.2 -
127.0.0.1 - - [18/Aug/2022:14:10:54 +0800] "GET /nacos/v1/ns/instance/list?app=unknown&healthyOnly=false&namespaceId=9561f0ac-36a7-43b0-bcb3-9e34865b3d70&clientIP=172.31.48.1&serviceName=dev%40%40commons&udpPort=61205&clusters=DEFAULT HTTP/1.1" 200 559 2 Nacos-Java-Client:v1.4.2 -
127.0.0.1 - - [18/Aug/2022:14:10:58 +0800] "POST /nacos/v1/cs/configs/listener HTTP/1.1" 200 - 29503 Java/17.0.2 -
127.0.0.1 - - [18/Aug/2022:14:11:01 +0800] "GET /nacos/v1/ns/instance/list?app=unknown&healthyOnly=false&namespaceId=9561f0ac-36a7-43b0-bcb3-9e34865b3d70&clientIP=172.31.48.1&serviceName=dev%40%40framework&udpPort=57552&clusters=DEFAULT HTTP/1.1" 200 565 2 Nacos-Java-Client:v1.4.2 -
127.0.0.1 - - [18/Aug/2022:14:11:04 +0800] "GET /nacos/v1/ns/instance/list?app=unknown&healthyOnly=false&namespaceId=9561f0ac-36a7-43b0-bcb3-9e34865b3d70&clientIP=172.31.48.1&serviceName=dev%40%40commons&udpPort=61205&clusters=DEFAULT HTTP/1.1" 200 559 2 Nacos-Java-Client:v1.4.2 -
127.0.0.1 - - [18/Aug/2022:14:11:11 +0800] "GET /nacos/v1/ns/instance/list?app=unknown&healthyOnly=false&namespaceId=9561f0ac-36a7-43b0-bcb3-9e34865b3d70&clientIP=172.31.48.1&serviceName=dev%40%40framework&udpPort=57552&clusters=DEFAULT HTTP/1.1" 200 565 2 Nacos-Java-Client:v1.4.2 -
127.0.0.1 - - [18/Aug/2022:14:11:14 +0800] "GET /nacos/v1/ns/instance/list?app=unknown&healthyOnly=false&namespaceId=9561f0ac-36a7-43b0-bcb3-9e34865b3d70&clientIP=172.31.48.1&serviceName=dev%40%40commons&udpPort=61205&clusters=DEFAULT HTTP/1.1" 200 559 2 Nacos-Java-Client:v1.4.2 -
127.0.0.1 - - [18/Aug/2022:14:11:21 +0800] "POST /nacos/v1/cs/configs/listener HTTP/1.1" 200 - 29515 Java/17.0.2 -
127.0.0.1 - - [18/Aug/2022:14:11:21 +0800] "GET /nacos/v1/ns/instance/list?app=unknown&healthyOnly=false&namespaceId=9561f0ac-36a7-43b0-bcb3-9e34865b3d70&clientIP=172.31.48.1&serviceName=dev%40%40framework&udpPort=57552&clusters=DEFAULT HTTP/1.1" 200 565 2 Nacos-Java-Client:v1.4.2 -
127.0.0.1 - - [18/Aug/2022:14:11:24 +0800] "GET /nacos/v1/ns/instance/list?app=unknown&healthyOnly=false&namespaceId=9561f0ac-36a7-43b0-bcb3-9e34865b3d70&clientIP=172.31.48.1&serviceName=dev%40%40commons&udpPort=61205&clusters=DEFAULT HTTP/1.1" 200 559 3 Nacos-Java-Client:v1.4.2 -
192.168.12.194 - - [18/Aug/2022:14:11:24 +0800] "GET /nacos/v1/cs/configs?accessToken=eyJhbGciOiJIUzI1NiJ9.eyJzdWIiOiJuYWNvcyIsImV4cCI6MTY2MDU2MzU5N30.T2AdWdxJugbOcmHpcws5TQPbKOC4YQbp52LxTU3DLoI&message=true&show=all&dataId=oauth2&group=dev&tenant=9561f0ac-36a7-43b0-bcb3-9e34865b3d70&namespaceId=9561f0ac-36a7-43b0-bcb3-9e34865b3d70 HTTP/1.1" 200 - 4 Mozilla/5.0 (Windows NT 10.0; Win64; x64) AppleWebKit/537.36 (KHTML, like Gecko) Chrome/104.0.0.0 Safari/537.36 -
192.168.12.194 - - [18/Aug/2022:14:11:24 +0800] "POST /nacos/v1/cs/configs?accessToken=eyJhbGciOiJIUzI1NiJ9.eyJzdWIiOiJuYWNvcyIsImV4cCI6MTY2MDU2MzU5N30.T2AdWdxJugbOcmHpcws5TQPbKOC4YQbp52LxTU3DLoI&message=true HTTP/1.1" 200 14 141 Mozilla/5.0 (Windows NT 10.0; Win64; x64) AppleWebKit/537.36 (KHTML, like Gecko) Chrome/104.0.0.0 Safari/537.36 -
192.168.12.194 - - [18/Aug/2022:14:11:24 +0800] "GET /nacos/v1/cs/configs?dataId=&group=&appName=&config_tags=&pageNo=1&pageSize=10&tenant=9561f0ac-36a7-43b0-bcb3-9e34865b3d70&search=accurate&message=true&accessToken=eyJhbGciOiJIUzI1NiJ9.eyJzdWIiOiJuYWNvcyIsImV4cCI6MTY2MDU2MzU5N30.T2AdWdxJugbOcmHpcws5TQPbKOC4YQbp52LxTU3DLoI&username=nacos HTTP/1.1" 200 4262 5 Mozilla/5.0 (Windows NT 10.0; Win64; x64) AppleWebKit/537.36 (KHTML, like Gecko) Chrome/104.0.0.0 Safari/537.36 -
127.0.0.1 - - [18/Aug/2022:14:11:28 +0800] "POST /nacos/v1/cs/configs/listener HTTP/1.1" 200 - 29513 Java/17.0.2 -
192.168.12.194 - - [18/Aug/2022:14:11:29 +0800] "DELETE /nacos/v1/cs/configs?dataId=oauth2&group=dev&tenant=9561f0ac-36a7-43b0-bcb3-9e34865b3d70&accessToken=eyJhbGciOiJIUzI1NiJ9.eyJzdWIiOiJuYWNvcyIsImV4cCI6MTY2MDU2MzU5N30.T2AdWdxJugbOcmHpcws5TQPbKOC4YQbp52LxTU3DLoI&message=true HTTP/1.1" 200 14 27 Mozilla/5.0 (Windows NT 10.0; Win64; x64) AppleWebKit/537.36 (KHTML, like Gecko) Chrome/104.0.0.0 Safari/537.36 -
192.168.12.194 - - [18/Aug/2022:14:11:29 +0800] "GET /nacos/v1/cs/configs?dataId=&group=&appName=&config_tags=&pageNo=1&pageSize=10&tenant=9561f0ac-36a7-43b0-bcb3-9e34865b3d70&search=accurate&message=true&accessToken=eyJhbGciOiJIUzI1NiJ9.eyJzdWIiOiJuYWNvcyIsImV4cCI6MTY2MDU2MzU5N30.T2AdWdxJugbOcmHpcws5TQPbKOC4YQbp52LxTU3DLoI&username=nacos HTTP/1.1" 200 3414 6 Mozilla/5.0 (Windows NT 10.0; Win64; x64) AppleWebKit/537.36 (KHTML, like Gecko) Chrome/104.0.0.0 Safari/537.36 -
127.0.0.1 - - [18/Aug/2022:14:11:31 +0800] "GET /nacos/v1/ns/instance/list?app=unknown&healthyOnly=false&namespaceId=9561f0ac-36a7-43b0-bcb3-9e34865b3d70&clientIP=172.31.48.1&serviceName=dev%40%40framework&udpPort=57552&clusters=DEFAULT HTTP/1.1" 200 565 3 Nacos-Java-Client:v1.4.2 -
127.0.0.1 - - [18/Aug/2022:14:11:34 +0800] "GET /nacos/v1/ns/instance/list?app=unknown&healthyOnly=false&namespaceId=9561f0ac-36a7-43b0-bcb3-9e34865b3d70&clientIP=172.31.48.1&serviceName=dev%40%40commons&udpPort=61205&clusters=DEFAULT HTTP/1.1" 200 559 1 Nacos-Java-Client:v1.4.2 -
127.0.0.1 - - [18/Aug/2022:14:11:41 +0800] "GET /nacos/v1/ns/instance/list?app=unknown&healthyOnly=false&namespaceId=9561f0ac-36a7-43b0-bcb3-9e34865b3d70&clientIP=172.31.48.1&serviceName=dev%40%40framework&udpPort=57552&clusters=DEFAULT HTTP/1.1" 200 565 2 Nacos-Java-Client:v1.4.2 -
192.168.12.194 - - [18/Aug/2022:14:11:42 +0800] "GET /nacos/v1/cs/configs?accessToken=eyJhbGciOiJIUzI1NiJ9.eyJzdWIiOiJuYWNvcyIsImV4cCI6MTY2MDU2MzU5N30.T2AdWdxJugbOcmHpcws5TQPbKOC4YQbp52LxTU3DLoI&message=true&show=all&dataId=oauth2-dev&group=dev&tenant=9561f0ac-36a7-43b0-bcb3-9e34865b3d70&namespaceId=9561f0ac-36a7-43b0-bcb3-9e34865b3d70 HTTP/1.1" 200 - 2 Mozilla/5.0 (Windows NT 10.0; Win64; x64) AppleWebKit/537.36 (KHTML, like Gecko) Chrome/104.0.0.0 Safari/537.36 -
192.168.12.194 - - [18/Aug/2022:14:11:42 +0800] "POST /nacos/v1/cs/configs?accessToken=eyJhbGciOiJIUzI1NiJ9.eyJzdWIiOiJuYWNvcyIsImV4cCI6MTY2MDU2MzU5N30.T2AdWdxJugbOcmHpcws5TQPbKOC4YQbp52LxTU3DLoI&message=true HTTP/1.1" 200 14 7 Mozilla/5.0 (Windows NT 10.0; Win64; x64) AppleWebKit/537.36 (KHTML, like Gecko) Chrome/104.0.0.0 Safari/537.36 -
192.168.12.194 - - [18/Aug/2022:14:11:43 +0800] "GET /nacos/v1/cs/configs?dataId=&group=&appName=&config_tags=&pageNo=1&pageSize=10&tenant=9561f0ac-36a7-43b0-bcb3-9e34865b3d70&search=accurate&message=true&accessToken=eyJhbGciOiJIUzI1NiJ9.eyJzdWIiOiJuYWNvcyIsImV4cCI6MTY2MDU2MzU5N30.T2AdWdxJugbOcmHpcws5TQPbKOC4YQbp52LxTU3DLoI&username=nacos HTTP/1.1" 200 4266 5 Mozilla/5.0 (Windows NT 10.0; Win64; x64) AppleWebKit/537.36 (KHTML, like Gecko) Chrome/104.0.0.0 Safari/537.36 -
127.0.0.1 - - [18/Aug/2022:14:11:44 +0800] "GET /nacos/v1/ns/instance/list?app=unknown&healthyOnly=false&namespaceId=9561f0ac-36a7-43b0-bcb3-9e34865b3d70&clientIP=172.31.48.1&serviceName=dev%40%40commons&udpPort=61205&clusters=DEFAULT HTTP/1.1" 200 559 3 Nacos-Java-Client:v1.4.2 -
127.0.0.1 - - [18/Aug/2022:14:11:50 +0800] "POST /nacos/v1/cs/configs/listener HTTP/1.1" 200 - 29511 Java/17.0.2 -
127.0.0.1 - - [18/Aug/2022:14:11:51 +0800] "GET /nacos/v1/ns/instance/list?app=unknown&healthyOnly=false&namespaceId=9561f0ac-36a7-43b0-bcb3-9e34865b3d70&clientIP=172.31.48.1&serviceName=dev%40%40framework&udpPort=57552&clusters=DEFAULT HTTP/1.1" 200 565 3 Nacos-Java-Client:v1.4.2 -
127.0.0.1 - - [18/Aug/2022:14:11:54 +0800] "GET /nacos/v1/ns/instance/list?app=unknown&healthyOnly=false&namespaceId=9561f0ac-36a7-43b0-bcb3-9e34865b3d70&clientIP=172.31.48.1&serviceName=dev%40%40commons&udpPort=61205&clusters=DEFAULT HTTP/1.1" 200 559 1 Nacos-Java-Client:v1.4.2 -
192.168.12.194 - - [18/Aug/2022:14:11:57 +0800] "GET /nacos/v1/cs/configs?accessToken=eyJhbGciOiJIUzI1NiJ9.eyJzdWIiOiJuYWNvcyIsImV4cCI6MTY2MDU2MzU5N30.T2AdWdxJugbOcmHpcws5TQPbKOC4YQbp52LxTU3DLoI&message=true&show=all&dataId=oauth2-dev.yaml&group=dev&tenant=9561f0ac-36a7-43b0-bcb3-9e34865b3d70&namespaceId=9561f0ac-36a7-43b0-bcb3-9e34865b3d70 HTTP/1.1" 200 - 3 Mozilla/5.0 (Windows NT 10.0; Win64; x64) AppleWebKit/537.36 (KHTML, like Gecko) Chrome/104.0.0.0 Safari/537.36 -
192.168.12.194 - - [18/Aug/2022:14:11:57 +0800] "POST /nacos/v1/cs/configs?accessToken=eyJhbGciOiJIUzI1NiJ9.eyJzdWIiOiJuYWNvcyIsImV4cCI6MTY2MDU2MzU5N30.T2AdWdxJugbOcmHpcws5TQPbKOC4YQbp52LxTU3DLoI&message=true HTTP/1.1" 200 14 6 Mozilla/5.0 (Windows NT 10.0; Win64; x64) AppleWebKit/537.36 (KHTML, like Gecko) Chrome/104.0.0.0 Safari/537.36 -
127.0.0.1 - - [18/Aug/2022:14:11:57 +0800] "POST /nacos/v1/cs/configs/listener HTTP/1.1" 200 - 29512 Java/17.0.2 -
192.168.12.194 - - [18/Aug/2022:14:11:57 +0800] "GET /nacos/v1/cs/configs?dataId=&group=&appName=&config_tags=&pageNo=1&pageSize=10&tenant=9561f0ac-36a7-43b0-bcb3-9e34865b3d70&search=accurate&message=true&accessToken=eyJhbGciOiJIUzI1NiJ9.eyJzdWIiOiJuYWNvcyIsImV4cCI6MTY2MDU2MzU5N30.T2AdWdxJugbOcmHpcws5TQPbKOC4YQbp52LxTU3DLoI&username=nacos HTTP/1.1" 200 5122 5 Mozilla/5.0 (Windows NT 10.0; Win64; x64) AppleWebKit/537.36 (KHTML, like Gecko) Chrome/104.0.0.0 Safari/537.36 -
127.0.0.1 - - [18/Aug/2022:14:12:01 +0800] "GET /nacos/v1/ns/instance/list?app=unknown&healthyOnly=false&namespaceId=9561f0ac-36a7-43b0-bcb3-9e34865b3d70&clientIP=172.31.48.1&serviceName=dev%40%40framework&udpPort=57552&clusters=DEFAULT HTTP/1.1" 200 565 3 Nacos-Java-Client:v1.4.2 -
127.0.0.1 - - [18/Aug/2022:14:12:04 +0800] "GET /nacos/v1/ns/instance/list?app=unknown&healthyOnly=false&namespaceId=9561f0ac-36a7-43b0-bcb3-9e34865b3d70&clientIP=172.31.48.1&serviceName=dev%40%40commons&udpPort=61205&clusters=DEFAULT HTTP/1.1" 200 559 2 Nacos-Java-Client:v1.4.2 -
127.0.0.1 - - [18/Aug/2022:14:12:11 +0800] "GET /nacos/v1/ns/instance/list?app=unknown&healthyOnly=false&namespaceId=9561f0ac-36a7-43b0-bcb3-9e34865b3d70&clientIP=172.31.48.1&serviceName=dev%40%40framework&udpPort=57552&clusters=DEFAULT HTTP/1.1" 200 565 1 Nacos-Java-Client:v1.4.2 -
127.0.0.1 - - [18/Aug/2022:14:12:14 +0800] "GET /nacos/v1/ns/instance/list?app=unknown&healthyOnly=false&namespaceId=9561f0ac-36a7-43b0-bcb3-9e34865b3d70&clientIP=172.31.48.1&serviceName=dev%40%40commons&udpPort=61205&clusters=DEFAULT HTTP/1.1" 200 559 2 Nacos-Java-Client:v1.4.2 -
192.168.12.194 - - [18/Aug/2022:14:12:17 +0800] "GET /nacos/v1/cs/configs?dataId=oauth2-dev.yaml&group=dev&namespaceId=9561f0ac-36a7-43b0-bcb3-9e34865b3d70&tenant=9561f0ac-36a7-43b0-bcb3-9e34865b3d70&beta=true&message=true&accessToken=eyJhbGciOiJIUzI1NiJ9.eyJzdWIiOiJuYWNvcyIsImV4cCI6MTY2MDU2MzU5N30.T2AdWdxJugbOcmHpcws5TQPbKOC4YQbp52LxTU3DLoI&username=nacos HTTP/1.1" 200 60 5 Mozilla/5.0 (Windows NT 10.0; Win64; x64) AppleWebKit/537.36 (KHTML, like Gecko) Chrome/104.0.0.0 Safari/537.36 -
192.168.12.194 - - [18/Aug/2022:14:12:17 +0800] "GET /nacos/v1/cs/configs?dataId=oauth2-dev.yaml&group=dev&namespaceId=9561f0ac-36a7-43b0-bcb3-9e34865b3d70&tenant=9561f0ac-36a7-43b0-bcb3-9e34865b3d70&show=all&message=true&accessToken=eyJhbGciOiJIUzI1NiJ9.eyJzdWIiOiJuYWNvcyIsImV4cCI6MTY2MDU2MzU5N30.T2AdWdxJugbOcmHpcws5TQPbKOC4YQbp52LxTU3DLoI&username=nacos HTTP/1.1" 200 1064 3 Mozilla/5.0 (Windows NT 10.0; Win64; x64) AppleWebKit/537.36 (KHTML, like Gecko) Chrome/104.0.0.0 Safari/537.36 -
192.168.12.194 - - [18/Aug/2022:14:12:17 +0800] "GET /nacos/v1/cs/communication/configWatchers?&dataId=oauth2-dev.yaml&tenant=9561f0ac-36a7-43b0-bcb3-9e34865b3d70&group=dev HTTP/1.1" 200 41 217 Java/17.0.2 -
192.168.12.194 - - [18/Aug/2022:14:12:17 +0800] "GET /nacos/v1/cs/configs/listener?dataId=oauth2-dev.yaml&group=dev&namespaceId=9561f0ac-36a7-43b0-bcb3-9e34865b3d70&tenant=9561f0ac-36a7-43b0-bcb3-9e34865b3d70&message=true&accessToken=eyJhbGciOiJIUzI1NiJ9.eyJzdWIiOiJuYWNvcyIsImV4cCI6MTY2MDU2MzU5N30.T2AdWdxJugbOcmHpcws5TQPbKOC4YQbp52LxTU3DLoI&username=nacos HTTP/1.1" 200 61 223 Mozilla/5.0 (Windows NT 10.0; Win64; x64) AppleWebKit/537.36 (KHTML, like Gecko) Chrome/104.0.0.0 Safari/537.36 -
127.0.0.1 - - [18/Aug/2022:14:12:20 +0800] "POST /nacos/v1/cs/configs/listener HTTP/1.1" 200 - 29507 Java/17.0.2 -
192.168.12.194 - - [18/Aug/2022:14:12:21 +0800] "GET /nacos/v1/cs/configs?dataId=&group=&appName=&config_tags=&pageNo=1&pageSize=10&tenant=9561f0ac-36a7-43b0-bcb3-9e34865b3d70&search=accurate&message=true&accessToken=eyJhbGciOiJIUzI1NiJ9.eyJzdWIiOiJuYWNvcyIsImV4cCI6MTY2MDU2MzU5N30.T2AdWdxJugbOcmHpcws5TQPbKOC4YQbp52LxTU3DLoI&username=nacos HTTP/1.1" 200 5122 5 Mozilla/5.0 (Windows NT 10.0; Win64; x64) AppleWebKit/537.36 (KHTML, like Gecko) Chrome/104.0.0.0 Safari/537.36 -
127.0.0.1 - - [18/Aug/2022:14:12:21 +0800] "GET /nacos/v1/ns/instance/list?app=unknown&healthyOnly=false&namespaceId=9561f0ac-36a7-43b0-bcb3-9e34865b3d70&clientIP=172.31.48.1&serviceName=dev%40%40framework&udpPort=57552&clusters=DEFAULT HTTP/1.1" 200 565 2 Nacos-Java-Client:v1.4.2 -
127.0.0.1 - - [18/Aug/2022:14:12:24 +0800] "GET /nacos/v1/ns/instance/list?app=unknown&healthyOnly=false&namespaceId=9561f0ac-36a7-43b0-bcb3-9e34865b3d70&clientIP=172.31.48.1&serviceName=dev%40%40commons&udpPort=61205&clusters=DEFAULT HTTP/1.1" 200 559 2 Nacos-Java-Client:v1.4.2 -
127.0.0.1 - - [18/Aug/2022:14:12:27 +0800] "POST /nacos/v1/cs/configs/listener HTTP/1.1" 200 - 29504 Java/17.0.2 -
127.0.0.1 - - [18/Aug/2022:14:12:31 +0800] "GET /nacos/v1/ns/instance/list?app=unknown&healthyOnly=false&namespaceId=9561f0ac-36a7-43b0-bcb3-9e34865b3d70&clientIP=172.31.48.1&serviceName=dev%40%40framework&udpPort=57552&clusters=DEFAULT HTTP/1.1" 200 565 3 Nacos-Java-Client:v1.4.2 -
127.0.0.1 - - [18/Aug/2022:14:12:34 +0800] "GET /nacos/v1/ns/instance/list?app=unknown&healthyOnly=false&namespaceId=9561f0ac-36a7-43b0-bcb3-9e34865b3d70&clientIP=172.31.48.1&serviceName=dev%40%40commons&udpPort=61205&clusters=DEFAULT HTTP/1.1" 200 559 1 Nacos-Java-Client:v1.4.2 -
192.168.12.194 - - [18/Aug/2022:14:12:40 +0800] "GET /nacos/v1/cs/configs?accessToken=eyJhbGciOiJIUzI1NiJ9.eyJzdWIiOiJuYWNvcyIsImV4cCI6MTY2MDU2MzU5N30.T2AdWdxJugbOcmHpcws5TQPbKOC4YQbp52LxTU3DLoI&message=true&show=all&dataId=company-dev&group=dev&tenant=9561f0ac-36a7-43b0-bcb3-9e34865b3d70&namespaceId=9561f0ac-36a7-43b0-bcb3-9e34865b3d70 HTTP/1.1" 200 - 3 Mozilla/5.0 (Windows NT 10.0; Win64; x64) AppleWebKit/537.36 (KHTML, like Gecko) Chrome/104.0.0.0 Safari/537.36 -
192.168.12.194 - - [18/Aug/2022:14:12:40 +0800] "POST /nacos/v1/cs/configs?accessToken=eyJhbGciOiJIUzI1NiJ9.eyJzdWIiOiJuYWNvcyIsImV4cCI6MTY2MDU2MzU5N30.T2AdWdxJugbOcmHpcws5TQPbKOC4YQbp52LxTU3DLoI&message=true HTTP/1.1" 200 14 8 Mozilla/5.0 (Windows NT 10.0; Win64; x64) AppleWebKit/537.36 (KHTML, like Gecko) Chrome/104.0.0.0 Safari/537.36 -
192.168.12.194 - - [18/Aug/2022:14:12:40 +0800] "GET /nacos/v1/cs/configs?dataId=&group=&appName=&config_tags=&pageNo=1&pageSize=10&tenant=9561f0ac-36a7-43b0-bcb3-9e34865b3d70&search=accurate&message=true&accessToken=eyJhbGciOiJIUzI1NiJ9.eyJzdWIiOiJuYWNvcyIsImV4cCI6MTY2MDU2MzU5N30.T2AdWdxJugbOcmHpcws5TQPbKOC4YQbp52LxTU3DLoI&username=nacos HTTP/1.1" 200 5975 6 Mozilla/5.0 (Windows NT 10.0; Win64; x64) AppleWebKit/537.36 (KHTML, like Gecko) Chrome/104.0.0.0 Safari/537.36 -
127.0.0.1 - - [18/Aug/2022:14:12:41 +0800] "GET /nacos/v1/ns/instance/list?app=unknown&healthyOnly=false&namespaceId=9561f0ac-36a7-43b0-bcb3-9e34865b3d70&clientIP=172.31.48.1&serviceName=dev%40%40framework&udpPort=57552&clusters=DEFAULT HTTP/1.1" 200 565 2 Nacos-Java-Client:v1.4.2 -
127.0.0.1 - - [18/Aug/2022:14:12:44 +0800] "GET /nacos/v1/ns/instance/list?app=unknown&healthyOnly=false&namespaceId=9561f0ac-36a7-43b0-bcb3-9e34865b3d70&clientIP=172.31.48.1&serviceName=dev%40%40commons&udpPort=61205&clusters=DEFAULT HTTP/1.1" 200 559 3 Nacos-Java-Client:v1.4.2 -
127.0.0.1 - - [18/Aug/2022:14:12:49 +0800] "POST /nacos/v1/cs/configs/listener HTTP/1.1" 200 - 29506 Java/17.0.2 -
127.0.0.1 - - [18/Aug/2022:14:12:51 +0800] "GET /nacos/v1/ns/instance/list?app=unknown&healthyOnly=false&namespaceId=9561f0ac-36a7-43b0-bcb3-9e34865b3d70&clientIP=172.31.48.1&serviceName=dev%40%40framework&udpPort=57552&clusters=DEFAULT HTTP/1.1" 200 565 2 Nacos-Java-Client:v1.4.2 -
127.0.0.1 - - [18/Aug/2022:14:12:54 +0800] "GET /nacos/v1/ns/instance/list?app=unknown&healthyOnly=false&namespaceId=9561f0ac-36a7-43b0-bcb3-9e34865b3d70&clientIP=172.31.48.1&serviceName=dev%40%40commons&udpPort=61205&clusters=DEFAULT HTTP/1.1" 200 559 2 Nacos-Java-Client:v1.4.2 -
127.0.0.1 - - [18/Aug/2022:14:12:56 +0800] "POST /nacos/v1/cs/configs/listener HTTP/1.1" 200 - 29517 Java/17.0.2 -
127.0.0.1 - - [18/Aug/2022:14:13:01 +0800] "GET /nacos/v1/ns/instance/list?app=unknown&healthyOnly=false&namespaceId=9561f0ac-36a7-43b0-bcb3-9e34865b3d70&clientIP=172.31.48.1&serviceName=dev%40%40framework&udpPort=57552&clusters=DEFAULT HTTP/1.1" 200 565 1 Nacos-Java-Client:v1.4.2 -
192.168.12.194 - - [18/Aug/2022:14:13:02 +0800] "GET /nacos/v1/cs/configs?accessToken=eyJhbGciOiJIUzI1NiJ9.eyJzdWIiOiJuYWNvcyIsImV4cCI6MTY2MDU2MzU5N30.T2AdWdxJugbOcmHpcws5TQPbKOC4YQbp52LxTU3DLoI&message=true&show=all&dataId=company-dev.yaml&group=dev&tenant=9561f0ac-36a7-43b0-bcb3-9e34865b3d70&namespaceId=9561f0ac-36a7-43b0-bcb3-9e34865b3d70 HTTP/1.1" 200 - 3 Mozilla/5.0 (Windows NT 10.0; Win64; x64) AppleWebKit/537.36 (KHTML, like Gecko) Chrome/104.0.0.0 Safari/537.36 -
192.168.12.194 - - [18/Aug/2022:14:13:02 +0800] "POST /nacos/v1/cs/configs?accessToken=eyJhbGciOiJIUzI1NiJ9.eyJzdWIiOiJuYWNvcyIsImV4cCI6MTY2MDU2MzU5N30.T2AdWdxJugbOcmHpcws5TQPbKOC4YQbp52LxTU3DLoI&message=true HTTP/1.1" 200 14 9 Mozilla/5.0 (Windows NT 10.0; Win64; x64) AppleWebKit/537.36 (KHTML, like Gecko) Chrome/104.0.0.0 Safari/537.36 -
192.168.12.194 - - [18/Aug/2022:14:13:03 +0800] "GET /nacos/v1/cs/configs?dataId=&group=&appName=&config_tags=&pageNo=1&pageSize=10&tenant=9561f0ac-36a7-43b0-bcb3-9e34865b3d70&search=accurate&message=true&accessToken=eyJhbGciOiJIUzI1NiJ9.eyJzdWIiOiJuYWNvcyIsImV4cCI6MTY2MDU2MzU5N30.T2AdWdxJugbOcmHpcws5TQPbKOC4YQbp52LxTU3DLoI&username=nacos HTTP/1.1" 200 6833 6 Mozilla/5.0 (Windows NT 10.0; Win64; x64) AppleWebKit/537.36 (KHTML, like Gecko) Chrome/104.0.0.0 Safari/537.36 -
127.0.0.1 - - [18/Aug/2022:14:13:04 +0800] "GET /nacos/v1/ns/instance/list?app=unknown&healthyOnly=false&namespaceId=9561f0ac-36a7-43b0-bcb3-9e34865b3d70&clientIP=172.31.48.1&serviceName=dev%40%40commons&udpPort=61205&clusters=DEFAULT HTTP/1.1" 200 559 1 Nacos-Java-Client:v1.4.2 -
127.0.0.1 - - [18/Aug/2022:14:13:11 +0800] "GET /nacos/v1/ns/instance/list?app=unknown&healthyOnly=false&namespaceId=9561f0ac-36a7-43b0-bcb3-9e34865b3d70&clientIP=172.31.48.1&serviceName=dev%40%40framework&udpPort=57552&clusters=DEFAULT HTTP/1.1" 200 565 2 Nacos-Java-Client:v1.4.2 -
127.0.0.1 - - [18/Aug/2022:14:13:14 +0800] "GET /nacos/v1/ns/instance/list?app=unknown&healthyOnly=false&namespaceId=9561f0ac-36a7-43b0-bcb3-9e34865b3d70&clientIP=172.31.48.1&serviceName=dev%40%40commons&udpPort=61205&clusters=DEFAULT HTTP/1.1" 200 559 2 Nacos-Java-Client:v1.4.2 -
192.168.12.194 - - [18/Aug/2022:14:13:15 +0800] "GET /nacos/v1/ns/catalog/services?hasIpCount=true&withInstances=false&pageNo=1&pageSize=10&serviceNameParam=&groupNameParam=&accessToken=eyJhbGciOiJIUzI1NiJ9.eyJzdWIiOiJuYWNvcyIsImV4cCI6MTY2MDU2MzU5N30.T2AdWdxJugbOcmHpcws5TQPbKOC4YQbp52LxTU3DLoI&message=true&namespaceId=9561f0ac-36a7-43b0-bcb3-9e34865b3d70 HTTP/1.1" 200 266 9 Mozilla/5.0 (Windows NT 10.0; Win64; x64) AppleWebKit/537.36 (KHTML, like Gecko) Chrome/104.0.0.0 Safari/537.36 -
192.168.12.194 - - [18/Aug/2022:14:13:17 +0800] "GET /nacos/v1/ns/catalog/services?hasIpCount=true&withInstances=false&pageNo=1&pageSize=10&serviceNameParam=&groupNameParam=&accessToken=eyJhbGciOiJIUzI1NiJ9.eyJzdWIiOiJuYWNvcyIsImV4cCI6MTY2MDU2MzU5N30.T2AdWdxJugbOcmHpcws5TQPbKOC4YQbp52LxTU3DLoI&message=true&namespaceId= HTTP/1.1" 200 39 3 Mozilla/5.0 (Windows NT 10.0; Win64; x64) AppleWebKit/537.36 (KHTML, like Gecko) Chrome/104.0.0.0 Safari/537.36 -
192.168.12.194 - - [18/Aug/2022:14:13:17 +0800] "GET /nacos/v1/ns/catalog/services?hasIpCount=true&withInstances=false&pageNo=1&pageSize=10&serviceNameParam=&groupNameParam=&accessToken=eyJhbGciOiJIUzI1NiJ9.eyJzdWIiOiJuYWNvcyIsImV4cCI6MTY2MDU2MzU5N30.T2AdWdxJugbOcmHpcws5TQPbKOC4YQbp52LxTU3DLoI&message=true&namespaceId=9561f0ac-36a7-43b0-bcb3-9e34865b3d70 HTTP/1.1" 200 266 2 Mozilla/5.0 (Windows NT 10.0; Win64; x64) AppleWebKit/537.36 (KHTML, like Gecko) Chrome/104.0.0.0 Safari/537.36 -
127.0.0.1 - - [18/Aug/2022:14:13:19 +0800] "POST /nacos/v1/cs/configs/listener HTTP/1.1" 200 - 29510 Java/17.0.2 -
192.168.12.194 - - [18/Aug/2022:14:13:21 +0800] "GET /nacos/v1/cs/configs?dataId=&group=&appName=&config_tags=&pageNo=1&pageSize=10&tenant=9561f0ac-36a7-43b0-bcb3-9e34865b3d70&search=accurate&message=true&accessToken=eyJhbGciOiJIUzI1NiJ9.eyJzdWIiOiJuYWNvcyIsImV4cCI6MTY2MDU2MzU5N30.T2AdWdxJugbOcmHpcws5TQPbKOC4YQbp52LxTU3DLoI&username=nacos HTTP/1.1" 200 6833 6 Mozilla/5.0 (Windows NT 10.0; Win64; x64) AppleWebKit/537.36 (KHTML, like Gecko) Chrome/104.0.0.0 Safari/537.36 -
127.0.0.1 - - [18/Aug/2022:14:13:21 +0800] "GET /nacos/v1/ns/instance/list?app=unknown&healthyOnly=false&namespaceId=9561f0ac-36a7-43b0-bcb3-9e34865b3d70&clientIP=172.31.48.1&serviceName=dev%40%40framework&udpPort=57552&clusters=DEFAULT HTTP/1.1" 200 565 3 Nacos-Java-Client:v1.4.2 -
127.0.0.1 - - [18/Aug/2022:14:13:24 +0800] "GET /nacos/v1/ns/instance/list?app=unknown&healthyOnly=false&namespaceId=9561f0ac-36a7-43b0-bcb3-9e34865b3d70&clientIP=172.31.48.1&serviceName=dev%40%40commons&udpPort=61205&clusters=DEFAULT HTTP/1.1" 200 559 2 Nacos-Java-Client:v1.4.2 -
127.0.0.1 - - [18/Aug/2022:14:13:26 +0800] "POST /nacos/v1/cs/configs/listener HTTP/1.1" 200 - 29508 Java/17.0.2 -
127.0.0.1 - - [18/Aug/2022:14:13:31 +0800] "GET /nacos/v1/ns/instance/list?app=unknown&healthyOnly=false&namespaceId=9561f0ac-36a7-43b0-bcb3-9e34865b3d70&clientIP=172.31.48.1&serviceName=dev%40%40framework&udpPort=57552&clusters=DEFAULT HTTP/1.1" 200 565 2 Nacos-Java-Client:v1.4.2 -
127.0.0.1 - - [18/Aug/2022:14:13:34 +0800] "GET /nacos/v1/ns/instance/list?app=unknown&healthyOnly=false&namespaceId=9561f0ac-36a7-43b0-bcb3-9e34865b3d70&clientIP=172.31.48.1&serviceName=dev%40%40commons&udpPort=61205&clusters=DEFAULT HTTP/1.1" 200 559 2 Nacos-Java-Client:v1.4.2 -
127.0.0.1 - - [18/Aug/2022:14:13:41 +0800] "GET /nacos/v1/ns/instance/list?app=unknown&healthyOnly=false&namespaceId=9561f0ac-36a7-43b0-bcb3-9e34865b3d70&clientIP=172.31.48.1&serviceName=dev%40%40framework&udpPort=57552&clusters=DEFAULT HTTP/1.1" 200 565 2 Nacos-Java-Client:v1.4.2 -
127.0.0.1 - - [18/Aug/2022:14:13:44 +0800] "GET /nacos/v1/ns/instance/list?app=unknown&healthyOnly=false&namespaceId=9561f0ac-36a7-43b0-bcb3-9e34865b3d70&clientIP=172.31.48.1&serviceName=dev%40%40commons&udpPort=61205&clusters=DEFAULT HTTP/1.1" 200 559 2 Nacos-Java-Client:v1.4.2 -
127.0.0.1 - - [18/Aug/2022:14:13:48 +0800] "POST /nacos/v1/cs/configs/listener HTTP/1.1" 200 - 29508 Java/17.0.2 -
127.0.0.1 - - [18/Aug/2022:14:13:51 +0800] "GET /nacos/v1/ns/instance/list?app=unknown&healthyOnly=false&namespaceId=9561f0ac-36a7-43b0-bcb3-9e34865b3d70&clientIP=172.31.48.1&serviceName=dev%40%40framework&udpPort=57552&clusters=DEFAULT HTTP/1.1" 200 565 2 Nacos-Java-Client:v1.4.2 -
127.0.0.1 - - [18/Aug/2022:14:13:54 +0800] "GET /nacos/v1/ns/instance/list?app=unknown&healthyOnly=false&namespaceId=9561f0ac-36a7-43b0-bcb3-9e34865b3d70&clientIP=172.31.48.1&serviceName=dev%40%40commons&udpPort=61205&clusters=DEFAULT HTTP/1.1" 200 559 3 Nacos-Java-Client:v1.4.2 -
127.0.0.1 - - [18/Aug/2022:14:13:55 +0800] "POST /nacos/v1/cs/configs/listener HTTP/1.1" 200 - 29513 Java/17.0.2 -
127.0.0.1 - - [18/Aug/2022:14:14:01 +0800] "GET /nacos/v1/ns/instance/list?app=unknown&healthyOnly=false&namespaceId=9561f0ac-36a7-43b0-bcb3-9e34865b3d70&clientIP=172.31.48.1&serviceName=dev%40%40framework&udpPort=57552&clusters=DEFAULT HTTP/1.1" 200 565 2 Nacos-Java-Client:v1.4.2 -
