127.0.0.1 - - [17/Aug/2022:15:21:26 +0800] "GET /nacos/v1/ns/instance/list?app=unknown&healthyOnly=false&namespaceId=9561f0ac-36a7-43b0-bcb3-9e34865b3d70&clientIP=172.31.48.1&serviceName=dev%40%40commons&udpPort=61304&clusters=DEFAULT HTTP/1.1" 200 559 4 Nacos-Java-Client:v1.4.2 -
127.0.0.1 - - [17/Aug/2022:15:21:35 +0800] "POST /nacos/v1/cs/configs/listener HTTP/1.1" 200 - 29517 Java/17.0.2 -
127.0.0.1 - - [17/Aug/2022:15:21:36 +0800] "GET /nacos/v1/ns/instance/list?app=unknown&healthyOnly=false&namespaceId=9561f0ac-36a7-43b0-bcb3-9e34865b3d70&clientIP=172.31.48.1&serviceName=dev%40%40commons&udpPort=61304&clusters=DEFAULT HTTP/1.1" 200 559 3 Nacos-Java-Client:v1.4.2 -
127.0.0.1 - - [17/Aug/2022:15:21:46 +0800] "GET /nacos/v1/ns/instance/list?app=unknown&healthyOnly=false&namespaceId=9561f0ac-36a7-43b0-bcb3-9e34865b3d70&clientIP=172.31.48.1&serviceName=dev%40%40commons&udpPort=61304&clusters=DEFAULT HTTP/1.1" 200 559 4 Nacos-Java-Client:v1.4.2 -
127.0.0.1 - - [17/Aug/2022:15:21:56 +0800] "GET /nacos/v1/ns/instance/list?app=unknown&healthyOnly=false&namespaceId=9561f0ac-36a7-43b0-bcb3-9e34865b3d70&clientIP=172.31.48.1&serviceName=dev%40%40commons&udpPort=61304&clusters=DEFAULT HTTP/1.1" 200 559 3 Nacos-Java-Client:v1.4.2 -
127.0.0.1 - - [17/Aug/2022:15:22:05 +0800] "POST /nacos/v1/cs/configs/listener HTTP/1.1" 200 - 29515 Java/17.0.2 -
127.0.0.1 - - [17/Aug/2022:15:22:06 +0800] "GET /nacos/v1/ns/instance/list?app=unknown&healthyOnly=false&namespaceId=9561f0ac-36a7-43b0-bcb3-9e34865b3d70&clientIP=172.31.48.1&serviceName=dev%40%40commons&udpPort=61304&clusters=DEFAULT HTTP/1.1" 200 559 2 Nacos-Java-Client:v1.4.2 -
127.0.0.1 - - [17/Aug/2022:15:22:16 +0800] "GET /nacos/v1/ns/instance/list?app=unknown&healthyOnly=false&namespaceId=9561f0ac-36a7-43b0-bcb3-9e34865b3d70&clientIP=172.31.48.1&serviceName=dev%40%40commons&udpPort=61304&clusters=DEFAULT HTTP/1.1" 200 559 4 Nacos-Java-Client:v1.4.2 -
127.0.0.1 - - [17/Aug/2022:15:22:26 +0800] "GET /nacos/v1/ns/instance/list?app=unknown&healthyOnly=false&namespaceId=9561f0ac-36a7-43b0-bcb3-9e34865b3d70&clientIP=172.31.48.1&serviceName=dev%40%40commons&udpPort=61304&clusters=DEFAULT HTTP/1.1" 200 559 5 Nacos-Java-Client:v1.4.2 -
127.0.0.1 - - [17/Aug/2022:15:22:34 +0800] "POST /nacos/v1/cs/configs/listener HTTP/1.1" 200 - 29515 Java/17.0.2 -
127.0.0.1 - - [17/Aug/2022:15:22:36 +0800] "GET /nacos/v1/ns/instance/list?app=unknown&healthyOnly=false&namespaceId=9561f0ac-36a7-43b0-bcb3-9e34865b3d70&clientIP=172.31.48.1&serviceName=dev%40%40commons&udpPort=61304&clusters=DEFAULT HTTP/1.1" 200 559 3 Nacos-Java-Client:v1.4.2 -
127.0.0.1 - - [17/Aug/2022:15:22:46 +0800] "GET /nacos/v1/ns/instance/list?app=unknown&healthyOnly=false&namespaceId=9561f0ac-36a7-43b0-bcb3-9e34865b3d70&clientIP=172.31.48.1&serviceName=dev%40%40commons&udpPort=61304&clusters=DEFAULT HTTP/1.1" 200 559 1 Nacos-Java-Client:v1.4.2 -
127.0.0.1 - - [17/Aug/2022:15:22:56 +0800] "GET /nacos/v1/ns/instance/list?app=unknown&healthyOnly=false&namespaceId=9561f0ac-36a7-43b0-bcb3-9e34865b3d70&clientIP=172.31.48.1&serviceName=dev%40%40commons&udpPort=61304&clusters=DEFAULT HTTP/1.1" 200 559 1 Nacos-Java-Client:v1.4.2 -
127.0.0.1 - - [17/Aug/2022:15:23:04 +0800] "POST /nacos/v1/cs/configs/listener HTTP/1.1" 200 - 29512 Java/17.0.2 -
127.0.0.1 - - [17/Aug/2022:15:23:06 +0800] "GET /nacos/v1/ns/instance/list?app=unknown&healthyOnly=false&namespaceId=9561f0ac-36a7-43b0-bcb3-9e34865b3d70&clientIP=172.31.48.1&serviceName=dev%40%40commons&udpPort=61304&clusters=DEFAULT HTTP/1.1" 200 559 1 Nacos-Java-Client:v1.4.2 -
127.0.0.1 - - [17/Aug/2022:15:23:16 +0800] "GET /nacos/v1/ns/instance/list?app=unknown&healthyOnly=false&namespaceId=9561f0ac-36a7-43b0-bcb3-9e34865b3d70&clientIP=172.31.48.1&serviceName=dev%40%40commons&udpPort=61304&clusters=DEFAULT HTTP/1.1" 200 559 2 Nacos-Java-Client:v1.4.2 -
127.0.0.1 - - [17/Aug/2022:15:23:26 +0800] "GET /nacos/v1/ns/instance/list?app=unknown&healthyOnly=false&namespaceId=9561f0ac-36a7-43b0-bcb3-9e34865b3d70&clientIP=172.31.48.1&serviceName=dev%40%40commons&udpPort=61304&clusters=DEFAULT HTTP/1.1" 200 559 2 Nacos-Java-Client:v1.4.2 -
127.0.0.1 - - [17/Aug/2022:15:23:34 +0800] "POST /nacos/v1/cs/configs/listener HTTP/1.1" 200 - 29514 Java/17.0.2 -
127.0.0.1 - - [17/Aug/2022:15:23:36 +0800] "GET /nacos/v1/ns/instance/list?app=unknown&healthyOnly=false&namespaceId=9561f0ac-36a7-43b0-bcb3-9e34865b3d70&clientIP=172.31.48.1&serviceName=dev%40%40commons&udpPort=61304&clusters=DEFAULT HTTP/1.1" 200 559 5 Nacos-Java-Client:v1.4.2 -
127.0.0.1 - - [17/Aug/2022:15:23:46 +0800] "GET /nacos/v1/ns/instance/list?app=unknown&healthyOnly=false&namespaceId=9561f0ac-36a7-43b0-bcb3-9e34865b3d70&clientIP=172.31.48.1&serviceName=dev%40%40commons&udpPort=61304&clusters=DEFAULT HTTP/1.1" 200 559 3 Nacos-Java-Client:v1.4.2 -
127.0.0.1 - - [17/Aug/2022:15:23:56 +0800] "GET /nacos/v1/ns/instance/list?app=unknown&healthyOnly=false&namespaceId=9561f0ac-36a7-43b0-bcb3-9e34865b3d70&clientIP=172.31.48.1&serviceName=dev%40%40commons&udpPort=61304&clusters=DEFAULT HTTP/1.1" 200 559 1 Nacos-Java-Client:v1.4.2 -
127.0.0.1 - - [17/Aug/2022:15:24:03 +0800] "POST /nacos/v1/cs/configs/listener HTTP/1.1" 200 - 29513 Java/17.0.2 -
127.0.0.1 - - [17/Aug/2022:15:24:06 +0800] "GET /nacos/v1/ns/instance/list?app=unknown&healthyOnly=false&namespaceId=9561f0ac-36a7-43b0-bcb3-9e34865b3d70&clientIP=172.31.48.1&serviceName=dev%40%40commons&udpPort=61304&clusters=DEFAULT HTTP/1.1" 200 559 2 Nacos-Java-Client:v1.4.2 -
127.0.0.1 - - [17/Aug/2022:15:24:16 +0800] "GET /nacos/v1/ns/instance/list?app=unknown&healthyOnly=false&namespaceId=9561f0ac-36a7-43b0-bcb3-9e34865b3d70&clientIP=172.31.48.1&serviceName=dev%40%40commons&udpPort=61304&clusters=DEFAULT HTTP/1.1" 200 559 1 Nacos-Java-Client:v1.4.2 -
127.0.0.1 - - [17/Aug/2022:15:24:26 +0800] "GET /nacos/v1/ns/instance/list?app=unknown&healthyOnly=false&namespaceId=9561f0ac-36a7-43b0-bcb3-9e34865b3d70&clientIP=172.31.48.1&serviceName=dev%40%40commons&udpPort=61304&clusters=DEFAULT HTTP/1.1" 200 559 2 Nacos-Java-Client:v1.4.2 -
127.0.0.1 - - [17/Aug/2022:15:24:33 +0800] "POST /nacos/v1/cs/configs/listener HTTP/1.1" 200 - 29512 Java/17.0.2 -
127.0.0.1 - - [17/Aug/2022:15:24:36 +0800] "GET /nacos/v1/ns/instance/list?app=unknown&healthyOnly=false&namespaceId=9561f0ac-36a7-43b0-bcb3-9e34865b3d70&clientIP=172.31.48.1&serviceName=dev%40%40commons&udpPort=61304&clusters=DEFAULT HTTP/1.1" 200 559 1 Nacos-Java-Client:v1.4.2 -
127.0.0.1 - - [17/Aug/2022:15:24:46 +0800] "GET /nacos/v1/ns/instance/list?app=unknown&healthyOnly=false&namespaceId=9561f0ac-36a7-43b0-bcb3-9e34865b3d70&clientIP=172.31.48.1&serviceName=dev%40%40commons&udpPort=61304&clusters=DEFAULT HTTP/1.1" 200 559 2 Nacos-Java-Client:v1.4.2 -
127.0.0.1 - - [17/Aug/2022:15:24:57 +0800] "GET /nacos/v1/ns/instance/list?app=unknown&healthyOnly=false&namespaceId=9561f0ac-36a7-43b0-bcb3-9e34865b3d70&clientIP=172.31.48.1&serviceName=dev%40%40commons&udpPort=61304&clusters=DEFAULT HTTP/1.1" 200 559 10 Nacos-Java-Client:v1.4.2 -
127.0.0.1 - - [17/Aug/2022:15:25:02 +0800] "POST /nacos/v1/cs/configs/listener HTTP/1.1" 200 - 29505 Java/17.0.2 -
127.0.0.1 - - [17/Aug/2022:15:25:07 +0800] "GET /nacos/v1/ns/instance/list?app=unknown&healthyOnly=false&namespaceId=9561f0ac-36a7-43b0-bcb3-9e34865b3d70&clientIP=172.31.48.1&serviceName=dev%40%40commons&udpPort=61304&clusters=DEFAULT HTTP/1.1" 200 559 1 Nacos-Java-Client:v1.4.2 -
127.0.0.1 - - [17/Aug/2022:15:25:17 +0800] "GET /nacos/v1/ns/instance/list?app=unknown&healthyOnly=false&namespaceId=9561f0ac-36a7-43b0-bcb3-9e34865b3d70&clientIP=172.31.48.1&serviceName=dev%40%40commons&udpPort=61304&clusters=DEFAULT HTTP/1.1" 200 559 3 Nacos-Java-Client:v1.4.2 -
127.0.0.1 - - [17/Aug/2022:15:25:27 +0800] "GET /nacos/v1/ns/instance/list?app=unknown&healthyOnly=false&namespaceId=9561f0ac-36a7-43b0-bcb3-9e34865b3d70&clientIP=172.31.48.1&serviceName=dev%40%40commons&udpPort=61304&clusters=DEFAULT HTTP/1.1" 200 559 4 Nacos-Java-Client:v1.4.2 -
127.0.0.1 - - [17/Aug/2022:15:25:32 +0800] "POST /nacos/v1/cs/configs/listener HTTP/1.1" 200 - 29515 Java/17.0.2 -
0:0:0:0:0:0:0:1 - - [17/Aug/2022:15:25:35 +0800] "GET /nacos/v1/cs/configs?dataId=commons-dev&group=dev&namespaceId=9561f0ac-36a7-43b0-bcb3-9e34865b3d70&tenant=9561f0ac-36a7-43b0-bcb3-9e34865b3d70&beta=true&message=true&accessToken=eyJhbGciOiJIUzI1NiJ9.eyJzdWIiOiJuYWNvcyIsImV4cCI6MTY2MDM5MjgwMH0.rpowe1DB9HeI4H1bm1L39MpTFDVz2NCpRBItbgsWWKk&username=nacos HTTP/1.1" 200 60 3 Mozilla/5.0 (Windows NT 10.0; Win64; x64) AppleWebKit/537.36 (KHTML, like Gecko) Chrome/104.0.0.0 Safari/537.36 -
0:0:0:0:0:0:0:1 - - [17/Aug/2022:15:25:35 +0800] "GET /nacos/v1/cs/configs?dataId=commons-dev&group=dev&namespaceId=9561f0ac-36a7-43b0-bcb3-9e34865b3d70&tenant=9561f0ac-36a7-43b0-bcb3-9e34865b3d70&show=all&message=true&accessToken=eyJhbGciOiJIUzI1NiJ9.eyJzdWIiOiJuYWNvcyIsImV4cCI6MTY2MDM5MjgwMH0.rpowe1DB9HeI4H1bm1L39MpTFDVz2NCpRBItbgsWWKk&username=nacos HTTP/1.1" 200 1062 3 Mozilla/5.0 (Windows NT 10.0; Win64; x64) AppleWebKit/537.36 (KHTML, like Gecko) Chrome/104.0.0.0 Safari/537.36 -
192.168.12.194 - - [17/Aug/2022:15:25:35 +0800] "GET /nacos/v1/cs/communication/configWatchers?&dataId=commons-dev&tenant=9561f0ac-36a7-43b0-bcb3-9e34865b3d70&group=dev HTTP/1.1" 200 41 224 Java/17.0.2 -
0:0:0:0:0:0:0:1 - - [17/Aug/2022:15:25:35 +0800] "GET /nacos/v1/cs/configs/listener?dataId=commons-dev&group=dev&namespaceId=9561f0ac-36a7-43b0-bcb3-9e34865b3d70&tenant=9561f0ac-36a7-43b0-bcb3-9e34865b3d70&message=true&accessToken=eyJhbGciOiJIUzI1NiJ9.eyJzdWIiOiJuYWNvcyIsImV4cCI6MTY2MDM5MjgwMH0.rpowe1DB9HeI4H1bm1L39MpTFDVz2NCpRBItbgsWWKk&username=nacos HTTP/1.1" 200 61 229 Mozilla/5.0 (Windows NT 10.0; Win64; x64) AppleWebKit/537.36 (KHTML, like Gecko) Chrome/104.0.0.0 Safari/537.36 -
127.0.0.1 - - [17/Aug/2022:15:25:37 +0800] "GET /nacos/v1/ns/instance/list?app=unknown&healthyOnly=false&namespaceId=9561f0ac-36a7-43b0-bcb3-9e34865b3d70&clientIP=172.31.48.1&serviceName=dev%40%40commons&udpPort=61304&clusters=DEFAULT HTTP/1.1" 200 559 2 Nacos-Java-Client:v1.4.2 -
0:0:0:0:0:0:0:1 - - [17/Aug/2022:15:25:41 +0800] "GET /nacos/v1/cs/configs?dataId=&group=&appName=&config_tags=&pageNo=1&pageSize=10&tenant=9561f0ac-36a7-43b0-bcb3-9e34865b3d70&search=accurate&message=true&accessToken=eyJhbGciOiJIUzI1NiJ9.eyJzdWIiOiJuYWNvcyIsImV4cCI6MTY2MDM5MjgwMH0.rpowe1DB9HeI4H1bm1L39MpTFDVz2NCpRBItbgsWWKk&username=nacos HTTP/1.1" 200 1787 5 Mozilla/5.0 (Windows NT 10.0; Win64; x64) AppleWebKit/537.36 (KHTML, like Gecko) Chrome/104.0.0.0 Safari/537.36 -
127.0.0.1 - - [17/Aug/2022:15:25:47 +0800] "GET /nacos/v1/ns/instance/list?app=unknown&healthyOnly=false&namespaceId=9561f0ac-36a7-43b0-bcb3-9e34865b3d70&clientIP=172.31.48.1&serviceName=dev%40%40commons&udpPort=61304&clusters=DEFAULT HTTP/1.1" 200 559 2 Nacos-Java-Client:v1.4.2 -
127.0.0.1 - - [17/Aug/2022:15:25:57 +0800] "GET /nacos/v1/ns/instance/list?app=unknown&healthyOnly=false&namespaceId=9561f0ac-36a7-43b0-bcb3-9e34865b3d70&clientIP=172.31.48.1&serviceName=dev%40%40commons&udpPort=61304&clusters=DEFAULT HTTP/1.1" 200 559 2 Nacos-Java-Client:v1.4.2 -
127.0.0.1 - - [17/Aug/2022:15:26:01 +0800] "POST /nacos/v1/cs/configs/listener HTTP/1.1" 200 - 29504 Java/17.0.2 -
127.0.0.1 - - [17/Aug/2022:15:26:07 +0800] "GET /nacos/v1/ns/instance/list?app=unknown&healthyOnly=false&namespaceId=9561f0ac-36a7-43b0-bcb3-9e34865b3d70&clientIP=172.31.48.1&serviceName=dev%40%40commons&udpPort=61304&clusters=DEFAULT HTTP/1.1" 200 559 3 Nacos-Java-Client:v1.4.2 -
0:0:0:0:0:0:0:1 - - [17/Aug/2022:15:26:15 +0800] "GET /nacos/v1/cs/configs?accessToken=eyJhbGciOiJIUzI1NiJ9.eyJzdWIiOiJuYWNvcyIsImV4cCI6MTY2MDM5MjgwMH0.rpowe1DB9HeI4H1bm1L39MpTFDVz2NCpRBItbgsWWKk&message=true&show=all&dataId=framework-dev&group=dev&tenant=9561f0ac-36a7-43b0-bcb3-9e34865b3d70&namespaceId=9561f0ac-36a7-43b0-bcb3-9e34865b3d70 HTTP/1.1" 200 - 3 Mozilla/5.0 (Windows NT 10.0; Win64; x64) AppleWebKit/537.36 (KHTML, like Gecko) Chrome/104.0.0.0 Safari/537.36 -
0:0:0:0:0:0:0:1 - - [17/Aug/2022:15:26:15 +0800] "POST /nacos/v1/cs/configs?accessToken=eyJhbGciOiJIUzI1NiJ9.eyJzdWIiOiJuYWNvcyIsImV4cCI6MTY2MDM5MjgwMH0.rpowe1DB9HeI4H1bm1L39MpTFDVz2NCpRBItbgsWWKk&message=true HTTP/1.1" 200 14 10 Mozilla/5.0 (Windows NT 10.0; Win64; x64) AppleWebKit/537.36 (KHTML, like Gecko) Chrome/104.0.0.0 Safari/537.36 -
0:0:0:0:0:0:0:1 - - [17/Aug/2022:15:26:15 +0800] "GET /nacos/v1/cs/configs?dataId=&group=&appName=&config_tags=&pageNo=1&pageSize=10&tenant=9561f0ac-36a7-43b0-bcb3-9e34865b3d70&search=accurate&message=true&accessToken=eyJhbGciOiJIUzI1NiJ9.eyJzdWIiOiJuYWNvcyIsImV4cCI6MTY2MDM5MjgwMH0.rpowe1DB9HeI4H1bm1L39MpTFDVz2NCpRBItbgsWWKk&username=nacos HTTP/1.1" 200 2481 5 Mozilla/5.0 (Windows NT 10.0; Win64; x64) AppleWebKit/537.36 (KHTML, like Gecko) Chrome/104.0.0.0 Safari/537.36 -
127.0.0.1 - - [17/Aug/2022:15:26:17 +0800] "GET /nacos/v1/ns/instance/list?app=unknown&healthyOnly=false&namespaceId=9561f0ac-36a7-43b0-bcb3-9e34865b3d70&clientIP=172.31.48.1&serviceName=dev%40%40commons&udpPort=61304&clusters=DEFAULT HTTP/1.1" 200 559 2 Nacos-Java-Client:v1.4.2 -
127.0.0.1 - - [17/Aug/2022:15:26:27 +0800] "GET /nacos/v1/ns/instance/list?app=unknown&healthyOnly=false&namespaceId=9561f0ac-36a7-43b0-bcb3-9e34865b3d70&clientIP=172.31.48.1&serviceName=dev%40%40commons&udpPort=61304&clusters=DEFAULT HTTP/1.1" 200 559 4 Nacos-Java-Client:v1.4.2 -
127.0.0.1 - - [17/Aug/2022:15:26:31 +0800] "POST /nacos/v1/cs/configs/listener HTTP/1.1" 200 - 29507 Java/17.0.2 -
127.0.0.1 - - [17/Aug/2022:15:26:37 +0800] "GET /nacos/v1/ns/instance/list?app=unknown&healthyOnly=false&namespaceId=9561f0ac-36a7-43b0-bcb3-9e34865b3d70&clientIP=172.31.48.1&serviceName=dev%40%40commons&udpPort=61304&clusters=DEFAULT HTTP/1.1" 200 559 2 Nacos-Java-Client:v1.4.2 -
0:0:0:0:0:0:0:1 - - [17/Aug/2022:15:26:44 +0800] "GET /nacos/v1/cs/configs?dataId=framework-dev&group=dev&namespaceId=9561f0ac-36a7-43b0-bcb3-9e34865b3d70&tenant=9561f0ac-36a7-43b0-bcb3-9e34865b3d70&beta=true&message=true&accessToken=eyJhbGciOiJIUzI1NiJ9.eyJzdWIiOiJuYWNvcyIsImV4cCI6MTY2MDM5MjgwMH0.rpowe1DB9HeI4H1bm1L39MpTFDVz2NCpRBItbgsWWKk&username=nacos HTTP/1.1" 200 60 3 Mozilla/5.0 (Windows NT 10.0; Win64; x64) AppleWebKit/537.36 (KHTML, like Gecko) Chrome/104.0.0.0 Safari/537.36 -
0:0:0:0:0:0:0:1 - - [17/Aug/2022:15:26:44 +0800] "GET /nacos/v1/cs/configs?dataId=framework-dev&group=dev&namespaceId=9561f0ac-36a7-43b0-bcb3-9e34865b3d70&tenant=9561f0ac-36a7-43b0-bcb3-9e34865b3d70&show=all&message=true&accessToken=eyJhbGciOiJIUzI1NiJ9.eyJzdWIiOiJuYWNvcyIsImV4cCI6MTY2MDM5MjgwMH0.rpowe1DB9HeI4H1bm1L39MpTFDVz2NCpRBItbgsWWKk&username=nacos HTTP/1.1" 200 903 6 Mozilla/5.0 (Windows NT 10.0; Win64; x64) AppleWebKit/537.36 (KHTML, like Gecko) Chrome/104.0.0.0 Safari/537.36 -
192.168.12.194 - - [17/Aug/2022:15:26:44 +0800] "GET /nacos/v1/cs/communication/configWatchers?&dataId=framework-dev&tenant=9561f0ac-36a7-43b0-bcb3-9e34865b3d70&group=dev HTTP/1.1" 200 41 211 Java/17.0.2 -
0:0:0:0:0:0:0:1 - - [17/Aug/2022:15:26:44 +0800] "GET /nacos/v1/cs/configs/listener?dataId=framework-dev&group=dev&namespaceId=9561f0ac-36a7-43b0-bcb3-9e34865b3d70&tenant=9561f0ac-36a7-43b0-bcb3-9e34865b3d70&message=true&accessToken=eyJhbGciOiJIUzI1NiJ9.eyJzdWIiOiJuYWNvcyIsImV4cCI6MTY2MDM5MjgwMH0.rpowe1DB9HeI4H1bm1L39MpTFDVz2NCpRBItbgsWWKk&username=nacos HTTP/1.1" 200 61 218 Mozilla/5.0 (Windows NT 10.0; Win64; x64) AppleWebKit/537.36 (KHTML, like Gecko) Chrome/104.0.0.0 Safari/537.36 -
127.0.0.1 - - [17/Aug/2022:15:26:47 +0800] "GET /nacos/v1/ns/instance/list?app=unknown&healthyOnly=false&namespaceId=9561f0ac-36a7-43b0-bcb3-9e34865b3d70&clientIP=172.31.48.1&serviceName=dev%40%40commons&udpPort=61304&clusters=DEFAULT HTTP/1.1" 200 559 2 Nacos-Java-Client:v1.4.2 -
0:0:0:0:0:0:0:1 - - [17/Aug/2022:15:26:48 +0800] "GET /nacos/v1/cs/configs?dataId=&group=&appName=&config_tags=&pageNo=1&pageSize=10&tenant=9561f0ac-36a7-43b0-bcb3-9e34865b3d70&search=accurate&message=true&accessToken=eyJhbGciOiJIUzI1NiJ9.eyJzdWIiOiJuYWNvcyIsImV4cCI6MTY2MDM5MjgwMH0.rpowe1DB9HeI4H1bm1L39MpTFDVz2NCpRBItbgsWWKk&username=nacos HTTP/1.1" 200 2481 6 Mozilla/5.0 (Windows NT 10.0; Win64; x64) AppleWebKit/537.36 (KHTML, like Gecko) Chrome/104.0.0.0 Safari/537.36 -
127.0.0.1 - - [17/Aug/2022:15:26:57 +0800] "GET /nacos/v1/ns/instance/list?app=unknown&healthyOnly=false&namespaceId=9561f0ac-36a7-43b0-bcb3-9e34865b3d70&clientIP=172.31.48.1&serviceName=dev%40%40commons&udpPort=61304&clusters=DEFAULT HTTP/1.1" 200 559 2 Nacos-Java-Client:v1.4.2 -
127.0.0.1 - - [17/Aug/2022:15:27:00 +0800] "POST /nacos/v1/cs/configs/listener HTTP/1.1" 200 - 29509 Java/17.0.2 -
127.0.0.1 - - [17/Aug/2022:15:27:07 +0800] "GET /nacos/v1/ns/instance/list?app=unknown&healthyOnly=false&namespaceId=9561f0ac-36a7-43b0-bcb3-9e34865b3d70&clientIP=172.31.48.1&serviceName=dev%40%40commons&udpPort=61304&clusters=DEFAULT HTTP/1.1" 200 559 3 Nacos-Java-Client:v1.4.2 -
0:0:0:0:0:0:0:1 - - [17/Aug/2022:15:27:08 +0800] "GET /nacos/v1/cs/configs?accessToken=eyJhbGciOiJIUzI1NiJ9.eyJzdWIiOiJuYWNvcyIsImV4cCI6MTY2MDM5MjgwMH0.rpowe1DB9HeI4H1bm1L39MpTFDVz2NCpRBItbgsWWKk&message=true&show=all&dataId=framework-dev.yaml&group=dev&tenant=9561f0ac-36a7-43b0-bcb3-9e34865b3d70&namespaceId=9561f0ac-36a7-43b0-bcb3-9e34865b3d70 HTTP/1.1" 200 - 3 Mozilla/5.0 (Windows NT 10.0; Win64; x64) AppleWebKit/537.36 (KHTML, like Gecko) Chrome/104.0.0.0 Safari/537.36 -
0:0:0:0:0:0:0:1 - - [17/Aug/2022:15:27:08 +0800] "POST /nacos/v1/cs/configs?accessToken=eyJhbGciOiJIUzI1NiJ9.eyJzdWIiOiJuYWNvcyIsImV4cCI6MTY2MDM5MjgwMH0.rpowe1DB9HeI4H1bm1L39MpTFDVz2NCpRBItbgsWWKk&message=true HTTP/1.1" 200 14 7 Mozilla/5.0 (Windows NT 10.0; Win64; x64) AppleWebKit/537.36 (KHTML, like Gecko) Chrome/104.0.0.0 Safari/537.36 -
0:0:0:0:0:0:0:1 - - [17/Aug/2022:15:27:08 +0800] "GET /nacos/v1/cs/configs?dataId=&group=&appName=&config_tags=&pageNo=1&pageSize=10&tenant=9561f0ac-36a7-43b0-bcb3-9e34865b3d70&search=accurate&message=true&accessToken=eyJhbGciOiJIUzI1NiJ9.eyJzdWIiOiJuYWNvcyIsImV4cCI6MTY2MDM5MjgwMH0.rpowe1DB9HeI4H1bm1L39MpTFDVz2NCpRBItbgsWWKk&username=nacos HTTP/1.1" 200 3180 3 Mozilla/5.0 (Windows NT 10.0; Win64; x64) AppleWebKit/537.36 (KHTML, like Gecko) Chrome/104.0.0.0 Safari/537.36 -
127.0.0.1 - - [17/Aug/2022:15:27:17 +0800] "GET /nacos/v1/ns/instance/list?app=unknown&healthyOnly=false&namespaceId=9561f0ac-36a7-43b0-bcb3-9e34865b3d70&clientIP=172.31.48.1&serviceName=dev%40%40commons&udpPort=61304&clusters=DEFAULT HTTP/1.1" 200 559 2 Nacos-Java-Client:v1.4.2 -
127.0.0.1 - - [17/Aug/2022:15:27:27 +0800] "GET /nacos/v1/ns/instance/list?app=unknown&healthyOnly=false&namespaceId=9561f0ac-36a7-43b0-bcb3-9e34865b3d70&clientIP=172.31.48.1&serviceName=dev%40%40commons&udpPort=61304&clusters=DEFAULT HTTP/1.1" 200 559 4 Nacos-Java-Client:v1.4.2 -
127.0.0.1 - - [17/Aug/2022:15:27:28 +0800] "GET /nacos/v1/cs/configs?dataId=framework&tenant=9561f0ac-36a7-43b0-bcb3-9e34865b3d70&group=dev HTTP/1.1" 404 23 2 Java/17.0.2 -
127.0.0.1 - - [17/Aug/2022:15:27:28 +0800] "GET /nacos/v1/cs/configs?dataId=framework.yaml&tenant=9561f0ac-36a7-43b0-bcb3-9e34865b3d70&group=dev HTTP/1.1" 404 23 2 Java/17.0.2 -
127.0.0.1 - - [17/Aug/2022:15:27:28 +0800] "GET /nacos/v1/cs/configs?dataId=framework-dev.yaml&tenant=9561f0ac-36a7-43b0-bcb3-9e34865b3d70&group=dev HTTP/1.1" 200 484 3 Java/17.0.2 -
127.0.0.1 - - [17/Aug/2022:15:27:30 +0800] "POST /nacos/v1/cs/configs/listener HTTP/1.1" 200 - 29506 Java/17.0.2 -
127.0.0.1 - - [17/Aug/2022:15:27:37 +0800] "GET /nacos/v1/ns/instance/list?app=unknown&healthyOnly=false&namespaceId=9561f0ac-36a7-43b0-bcb3-9e34865b3d70&clientIP=172.31.48.1&serviceName=dev%40%40commons&udpPort=61304&clusters=DEFAULT HTTP/1.1" 200 559 2 Nacos-Java-Client:v1.4.2 -
127.0.0.1 - - [17/Aug/2022:15:27:47 +0800] "GET /nacos/v1/ns/instance/list?app=unknown&healthyOnly=false&namespaceId=9561f0ac-36a7-43b0-bcb3-9e34865b3d70&clientIP=172.31.48.1&serviceName=dev%40%40commons&udpPort=61304&clusters=DEFAULT HTTP/1.1" 200 559 1 Nacos-Java-Client:v1.4.2 -
127.0.0.1 - - [17/Aug/2022:15:27:57 +0800] "GET /nacos/v1/ns/instance/list?app=unknown&healthyOnly=false&namespaceId=9561f0ac-36a7-43b0-bcb3-9e34865b3d70&clientIP=172.31.48.1&serviceName=dev%40%40commons&udpPort=61304&clusters=DEFAULT HTTP/1.1" 200 559 2 Nacos-Java-Client:v1.4.2 -
127.0.0.1 - - [17/Aug/2022:15:27:59 +0800] "POST /nacos/v1/cs/configs/listener HTTP/1.1" 200 - 29515 Java/17.0.2 -
127.0.0.1 - - [17/Aug/2022:15:28:07 +0800] "GET /nacos/v1/ns/instance/list?app=unknown&healthyOnly=false&namespaceId=9561f0ac-36a7-43b0-bcb3-9e34865b3d70&clientIP=172.31.48.1&serviceName=dev%40%40commons&udpPort=61304&clusters=DEFAULT HTTP/1.1" 200 559 1 Nacos-Java-Client:v1.4.2 -
127.0.0.1 - - [17/Aug/2022:15:28:17 +0800] "GET /nacos/v1/ns/instance/list?app=unknown&healthyOnly=false&namespaceId=9561f0ac-36a7-43b0-bcb3-9e34865b3d70&clientIP=172.31.48.1&serviceName=dev%40%40commons&udpPort=61304&clusters=DEFAULT HTTP/1.1" 200 559 1 Nacos-Java-Client:v1.4.2 -
127.0.0.1 - - [17/Aug/2022:15:28:27 +0800] "GET /nacos/v1/ns/instance/list?app=unknown&healthyOnly=false&namespaceId=9561f0ac-36a7-43b0-bcb3-9e34865b3d70&clientIP=172.31.48.1&serviceName=dev%40%40commons&udpPort=61304&clusters=DEFAULT HTTP/1.1" 200 559 2 Nacos-Java-Client:v1.4.2 -
127.0.0.1 - - [17/Aug/2022:15:28:29 +0800] "POST /nacos/v1/cs/configs/listener HTTP/1.1" 200 - 29515 Java/17.0.2 -
127.0.0.1 - - [17/Aug/2022:15:28:37 +0800] "GET /nacos/v1/ns/instance/list?app=unknown&healthyOnly=false&namespaceId=9561f0ac-36a7-43b0-bcb3-9e34865b3d70&clientIP=172.31.48.1&serviceName=dev%40%40commons&udpPort=61304&clusters=DEFAULT HTTP/1.1" 200 559 4 Nacos-Java-Client:v1.4.2 -
127.0.0.1 - - [17/Aug/2022:15:28:47 +0800] "GET /nacos/v1/ns/instance/list?app=unknown&healthyOnly=false&namespaceId=9561f0ac-36a7-43b0-bcb3-9e34865b3d70&clientIP=172.31.48.1&serviceName=dev%40%40commons&udpPort=61304&clusters=DEFAULT HTTP/1.1" 200 559 2 Nacos-Java-Client:v1.4.2 -
127.0.0.1 - - [17/Aug/2022:15:28:57 +0800] "GET /nacos/v1/ns/instance/list?app=unknown&healthyOnly=false&namespaceId=9561f0ac-36a7-43b0-bcb3-9e34865b3d70&clientIP=172.31.48.1&serviceName=dev%40%40commons&udpPort=61304&clusters=DEFAULT HTTP/1.1" 200 559 1 Nacos-Java-Client:v1.4.2 -
127.0.0.1 - - [17/Aug/2022:15:28:58 +0800] "POST /nacos/v1/cs/configs/listener HTTP/1.1" 200 - 29508 Java/17.0.2 -
127.0.0.1 - - [17/Aug/2022:15:29:07 +0800] "GET /nacos/v1/ns/instance/list?app=unknown&healthyOnly=false&namespaceId=9561f0ac-36a7-43b0-bcb3-9e34865b3d70&clientIP=172.31.48.1&serviceName=dev%40%40commons&udpPort=61304&clusters=DEFAULT HTTP/1.1" 200 559 2 Nacos-Java-Client:v1.4.2 -
127.0.0.1 - - [17/Aug/2022:15:29:17 +0800] "GET /nacos/v1/ns/instance/list?app=unknown&healthyOnly=false&namespaceId=9561f0ac-36a7-43b0-bcb3-9e34865b3d70&clientIP=172.31.48.1&serviceName=dev%40%40commons&udpPort=61304&clusters=DEFAULT HTTP/1.1" 200 559 1 Nacos-Java-Client:v1.4.2 -
127.0.0.1 - - [17/Aug/2022:15:29:27 +0800] "GET /nacos/v1/ns/instance/list?app=unknown&healthyOnly=false&namespaceId=9561f0ac-36a7-43b0-bcb3-9e34865b3d70&clientIP=172.31.48.1&serviceName=dev%40%40commons&udpPort=61304&clusters=DEFAULT HTTP/1.1" 200 559 1 Nacos-Java-Client:v1.4.2 -
127.0.0.1 - - [17/Aug/2022:15:29:28 +0800] "POST /nacos/v1/cs/configs/listener HTTP/1.1" 200 - 29509 Java/17.0.2 -
127.0.0.1 - - [17/Aug/2022:15:29:37 +0800] "GET /nacos/v1/ns/instance/list?app=unknown&healthyOnly=false&namespaceId=9561f0ac-36a7-43b0-bcb3-9e34865b3d70&clientIP=172.31.48.1&serviceName=dev%40%40commons&udpPort=61304&clusters=DEFAULT HTTP/1.1" 200 559 3 Nacos-Java-Client:v1.4.2 -
127.0.0.1 - - [17/Aug/2022:15:29:47 +0800] "GET /nacos/v1/ns/instance/list?app=unknown&healthyOnly=false&namespaceId=9561f0ac-36a7-43b0-bcb3-9e34865b3d70&clientIP=172.31.48.1&serviceName=dev%40%40commons&udpPort=61304&clusters=DEFAULT HTTP/1.1" 200 559 2 Nacos-Java-Client:v1.4.2 -
127.0.0.1 - - [17/Aug/2022:15:29:57 +0800] "GET /nacos/v1/ns/instance/list?app=unknown&healthyOnly=false&namespaceId=9561f0ac-36a7-43b0-bcb3-9e34865b3d70&clientIP=172.31.48.1&serviceName=dev%40%40commons&udpPort=61304&clusters=DEFAULT HTTP/1.1" 200 559 2 Nacos-Java-Client:v1.4.2 -
127.0.0.1 - - [17/Aug/2022:15:29:57 +0800] "POST /nacos/v1/cs/configs/listener HTTP/1.1" 200 - 29512 Java/17.0.2 -
127.0.0.1 - - [17/Aug/2022:15:30:07 +0800] "GET /nacos/v1/ns/instance/list?app=unknown&healthyOnly=false&namespaceId=9561f0ac-36a7-43b0-bcb3-9e34865b3d70&clientIP=172.31.48.1&serviceName=dev%40%40commons&udpPort=61304&clusters=DEFAULT HTTP/1.1" 200 559 2 Nacos-Java-Client:v1.4.2 -
127.0.0.1 - - [17/Aug/2022:15:30:17 +0800] "GET /nacos/v1/ns/instance/list?app=unknown&healthyOnly=false&namespaceId=9561f0ac-36a7-43b0-bcb3-9e34865b3d70&clientIP=172.31.48.1&serviceName=dev%40%40commons&udpPort=61304&clusters=DEFAULT HTTP/1.1" 200 559 1 Nacos-Java-Client:v1.4.2 -
127.0.0.1 - - [17/Aug/2022:15:30:27 +0800] "POST /nacos/v1/cs/configs/listener HTTP/1.1" 200 - 29504 Java/17.0.2 -
127.0.0.1 - - [17/Aug/2022:15:30:27 +0800] "GET /nacos/v1/ns/instance/list?app=unknown&healthyOnly=false&namespaceId=9561f0ac-36a7-43b0-bcb3-9e34865b3d70&clientIP=172.31.48.1&serviceName=dev%40%40commons&udpPort=61304&clusters=DEFAULT HTTP/1.1" 200 559 2 Nacos-Java-Client:v1.4.2 -
127.0.0.1 - - [17/Aug/2022:15:30:37 +0800] "GET /nacos/v1/ns/instance/list?app=unknown&healthyOnly=false&namespaceId=9561f0ac-36a7-43b0-bcb3-9e34865b3d70&clientIP=172.31.48.1&serviceName=dev%40%40commons&udpPort=61304&clusters=DEFAULT HTTP/1.1" 200 559 3 Nacos-Java-Client:v1.4.2 -
127.0.0.1 - - [17/Aug/2022:15:30:47 +0800] "GET /nacos/v1/ns/instance/list?app=unknown&healthyOnly=false&namespaceId=9561f0ac-36a7-43b0-bcb3-9e34865b3d70&clientIP=172.31.48.1&serviceName=dev%40%40commons&udpPort=61304&clusters=DEFAULT HTTP/1.1" 200 559 2 Nacos-Java-Client:v1.4.2 -
127.0.0.1 - - [17/Aug/2022:15:30:56 +0800] "POST /nacos/v1/cs/configs/listener HTTP/1.1" 200 - 29502 Java/17.0.2 -
127.0.0.1 - - [17/Aug/2022:15:30:57 +0800] "GET /nacos/v1/ns/instance/list?app=unknown&healthyOnly=false&namespaceId=9561f0ac-36a7-43b0-bcb3-9e34865b3d70&clientIP=172.31.48.1&serviceName=dev%40%40commons&udpPort=61304&clusters=DEFAULT HTTP/1.1" 200 559 2 Nacos-Java-Client:v1.4.2 -
127.0.0.1 - - [17/Aug/2022:15:31:07 +0800] "GET /nacos/v1/ns/instance/list?app=unknown&healthyOnly=false&namespaceId=9561f0ac-36a7-43b0-bcb3-9e34865b3d70&clientIP=172.31.48.1&serviceName=dev%40%40commons&udpPort=61304&clusters=DEFAULT HTTP/1.1" 200 559 2 Nacos-Java-Client:v1.4.2 -
127.0.0.1 - - [17/Aug/2022:15:31:17 +0800] "GET /nacos/v1/ns/instance/list?app=unknown&healthyOnly=false&namespaceId=9561f0ac-36a7-43b0-bcb3-9e34865b3d70&clientIP=172.31.48.1&serviceName=dev%40%40commons&udpPort=61304&clusters=DEFAULT HTTP/1.1" 200 559 3 Nacos-Java-Client:v1.4.2 -
127.0.0.1 - - [17/Aug/2022:15:31:26 +0800] "POST /nacos/v1/cs/configs/listener HTTP/1.1" 200 - 29519 Java/17.0.2 -
127.0.0.1 - - [17/Aug/2022:15:31:27 +0800] "GET /nacos/v1/ns/instance/list?app=unknown&healthyOnly=false&namespaceId=9561f0ac-36a7-43b0-bcb3-9e34865b3d70&clientIP=172.31.48.1&serviceName=dev%40%40commons&udpPort=61304&clusters=DEFAULT HTTP/1.1" 200 559 1 Nacos-Java-Client:v1.4.2 -
127.0.0.1 - - [17/Aug/2022:15:31:37 +0800] "GET /nacos/v1/ns/instance/list?app=unknown&healthyOnly=false&namespaceId=9561f0ac-36a7-43b0-bcb3-9e34865b3d70&clientIP=172.31.48.1&serviceName=dev%40%40commons&udpPort=61304&clusters=DEFAULT HTTP/1.1" 200 559 3 Nacos-Java-Client:v1.4.2 -
127.0.0.1 - - [17/Aug/2022:15:31:47 +0800] "GET /nacos/v1/ns/instance/list?app=unknown&healthyOnly=false&namespaceId=9561f0ac-36a7-43b0-bcb3-9e34865b3d70&clientIP=172.31.48.1&serviceName=dev%40%40commons&udpPort=61304&clusters=DEFAULT HTTP/1.1" 200 559 3 Nacos-Java-Client:v1.4.2 -
127.0.0.1 - - [17/Aug/2022:15:31:55 +0800] "POST /nacos/v1/cs/configs/listener HTTP/1.1" 200 - 29513 Java/17.0.2 -
127.0.0.1 - - [17/Aug/2022:15:31:57 +0800] "GET /nacos/v1/ns/instance/list?app=unknown&healthyOnly=false&namespaceId=9561f0ac-36a7-43b0-bcb3-9e34865b3d70&clientIP=172.31.48.1&serviceName=dev%40%40commons&udpPort=61304&clusters=DEFAULT HTTP/1.1" 200 559 3 Nacos-Java-Client:v1.4.2 -
127.0.0.1 - - [17/Aug/2022:15:32:07 +0800] "GET /nacos/v1/ns/instance/list?app=unknown&healthyOnly=false&namespaceId=9561f0ac-36a7-43b0-bcb3-9e34865b3d70&clientIP=172.31.48.1&serviceName=dev%40%40commons&udpPort=61304&clusters=DEFAULT HTTP/1.1" 200 559 1 Nacos-Java-Client:v1.4.2 -
127.0.0.1 - - [17/Aug/2022:15:32:17 +0800] "GET /nacos/v1/ns/instance/list?app=unknown&healthyOnly=false&namespaceId=9561f0ac-36a7-43b0-bcb3-9e34865b3d70&clientIP=172.31.48.1&serviceName=dev%40%40commons&udpPort=61304&clusters=DEFAULT HTTP/1.1" 200 559 2 Nacos-Java-Client:v1.4.2 -
127.0.0.1 - - [17/Aug/2022:15:32:25 +0800] "POST /nacos/v1/cs/configs/listener HTTP/1.1" 200 - 29510 Java/17.0.2 -
127.0.0.1 - - [17/Aug/2022:15:32:27 +0800] "GET /nacos/v1/ns/instance/list?app=unknown&healthyOnly=false&namespaceId=9561f0ac-36a7-43b0-bcb3-9e34865b3d70&clientIP=172.31.48.1&serviceName=dev%40%40commons&udpPort=61304&clusters=DEFAULT HTTP/1.1" 200 559 3 Nacos-Java-Client:v1.4.2 -
127.0.0.1 - - [17/Aug/2022:15:32:37 +0800] "GET /nacos/v1/ns/instance/list?app=unknown&healthyOnly=false&namespaceId=9561f0ac-36a7-43b0-bcb3-9e34865b3d70&clientIP=172.31.48.1&serviceName=dev%40%40commons&udpPort=61304&clusters=DEFAULT HTTP/1.1" 200 559 2 Nacos-Java-Client:v1.4.2 -
127.0.0.1 - - [17/Aug/2022:15:32:47 +0800] "GET /nacos/v1/ns/instance/list?app=unknown&healthyOnly=false&namespaceId=9561f0ac-36a7-43b0-bcb3-9e34865b3d70&clientIP=172.31.48.1&serviceName=dev%40%40commons&udpPort=61304&clusters=DEFAULT HTTP/1.1" 200 559 1 Nacos-Java-Client:v1.4.2 -
127.0.0.1 - - [17/Aug/2022:15:32:54 +0800] "POST /nacos/v1/cs/configs/listener HTTP/1.1" 200 - 29503 Java/17.0.2 -
127.0.0.1 - - [17/Aug/2022:15:32:57 +0800] "GET /nacos/v1/ns/instance/list?app=unknown&healthyOnly=false&namespaceId=9561f0ac-36a7-43b0-bcb3-9e34865b3d70&clientIP=172.31.48.1&serviceName=dev%40%40commons&udpPort=61304&clusters=DEFAULT HTTP/1.1" 200 559 2 Nacos-Java-Client:v1.4.2 -
127.0.0.1 - - [17/Aug/2022:15:33:07 +0800] "GET /nacos/v1/ns/instance/list?app=unknown&healthyOnly=false&namespaceId=9561f0ac-36a7-43b0-bcb3-9e34865b3d70&clientIP=172.31.48.1&serviceName=dev%40%40commons&udpPort=61304&clusters=DEFAULT HTTP/1.1" 200 559 2 Nacos-Java-Client:v1.4.2 -
127.0.0.1 - - [17/Aug/2022:15:33:17 +0800] "GET /nacos/v1/ns/instance/list?app=unknown&healthyOnly=false&namespaceId=9561f0ac-36a7-43b0-bcb3-9e34865b3d70&clientIP=172.31.48.1&serviceName=dev%40%40commons&udpPort=61304&clusters=DEFAULT HTTP/1.1" 200 559 3 Nacos-Java-Client:v1.4.2 -
127.0.0.1 - - [17/Aug/2022:15:33:24 +0800] "POST /nacos/v1/cs/configs/listener HTTP/1.1" 200 - 29509 Java/17.0.2 -
127.0.0.1 - - [17/Aug/2022:15:33:27 +0800] "GET /nacos/v1/ns/instance/list?app=unknown&healthyOnly=false&namespaceId=9561f0ac-36a7-43b0-bcb3-9e34865b3d70&clientIP=172.31.48.1&serviceName=dev%40%40commons&udpPort=61304&clusters=DEFAULT HTTP/1.1" 200 559 2 Nacos-Java-Client:v1.4.2 -
127.0.0.1 - - [17/Aug/2022:15:33:37 +0800] "GET /nacos/v1/ns/instance/list?app=unknown&healthyOnly=false&namespaceId=9561f0ac-36a7-43b0-bcb3-9e34865b3d70&clientIP=172.31.48.1&serviceName=dev%40%40commons&udpPort=61304&clusters=DEFAULT HTTP/1.1" 200 559 1 Nacos-Java-Client:v1.4.2 -
127.0.0.1 - - [17/Aug/2022:15:33:47 +0800] "GET /nacos/v1/ns/instance/list?app=unknown&healthyOnly=false&namespaceId=9561f0ac-36a7-43b0-bcb3-9e34865b3d70&clientIP=172.31.48.1&serviceName=dev%40%40commons&udpPort=61304&clusters=DEFAULT HTTP/1.1" 200 559 2 Nacos-Java-Client:v1.4.2 -
127.0.0.1 - - [17/Aug/2022:15:33:53 +0800] "POST /nacos/v1/cs/configs/listener HTTP/1.1" 200 - 29509 Java/17.0.2 -
127.0.0.1 - - [17/Aug/2022:15:33:57 +0800] "GET /nacos/v1/ns/instance/list?app=unknown&healthyOnly=false&namespaceId=9561f0ac-36a7-43b0-bcb3-9e34865b3d70&clientIP=172.31.48.1&serviceName=dev%40%40commons&udpPort=61304&clusters=DEFAULT HTTP/1.1" 200 559 1 Nacos-Java-Client:v1.4.2 -
127.0.0.1 - - [17/Aug/2022:15:34:07 +0800] "GET /nacos/v1/ns/instance/list?app=unknown&healthyOnly=false&namespaceId=9561f0ac-36a7-43b0-bcb3-9e34865b3d70&clientIP=172.31.48.1&serviceName=dev%40%40commons&udpPort=61304&clusters=DEFAULT HTTP/1.1" 200 559 2 Nacos-Java-Client:v1.4.2 -
127.0.0.1 - - [17/Aug/2022:15:34:17 +0800] "GET /nacos/v1/ns/instance/list?app=unknown&healthyOnly=false&namespaceId=9561f0ac-36a7-43b0-bcb3-9e34865b3d70&clientIP=172.31.48.1&serviceName=dev%40%40commons&udpPort=61304&clusters=DEFAULT HTTP/1.1" 200 559 2 Nacos-Java-Client:v1.4.2 -
127.0.0.1 - - [17/Aug/2022:15:34:23 +0800] "POST /nacos/v1/cs/configs/listener HTTP/1.1" 200 - 29510 Java/17.0.2 -
127.0.0.1 - - [17/Aug/2022:15:34:27 +0800] "GET /nacos/v1/ns/instance/list?app=unknown&healthyOnly=false&namespaceId=9561f0ac-36a7-43b0-bcb3-9e34865b3d70&clientIP=172.31.48.1&serviceName=dev%40%40commons&udpPort=61304&clusters=DEFAULT HTTP/1.1" 200 559 3 Nacos-Java-Client:v1.4.2 -
127.0.0.1 - - [17/Aug/2022:15:34:37 +0800] "GET /nacos/v1/ns/instance/list?app=unknown&healthyOnly=false&namespaceId=9561f0ac-36a7-43b0-bcb3-9e34865b3d70&clientIP=172.31.48.1&serviceName=dev%40%40commons&udpPort=61304&clusters=DEFAULT HTTP/1.1" 200 559 2 Nacos-Java-Client:v1.4.2 -
127.0.0.1 - - [17/Aug/2022:15:34:47 +0800] "GET /nacos/v1/cs/configs?dataId=framework&tenant=9561f0ac-36a7-43b0-bcb3-9e34865b3d70&group=dev HTTP/1.1" 404 23 2 Java/17.0.2 -
127.0.0.1 - - [17/Aug/2022:15:34:47 +0800] "GET /nacos/v1/cs/configs?dataId=framework.yaml&tenant=9561f0ac-36a7-43b0-bcb3-9e34865b3d70&group=dev HTTP/1.1" 404 23 1 Java/17.0.2 -
127.0.0.1 - - [17/Aug/2022:15:34:47 +0800] "GET /nacos/v1/cs/configs?dataId=framework-dev.yaml&tenant=9561f0ac-36a7-43b0-bcb3-9e34865b3d70&group=dev HTTP/1.1" 200 484 2 Java/17.0.2 -
127.0.0.1 - - [17/Aug/2022:15:34:47 +0800] "GET /nacos/v1/ns/instance/list?app=unknown&healthyOnly=false&namespaceId=9561f0ac-36a7-43b0-bcb3-9e34865b3d70&clientIP=172.31.48.1&serviceName=dev%40%40commons&udpPort=61304&clusters=DEFAULT HTTP/1.1" 200 559 2 Nacos-Java-Client:v1.4.2 -
127.0.0.1 - - [17/Aug/2022:15:34:52 +0800] "POST /nacos/v1/cs/configs/listener HTTP/1.1" 200 - 29502 Java/17.0.2 -
127.0.0.1 - - [17/Aug/2022:15:34:57 +0800] "GET /nacos/v1/ns/instance/list?app=unknown&healthyOnly=false&namespaceId=9561f0ac-36a7-43b0-bcb3-9e34865b3d70&clientIP=172.31.48.1&serviceName=dev%40%40commons&udpPort=61304&clusters=DEFAULT HTTP/1.1" 200 559 3 Nacos-Java-Client:v1.4.2 -
127.0.0.1 - - [17/Aug/2022:15:35:07 +0800] "GET /nacos/v1/ns/instance/list?app=unknown&healthyOnly=false&namespaceId=9561f0ac-36a7-43b0-bcb3-9e34865b3d70&clientIP=172.31.48.1&serviceName=dev%40%40commons&udpPort=61304&clusters=DEFAULT HTTP/1.1" 200 559 3 Nacos-Java-Client:v1.4.2 -
127.0.0.1 - - [17/Aug/2022:15:35:17 +0800] "GET /nacos/v1/ns/instance/list?app=unknown&healthyOnly=false&namespaceId=9561f0ac-36a7-43b0-bcb3-9e34865b3d70&clientIP=172.31.48.1&serviceName=dev%40%40commons&udpPort=61304&clusters=DEFAULT HTTP/1.1" 200 559 2 Nacos-Java-Client:v1.4.2 -
127.0.0.1 - - [17/Aug/2022:15:35:20 +0800] "GET /nacos/v1/cs/configs?dataId=framework&tenant=9561f0ac-36a7-43b0-bcb3-9e34865b3d70&group=dev HTTP/1.1" 404 23 2 Java/17.0.2 -
127.0.0.1 - - [17/Aug/2022:15:35:20 +0800] "GET /nacos/v1/cs/configs?dataId=framework.yaml&tenant=9561f0ac-36a7-43b0-bcb3-9e34865b3d70&group=dev HTTP/1.1" 404 23 3 Java/17.0.2 -
127.0.0.1 - - [17/Aug/2022:15:35:20 +0800] "GET /nacos/v1/cs/configs?dataId=framework-dev.yaml&tenant=9561f0ac-36a7-43b0-bcb3-9e34865b3d70&group=dev HTTP/1.1" 200 484 6 Java/17.0.2 -
127.0.0.1 - - [17/Aug/2022:15:35:22 +0800] "POST /nacos/v1/cs/configs/listener HTTP/1.1" 200 - 29516 Java/17.0.2 -
127.0.0.1 - - [17/Aug/2022:15:35:27 +0800] "GET /nacos/v1/ns/instance/list?app=unknown&healthyOnly=false&namespaceId=9561f0ac-36a7-43b0-bcb3-9e34865b3d70&clientIP=172.31.48.1&serviceName=dev%40%40commons&udpPort=61304&clusters=DEFAULT HTTP/1.1" 200 559 3 Nacos-Java-Client:v1.4.2 -
127.0.0.1 - - [17/Aug/2022:15:35:37 +0800] "GET /nacos/v1/ns/instance/list?app=unknown&healthyOnly=false&namespaceId=9561f0ac-36a7-43b0-bcb3-9e34865b3d70&clientIP=172.31.48.1&serviceName=dev%40%40commons&udpPort=61304&clusters=DEFAULT HTTP/1.1" 200 559 2 Nacos-Java-Client:v1.4.2 -
127.0.0.1 - - [17/Aug/2022:15:35:47 +0800] "GET /nacos/v1/ns/instance/list?app=unknown&healthyOnly=false&namespaceId=9561f0ac-36a7-43b0-bcb3-9e34865b3d70&clientIP=172.31.48.1&serviceName=dev%40%40commons&udpPort=61304&clusters=DEFAULT HTTP/1.1" 200 559 4 Nacos-Java-Client:v1.4.2 -
127.0.0.1 - - [17/Aug/2022:15:35:51 +0800] "POST /nacos/v1/cs/configs/listener HTTP/1.1" 200 - 29503 Java/17.0.2 -
127.0.0.1 - - [17/Aug/2022:15:35:57 +0800] "GET /nacos/v1/ns/instance/list?app=unknown&healthyOnly=false&namespaceId=9561f0ac-36a7-43b0-bcb3-9e34865b3d70&clientIP=172.31.48.1&serviceName=dev%40%40commons&udpPort=61304&clusters=DEFAULT HTTP/1.1" 200 559 1 Nacos-Java-Client:v1.4.2 -
127.0.0.1 - - [17/Aug/2022:15:36:07 +0800] "GET /nacos/v1/ns/instance/list?app=unknown&healthyOnly=false&namespaceId=9561f0ac-36a7-43b0-bcb3-9e34865b3d70&clientIP=172.31.48.1&serviceName=dev%40%40commons&udpPort=61304&clusters=DEFAULT HTTP/1.1" 200 559 2 Nacos-Java-Client:v1.4.2 -
127.0.0.1 - - [17/Aug/2022:15:36:17 +0800] "GET /nacos/v1/ns/instance/list?app=unknown&healthyOnly=false&namespaceId=9561f0ac-36a7-43b0-bcb3-9e34865b3d70&clientIP=172.31.48.1&serviceName=dev%40%40commons&udpPort=61304&clusters=DEFAULT HTTP/1.1" 200 559 3 Nacos-Java-Client:v1.4.2 -
127.0.0.1 - - [17/Aug/2022:15:36:21 +0800] "POST /nacos/v1/cs/configs/listener HTTP/1.1" 200 - 29503 Java/17.0.2 -
127.0.0.1 - - [17/Aug/2022:15:36:27 +0800] "GET /nacos/v1/ns/instance/list?app=unknown&healthyOnly=false&namespaceId=9561f0ac-36a7-43b0-bcb3-9e34865b3d70&clientIP=172.31.48.1&serviceName=dev%40%40commons&udpPort=61304&clusters=DEFAULT HTTP/1.1" 200 559 3 Nacos-Java-Client:v1.4.2 -
127.0.0.1 - - [17/Aug/2022:15:36:31 +0800] "GET /nacos/v1/cs/configs?dataId=framework&tenant=9561f0ac-36a7-43b0-bcb3-9e34865b3d70&group=dev HTTP/1.1" 404 23 2 Java/17.0.2 -
127.0.0.1 - - [17/Aug/2022:15:36:31 +0800] "GET /nacos/v1/cs/configs?dataId=framework.yaml&tenant=9561f0ac-36a7-43b0-bcb3-9e34865b3d70&group=dev HTTP/1.1" 404 23 2 Java/17.0.2 -
127.0.0.1 - - [17/Aug/2022:15:36:31 +0800] "GET /nacos/v1/cs/configs?dataId=framework-dev.yaml&tenant=9561f0ac-36a7-43b0-bcb3-9e34865b3d70&group=dev HTTP/1.1" 200 484 2 Java/17.0.2 -
127.0.0.1 - - [17/Aug/2022:15:36:37 +0800] "GET /nacos/v1/ns/instance/list?app=unknown&healthyOnly=false&namespaceId=9561f0ac-36a7-43b0-bcb3-9e34865b3d70&clientIP=172.31.48.1&serviceName=dev%40%40commons&udpPort=61304&clusters=DEFAULT HTTP/1.1" 200 559 2 Nacos-Java-Client:v1.4.2 -
127.0.0.1 - - [17/Aug/2022:15:36:47 +0800] "GET /nacos/v1/ns/instance/list?app=unknown&healthyOnly=false&namespaceId=9561f0ac-36a7-43b0-bcb3-9e34865b3d70&clientIP=172.31.48.1&serviceName=dev%40%40commons&udpPort=61304&clusters=DEFAULT HTTP/1.1" 200 559 1 Nacos-Java-Client:v1.4.2 -
127.0.0.1 - - [17/Aug/2022:15:36:50 +0800] "POST /nacos/v1/cs/configs/listener HTTP/1.1" 200 - 29505 Java/17.0.2 -
127.0.0.1 - - [17/Aug/2022:15:36:57 +0800] "GET /nacos/v1/ns/instance/list?app=unknown&healthyOnly=false&namespaceId=9561f0ac-36a7-43b0-bcb3-9e34865b3d70&clientIP=172.31.48.1&serviceName=dev%40%40commons&udpPort=61304&clusters=DEFAULT HTTP/1.1" 200 559 3 Nacos-Java-Client:v1.4.2 -
127.0.0.1 - - [17/Aug/2022:15:37:03 +0800] "GET /nacos/v1/cs/configs?dataId=framework&tenant=9561f0ac-36a7-43b0-bcb3-9e34865b3d70&group=dev HTTP/1.1" 404 23 2 Java/17.0.2 -
127.0.0.1 - - [17/Aug/2022:15:37:03 +0800] "GET /nacos/v1/cs/configs?dataId=framework.yaml&tenant=9561f0ac-36a7-43b0-bcb3-9e34865b3d70&group=dev HTTP/1.1" 404 23 3 Java/17.0.2 -
127.0.0.1 - - [17/Aug/2022:15:37:03 +0800] "GET /nacos/v1/cs/configs?dataId=framework-dev.yaml&tenant=9561f0ac-36a7-43b0-bcb3-9e34865b3d70&group=dev HTTP/1.1" 200 484 2 Java/17.0.2 -
127.0.0.1 - - [17/Aug/2022:15:37:07 +0800] "GET /nacos/v1/ns/instance/list?app=unknown&healthyOnly=false&namespaceId=9561f0ac-36a7-43b0-bcb3-9e34865b3d70&clientIP=172.31.48.1&serviceName=dev%40%40commons&udpPort=61304&clusters=DEFAULT HTTP/1.1" 200 559 3 Nacos-Java-Client:v1.4.2 -
127.0.0.1 - - [17/Aug/2022:15:37:17 +0800] "GET /nacos/v1/ns/instance/list?app=unknown&healthyOnly=false&namespaceId=9561f0ac-36a7-43b0-bcb3-9e34865b3d70&clientIP=172.31.48.1&serviceName=dev%40%40commons&udpPort=61304&clusters=DEFAULT HTTP/1.1" 200 559 2 Nacos-Java-Client:v1.4.2 -
127.0.0.1 - - [17/Aug/2022:15:37:20 +0800] "POST /nacos/v1/cs/configs/listener HTTP/1.1" 200 - 29510 Java/17.0.2 -
127.0.0.1 - - [17/Aug/2022:15:37:27 +0800] "GET /nacos/v1/ns/instance/list?app=unknown&healthyOnly=false&namespaceId=9561f0ac-36a7-43b0-bcb3-9e34865b3d70&clientIP=172.31.48.1&serviceName=dev%40%40commons&udpPort=61304&clusters=DEFAULT HTTP/1.1" 200 559 2 Nacos-Java-Client:v1.4.2 -
127.0.0.1 - - [17/Aug/2022:15:37:37 +0800] "GET /nacos/v1/ns/instance/list?app=unknown&healthyOnly=false&namespaceId=9561f0ac-36a7-43b0-bcb3-9e34865b3d70&clientIP=172.31.48.1&serviceName=dev%40%40commons&udpPort=61304&clusters=DEFAULT HTTP/1.1" 200 559 2 Nacos-Java-Client:v1.4.2 -
127.0.0.1 - - [17/Aug/2022:15:37:47 +0800] "GET /nacos/v1/ns/instance/list?app=unknown&healthyOnly=false&namespaceId=9561f0ac-36a7-43b0-bcb3-9e34865b3d70&clientIP=172.31.48.1&serviceName=dev%40%40commons&udpPort=61304&clusters=DEFAULT HTTP/1.1" 200 559 3 Nacos-Java-Client:v1.4.2 -
127.0.0.1 - - [17/Aug/2022:15:37:49 +0800] "POST /nacos/v1/cs/configs/listener HTTP/1.1" 200 - 29517 Java/17.0.2 -
127.0.0.1 - - [17/Aug/2022:15:37:57 +0800] "GET /nacos/v1/ns/instance/list?app=unknown&healthyOnly=false&namespaceId=9561f0ac-36a7-43b0-bcb3-9e34865b3d70&clientIP=172.31.48.1&serviceName=dev%40%40commons&udpPort=61304&clusters=DEFAULT HTTP/1.1" 200 559 2 Nacos-Java-Client:v1.4.2 -
127.0.0.1 - - [17/Aug/2022:15:38:07 +0800] "GET /nacos/v1/ns/instance/list?app=unknown&healthyOnly=false&namespaceId=9561f0ac-36a7-43b0-bcb3-9e34865b3d70&clientIP=172.31.48.1&serviceName=dev%40%40commons&udpPort=61304&clusters=DEFAULT HTTP/1.1" 200 559 2 Nacos-Java-Client:v1.4.2 -
127.0.0.1 - - [17/Aug/2022:15:38:17 +0800] "GET /nacos/v1/ns/instance/list?app=unknown&healthyOnly=false&namespaceId=9561f0ac-36a7-43b0-bcb3-9e34865b3d70&clientIP=172.31.48.1&serviceName=dev%40%40commons&udpPort=61304&clusters=DEFAULT HTTP/1.1" 200 559 3 Nacos-Java-Client:v1.4.2 -
127.0.0.1 - - [17/Aug/2022:15:38:19 +0800] "POST /nacos/v1/cs/configs/listener HTTP/1.1" 200 - 29508 Java/17.0.2 -
0:0:0:0:0:0:0:1 - - [17/Aug/2022:15:38:24 +0800] "GET /nacos/v1/cs/configs?dataId=commons-dev&group=dev&namespaceId=9561f0ac-36a7-43b0-bcb3-9e34865b3d70&tenant=9561f0ac-36a7-43b0-bcb3-9e34865b3d70&beta=true&message=true&accessToken=eyJhbGciOiJIUzI1NiJ9.eyJzdWIiOiJuYWNvcyIsImV4cCI6MTY2MDM5MjgwMH0.rpowe1DB9HeI4H1bm1L39MpTFDVz2NCpRBItbgsWWKk&username=nacos HTTP/1.1" 200 60 3 Mozilla/5.0 (Windows NT 10.0; Win64; x64) AppleWebKit/537.36 (KHTML, like Gecko) Chrome/104.0.0.0 Safari/537.36 -
0:0:0:0:0:0:0:1 - - [17/Aug/2022:15:38:24 +0800] "GET /nacos/v1/cs/configs?dataId=commons-dev&group=dev&namespaceId=9561f0ac-36a7-43b0-bcb3-9e34865b3d70&tenant=9561f0ac-36a7-43b0-bcb3-9e34865b3d70&show=all&message=true&accessToken=eyJhbGciOiJIUzI1NiJ9.eyJzdWIiOiJuYWNvcyIsImV4cCI6MTY2MDM5MjgwMH0.rpowe1DB9HeI4H1bm1L39MpTFDVz2NCpRBItbgsWWKk&username=nacos HTTP/1.1" 200 1062 4 Mozilla/5.0 (Windows NT 10.0; Win64; x64) AppleWebKit/537.36 (KHTML, like Gecko) Chrome/104.0.0.0 Safari/537.36 -
192.168.12.194 - - [17/Aug/2022:15:38:24 +0800] "GET /nacos/v1/cs/communication/configWatchers?&dataId=commons-dev&tenant=9561f0ac-36a7-43b0-bcb3-9e34865b3d70&group=dev HTTP/1.1" 200 41 219 Java/17.0.2 -
0:0:0:0:0:0:0:1 - - [17/Aug/2022:15:38:24 +0800] "GET /nacos/v1/cs/configs/listener?dataId=commons-dev&group=dev&namespaceId=9561f0ac-36a7-43b0-bcb3-9e34865b3d70&tenant=9561f0ac-36a7-43b0-bcb3-9e34865b3d70&message=true&accessToken=eyJhbGciOiJIUzI1NiJ9.eyJzdWIiOiJuYWNvcyIsImV4cCI6MTY2MDM5MjgwMH0.rpowe1DB9HeI4H1bm1L39MpTFDVz2NCpRBItbgsWWKk&username=nacos HTTP/1.1" 200 61 225 Mozilla/5.0 (Windows NT 10.0; Win64; x64) AppleWebKit/537.36 (KHTML, like Gecko) Chrome/104.0.0.0 Safari/537.36 -
127.0.0.1 - - [17/Aug/2022:15:38:27 +0800] "GET /nacos/v1/ns/instance/list?app=unknown&healthyOnly=false&namespaceId=9561f0ac-36a7-43b0-bcb3-9e34865b3d70&clientIP=172.31.48.1&serviceName=dev%40%40commons&udpPort=61304&clusters=DEFAULT HTTP/1.1" 200 559 4 Nacos-Java-Client:v1.4.2 -
0:0:0:0:0:0:0:1 - - [17/Aug/2022:15:38:30 +0800] "GET /nacos/v1/cs/configs?dataId=&group=&appName=&config_tags=&pageNo=1&pageSize=10&tenant=9561f0ac-36a7-43b0-bcb3-9e34865b3d70&search=accurate&message=true&accessToken=eyJhbGciOiJIUzI1NiJ9.eyJzdWIiOiJuYWNvcyIsImV4cCI6MTY2MDM5MjgwMH0.rpowe1DB9HeI4H1bm1L39MpTFDVz2NCpRBItbgsWWKk&username=nacos HTTP/1.1" 200 3180 5 Mozilla/5.0 (Windows NT 10.0; Win64; x64) AppleWebKit/537.36 (KHTML, like Gecko) Chrome/104.0.0.0 Safari/537.36 -
0:0:0:0:0:0:0:1 - - [17/Aug/2022:15:38:33 +0800] "GET /nacos/v1/cs/configs?dataId=framework-dev&group=dev&namespaceId=9561f0ac-36a7-43b0-bcb3-9e34865b3d70&tenant=9561f0ac-36a7-43b0-bcb3-9e34865b3d70&beta=true&message=true&accessToken=eyJhbGciOiJIUzI1NiJ9.eyJzdWIiOiJuYWNvcyIsImV4cCI6MTY2MDM5MjgwMH0.rpowe1DB9HeI4H1bm1L39MpTFDVz2NCpRBItbgsWWKk&username=nacos HTTP/1.1" 200 60 3 Mozilla/5.0 (Windows NT 10.0; Win64; x64) AppleWebKit/537.36 (KHTML, like Gecko) Chrome/104.0.0.0 Safari/537.36 -
0:0:0:0:0:0:0:1 - - [17/Aug/2022:15:38:33 +0800] "GET /nacos/v1/cs/configs?dataId=framework-dev&group=dev&namespaceId=9561f0ac-36a7-43b0-bcb3-9e34865b3d70&tenant=9561f0ac-36a7-43b0-bcb3-9e34865b3d70&show=all&message=true&accessToken=eyJhbGciOiJIUzI1NiJ9.eyJzdWIiOiJuYWNvcyIsImV4cCI6MTY2MDM5MjgwMH0.rpowe1DB9HeI4H1bm1L39MpTFDVz2NCpRBItbgsWWKk&username=nacos HTTP/1.1" 200 903 4 Mozilla/5.0 (Windows NT 10.0; Win64; x64) AppleWebKit/537.36 (KHTML, like Gecko) Chrome/104.0.0.0 Safari/537.36 -
192.168.12.194 - - [17/Aug/2022:15:38:33 +0800] "GET /nacos/v1/cs/communication/configWatchers?&dataId=framework-dev&tenant=9561f0ac-36a7-43b0-bcb3-9e34865b3d70&group=dev HTTP/1.1" 200 41 209 Java/17.0.2 -
0:0:0:0:0:0:0:1 - - [17/Aug/2022:15:38:33 +0800] "GET /nacos/v1/cs/configs/listener?dataId=framework-dev&group=dev&namespaceId=9561f0ac-36a7-43b0-bcb3-9e34865b3d70&tenant=9561f0ac-36a7-43b0-bcb3-9e34865b3d70&message=true&accessToken=eyJhbGciOiJIUzI1NiJ9.eyJzdWIiOiJuYWNvcyIsImV4cCI6MTY2MDM5MjgwMH0.rpowe1DB9HeI4H1bm1L39MpTFDVz2NCpRBItbgsWWKk&username=nacos HTTP/1.1" 200 61 213 Mozilla/5.0 (Windows NT 10.0; Win64; x64) AppleWebKit/537.36 (KHTML, like Gecko) Chrome/104.0.0.0 Safari/537.36 -
127.0.0.1 - - [17/Aug/2022:15:38:37 +0800] "GET /nacos/v1/ns/instance/list?app=unknown&healthyOnly=false&namespaceId=9561f0ac-36a7-43b0-bcb3-9e34865b3d70&clientIP=172.31.48.1&serviceName=dev%40%40commons&udpPort=61304&clusters=DEFAULT HTTP/1.1" 200 559 3 Nacos-Java-Client:v1.4.2 -
0:0:0:0:0:0:0:1 - - [17/Aug/2022:15:38:41 +0800] "POST /nacos/v1/cs/configs?message=true&accessToken=eyJhbGciOiJIUzI1NiJ9.eyJzdWIiOiJuYWNvcyIsImV4cCI6MTY2MDM5MjgwMH0.rpowe1DB9HeI4H1bm1L39MpTFDVz2NCpRBItbgsWWKk&username=nacos HTTP/1.1" 200 14 36 Mozilla/5.0 (Windows NT 10.0; Win64; x64) AppleWebKit/537.36 (KHTML, like Gecko) Chrome/104.0.0.0 Safari/537.36 -
0:0:0:0:0:0:0:1 - - [17/Aug/2022:15:38:41 +0800] "GET /nacos/v1/cs/configs?dataId=framework-dev&group=dev&namespaceId=9561f0ac-36a7-43b0-bcb3-9e34865b3d70&tenant=9561f0ac-36a7-43b0-bcb3-9e34865b3d70&show=all&message=true&accessToken=eyJhbGciOiJIUzI1NiJ9.eyJzdWIiOiJuYWNvcyIsImV4cCI6MTY2MDM5MjgwMH0.rpowe1DB9HeI4H1bm1L39MpTFDVz2NCpRBItbgsWWKk&username=nacos HTTP/1.1" 200 1015 9 Mozilla/5.0 (Windows NT 10.0; Win64; x64) AppleWebKit/537.36 (KHTML, like Gecko) Chrome/104.0.0.0 Safari/537.36 -
0:0:0:0:0:0:0:1 - - [17/Aug/2022:15:38:42 +0800] "GET /nacos/v1/cs/configs?dataId=&group=&appName=&config_tags=&pageNo=1&pageSize=10&tenant=9561f0ac-36a7-43b0-bcb3-9e34865b3d70&search=accurate&message=true&accessToken=eyJhbGciOiJIUzI1NiJ9.eyJzdWIiOiJuYWNvcyIsImV4cCI6MTY2MDM5MjgwMH0.rpowe1DB9HeI4H1bm1L39MpTFDVz2NCpRBItbgsWWKk&username=nacos HTTP/1.1" 200 3297 3 Mozilla/5.0 (Windows NT 10.0; Win64; x64) AppleWebKit/537.36 (KHTML, like Gecko) Chrome/104.0.0.0 Safari/537.36 -
0:0:0:0:0:0:0:1 - - [17/Aug/2022:15:38:44 +0800] "GET /nacos/v1/cs/configs?dataId=framework-dev.yaml&group=dev&namespaceId=9561f0ac-36a7-43b0-bcb3-9e34865b3d70&tenant=9561f0ac-36a7-43b0-bcb3-9e34865b3d70&beta=true&message=true&accessToken=eyJhbGciOiJIUzI1NiJ9.eyJzdWIiOiJuYWNvcyIsImV4cCI6MTY2MDM5MjgwMH0.rpowe1DB9HeI4H1bm1L39MpTFDVz2NCpRBItbgsWWKk&username=nacos HTTP/1.1" 200 60 5 Mozilla/5.0 (Windows NT 10.0; Win64; x64) AppleWebKit/537.36 (KHTML, like Gecko) Chrome/104.0.0.0 Safari/537.36 -
0:0:0:0:0:0:0:1 - - [17/Aug/2022:15:38:44 +0800] "GET /nacos/v1/cs/configs?dataId=framework-dev.yaml&group=dev&namespaceId=9561f0ac-36a7-43b0-bcb3-9e34865b3d70&tenant=9561f0ac-36a7-43b0-bcb3-9e34865b3d70&show=all&message=true&accessToken=eyJhbGciOiJIUzI1NiJ9.eyJzdWIiOiJuYWNvcyIsImV4cCI6MTY2MDM5MjgwMH0.rpowe1DB9HeI4H1bm1L39MpTFDVz2NCpRBItbgsWWKk&username=nacos HTTP/1.1" 200 908 2 Mozilla/5.0 (Windows NT 10.0; Win64; x64) AppleWebKit/537.36 (KHTML, like Gecko) Chrome/104.0.0.0 Safari/537.36 -
192.168.12.194 - - [17/Aug/2022:15:38:44 +0800] "GET /nacos/v1/cs/communication/configWatchers?&dataId=framework-dev.yaml&tenant=9561f0ac-36a7-43b0-bcb3-9e34865b3d70&group=dev HTTP/1.1" 200 41 221 Java/17.0.2 -
0:0:0:0:0:0:0:1 - - [17/Aug/2022:15:38:44 +0800] "GET /nacos/v1/cs/configs/listener?dataId=framework-dev.yaml&group=dev&namespaceId=9561f0ac-36a7-43b0-bcb3-9e34865b3d70&tenant=9561f0ac-36a7-43b0-bcb3-9e34865b3d70&message=true&accessToken=eyJhbGciOiJIUzI1NiJ9.eyJzdWIiOiJuYWNvcyIsImV4cCI6MTY2MDM5MjgwMH0.rpowe1DB9HeI4H1bm1L39MpTFDVz2NCpRBItbgsWWKk&username=nacos HTTP/1.1" 200 61 227 Mozilla/5.0 (Windows NT 10.0; Win64; x64) AppleWebKit/537.36 (KHTML, like Gecko) Chrome/104.0.0.0 Safari/537.36 -
