192.168.12.194 - - [17/Aug/2022:14:33:44 +0800] "GET /nacos HTTP/1.1" 302 - 0 Mozilla/5.0 (Windows NT 10.0; Win64; x64) AppleWebKit/537.36 (KHTML, like Gecko) Chrome/104.0.0.0 Safari/537.36 -
192.168.12.194 - - [17/Aug/2022:14:33:44 +0800] "GET /nacos/ HTTP/1.1" 200 2780 176 Mozilla/5.0 (Windows NT 10.0; Win64; x64) AppleWebKit/537.36 (KHTML, like Gecko) Chrome/104.0.0.0 Safari/537.36 -
192.168.12.194 - - [17/Aug/2022:14:33:44 +0800] "GET /nacos/console-ui/public/css/bootstrap.css HTTP/1.1" 200 123294 10 Mozilla/5.0 (Windows NT 10.0; Win64; x64) AppleWebKit/537.36 (KHTML, like Gecko) Chrome/104.0.0.0 Safari/537.36 -
192.168.12.194 - - [17/Aug/2022:14:33:44 +0800] "GET /nacos/console-ui/public/css/icon.css HTTP/1.1" 200 5176 10 Mozilla/5.0 (Windows NT 10.0; Win64; x64) AppleWebKit/537.36 (KHTML, like Gecko) Chrome/104.0.0.0 Safari/537.36 -
192.168.12.194 - - [17/Aug/2022:14:33:44 +0800] "GET /nacos/console-ui/public/css/merge.css HTTP/1.1" 200 3866 12 Mozilla/5.0 (Windows NT 10.0; Win64; x64) AppleWebKit/537.36 (KHTML, like Gecko) Chrome/104.0.0.0 Safari/537.36 -
192.168.12.194 - - [17/Aug/2022:14:33:44 +0800] "GET /nacos/console-ui/public/css/console1412.css HTTP/1.1" 200 156959 18 Mozilla/5.0 (Windows NT 10.0; Win64; x64) AppleWebKit/537.36 (KHTML, like Gecko) Chrome/104.0.0.0 Safari/537.36 -
192.168.12.194 - - [17/Aug/2022:14:33:44 +0800] "GET /nacos/console-ui/public/css/font-awesome.css HTTP/1.1" 200 33850 10 Mozilla/5.0 (Windows NT 10.0; Win64; x64) AppleWebKit/537.36 (KHTML, like Gecko) Chrome/104.0.0.0 Safari/537.36 -
192.168.12.194 - - [17/Aug/2022:14:33:44 +0800] "GET /nacos/console-ui/public/css/codemirror.css HTTP/1.1" 200 8858 21 Mozilla/5.0 (Windows NT 10.0; Win64; x64) AppleWebKit/537.36 (KHTML, like Gecko) Chrome/104.0.0.0 Safari/537.36 -
192.168.12.194 - - [17/Aug/2022:14:33:44 +0800] "GET /nacos/console-ui/public/js/xml.js HTTP/1.1" 200 13059 12 Mozilla/5.0 (Windows NT 10.0; Win64; x64) AppleWebKit/537.36 (KHTML, like Gecko) Chrome/104.0.0.0 Safari/537.36 -
192.168.12.194 - - [17/Aug/2022:14:33:44 +0800] "GET /nacos/console-ui/public/js/javascript.js HTTP/1.1" 200 32209 15 Mozilla/5.0 (Windows NT 10.0; Win64; x64) AppleWebKit/537.36 (KHTML, like Gecko) Chrome/104.0.0.0 Safari/537.36 -
192.168.12.194 - - [17/Aug/2022:14:33:44 +0800] "GET /nacos/console-ui/public/js/codemirror.js HTTP/1.1" 200 366246 20 Mozilla/5.0 (Windows NT 10.0; Win64; x64) AppleWebKit/537.36 (KHTML, like Gecko) Chrome/104.0.0.0 Safari/537.36 -
192.168.12.194 - - [17/Aug/2022:14:33:44 +0800] "GET /nacos/console-ui/public/js/jquery.js HTTP/1.1" 200 89476 21 Mozilla/5.0 (Windows NT 10.0; Win64; x64) AppleWebKit/537.36 (KHTML, like Gecko) Chrome/104.0.0.0 Safari/537.36 -
192.168.12.194 - - [17/Aug/2022:14:33:44 +0800] "GET /nacos/css/main.css?04818f5ec59842280923 HTTP/1.1" 200 473259 34 Mozilla/5.0 (Windows NT 10.0; Win64; x64) AppleWebKit/537.36 (KHTML, like Gecko) Chrome/104.0.0.0 Safari/537.36 -
192.168.12.194 - - [17/Aug/2022:14:33:44 +0800] "GET /nacos/console-ui/public/js/codemirror.addone.fullscreen.js HTTP/1.1" 200 1983 9 Mozilla/5.0 (Windows NT 10.0; Win64; x64) AppleWebKit/537.36 (KHTML, like Gecko) Chrome/104.0.0.0 Safari/537.36 -
192.168.12.194 - - [17/Aug/2022:14:33:44 +0800] "GET /nacos/console-ui/public/js/codemirror.lib.json-lint.js HTTP/1.1" 200 16798 8 Mozilla/5.0 (Windows NT 10.0; Win64; x64) AppleWebKit/537.36 (KHTML, like Gecko) Chrome/104.0.0.0 Safari/537.36 -
192.168.12.194 - - [17/Aug/2022:14:33:44 +0800] "GET /nacos/console-ui/public/js/codemirror.addone.lint.js HTTP/1.1" 200 8521 8 Mozilla/5.0 (Windows NT 10.0; Win64; x64) AppleWebKit/537.36 (KHTML, like Gecko) Chrome/104.0.0.0 Safari/537.36 -
192.168.12.194 - - [17/Aug/2022:14:33:44 +0800] "GET /nacos/console-ui/public/js/codemirror.lib.clike-lint.js HTTP/1.1" 200 31531 5 Mozilla/5.0 (Windows NT 10.0; Win64; x64) AppleWebKit/537.36 (KHTML, like Gecko) Chrome/104.0.0.0 Safari/537.36 -
192.168.12.194 - - [17/Aug/2022:14:33:44 +0800] "GET /nacos/console-ui/public/js/codemirror.addone.json-lint.js HTTP/1.1" 200 1443 7 Mozilla/5.0 (Windows NT 10.0; Win64; x64) AppleWebKit/537.36 (KHTML, like Gecko) Chrome/104.0.0.0 Safari/537.36 -
192.168.12.194 - - [17/Aug/2022:14:33:44 +0800] "GET /nacos/console-ui/public/js/diff_match_patch.js HTTP/1.1" 200 19192 8 Mozilla/5.0 (Windows NT 10.0; Win64; x64) AppleWebKit/537.36 (KHTML, like Gecko) Chrome/104.0.0.0 Safari/537.36 -
192.168.12.194 - - [17/Aug/2022:14:33:44 +0800] "GET /nacos/console-ui/public/js/merge.js HTTP/1.1" 200 37883 9 Mozilla/5.0 (Windows NT 10.0; Win64; x64) AppleWebKit/537.36 (KHTML, like Gecko) Chrome/104.0.0.0 Safari/537.36 -
192.168.12.194 - - [17/Aug/2022:14:33:44 +0800] "GET /nacos/console-ui/public/js/loader.js HTTP/1.1" 200 28899 7 Mozilla/5.0 (Windows NT 10.0; Win64; x64) AppleWebKit/537.36 (KHTML, like Gecko) Chrome/104.0.0.0 Safari/537.36 -
192.168.12.194 - - [17/Aug/2022:14:33:44 +0800] "GET /nacos/js/main.js?04818f5ec59842280923 HTTP/1.1" 200 1534009 72 Mozilla/5.0 (Windows NT 10.0; Win64; x64) AppleWebKit/537.36 (KHTML, like Gecko) Chrome/104.0.0.0 Safari/537.36 -
192.168.12.194 - - [17/Aug/2022:14:33:44 +0800] "GET /nacos/console-ui/public/js/vs/editor/editor.main.js HTTP/1.1" 304 - 11 Mozilla/5.0 (Windows NT 10.0; Win64; x64) AppleWebKit/537.36 (KHTML, like Gecko) Chrome/104.0.0.0 Safari/537.36 -
192.168.12.194 - - [17/Aug/2022:14:33:44 +0800] "GET /nacos/img/logo-2000-390.svg HTTP/1.1" 200 2106 11 Mozilla/5.0 (Windows NT 10.0; Win64; x64) AppleWebKit/537.36 (KHTML, like Gecko) Chrome/104.0.0.0 Safari/537.36 -
192.168.12.194 - - [17/Aug/2022:14:33:45 +0800] "GET /nacos/console-ui/public/icons/icon-font.woff2 HTTP/1.1" 200 4368 31 Mozilla/5.0 (Windows NT 10.0; Win64; x64) AppleWebKit/537.36 (KHTML, like Gecko) Chrome/104.0.0.0 Safari/537.36 -
192.168.12.194 - - [17/Aug/2022:14:33:45 +0800] "GET /nacos/v1/console/server/state?message=true&accessToken=eyJhbGciOiJIUzI1NiJ9.eyJzdWIiOiJuYWNvcyIsImV4cCI6MTY2MDU2MzU5N30.T2AdWdxJugbOcmHpcws5TQPbKOC4YQbp52LxTU3DLoI&username=nacos HTTP/1.1" 200 82 91 Mozilla/5.0 (Windows NT 10.0; Win64; x64) AppleWebKit/537.36 (KHTML, like Gecko) Chrome/104.0.0.0 Safari/537.36 -
192.168.12.194 - - [17/Aug/2022:14:33:45 +0800] "GET /nacos/console-ui/public/js/vs/editor/editor.main.css HTTP/1.1" 200 172199 8 Mozilla/5.0 (Windows NT 10.0; Win64; x64) AppleWebKit/537.36 (KHTML, like Gecko) Chrome/104.0.0.0 Safari/537.36 -
192.168.12.194 - - [17/Aug/2022:14:33:45 +0800] "GET /nacos/v1/console/namespaces?accessToken=eyJhbGciOiJIUzI1NiJ9.eyJzdWIiOiJuYWNvcyIsImV4cCI6MTY2MDU2MzU5N30.T2AdWdxJugbOcmHpcws5TQPbKOC4YQbp52LxTU3DLoI&message=true&namespaceId= HTTP/1.1" 200 151 236 Mozilla/5.0 (Windows NT 10.0; Win64; x64) AppleWebKit/537.36 (KHTML, like Gecko) Chrome/104.0.0.0 Safari/537.36 -
192.168.12.194 - - [17/Aug/2022:14:33:45 +0800] "GET /nacos/console-ui/public/js/vs/editor/editor.main.nls.zh-cn.js HTTP/1.1" 304 - 5 Mozilla/5.0 (Windows NT 10.0; Win64; x64) AppleWebKit/537.36 (KHTML, like Gecko) Chrome/104.0.0.0 Safari/537.36 -
192.168.12.194 - - [17/Aug/2022:14:33:45 +0800] "GET /nacos/v1/cs/configs?dataId=&group=&appName=&config_tags=&pageNo=1&pageSize=10&tenant=&search=accurate&message=true&accessToken=eyJhbGciOiJIUzI1NiJ9.eyJzdWIiOiJuYWNvcyIsImV4cCI6MTY2MDU2MzU5N30.T2AdWdxJugbOcmHpcws5TQPbKOC4YQbp52LxTU3DLoI&username=nacos HTTP/1.1" 200 76 112 Mozilla/5.0 (Windows NT 10.0; Win64; x64) AppleWebKit/537.36 (KHTML, like Gecko) Chrome/104.0.0.0 Safari/537.36 -
192.168.12.194 - - [17/Aug/2022:14:33:45 +0800] "GET /nacos/console-ui/public/img/nacos-logo.png HTTP/1.1" 304 - 10 Mozilla/5.0 (Windows NT 10.0; Win64; x64) AppleWebKit/537.36 (KHTML, like Gecko) Chrome/104.0.0.0 Safari/537.36 -
192.168.12.194 - - [17/Aug/2022:14:33:48 +0800] "GET /nacos/ HTTP/1.1" 304 - 6 Mozilla/5.0 (Windows NT 10.0; Win64; x64) AppleWebKit/537.36 (KHTML, like Gecko) Chrome/104.0.0.0 Safari/537.36 -
192.168.12.194 - - [17/Aug/2022:14:33:48 +0800] "GET /nacos/v1/console/namespaces?accessToken=eyJhbGciOiJIUzI1NiJ9.eyJzdWIiOiJuYWNvcyIsImV4cCI6MTY2MDU2MzU5N30.T2AdWdxJugbOcmHpcws5TQPbKOC4YQbp52LxTU3DLoI&message=true&namespaceId= HTTP/1.1" 200 151 3 Mozilla/5.0 (Windows NT 10.0; Win64; x64) AppleWebKit/537.36 (KHTML, like Gecko) Chrome/104.0.0.0 Safari/537.36 -
192.168.12.194 - - [17/Aug/2022:14:33:48 +0800] "GET /nacos/v1/console/server/state?message=true&accessToken=eyJhbGciOiJIUzI1NiJ9.eyJzdWIiOiJuYWNvcyIsImV4cCI6MTY2MDU2MzU5N30.T2AdWdxJugbOcmHpcws5TQPbKOC4YQbp52LxTU3DLoI&username=nacos HTTP/1.1" 200 82 2 Mozilla/5.0 (Windows NT 10.0; Win64; x64) AppleWebKit/537.36 (KHTML, like Gecko) Chrome/104.0.0.0 Safari/537.36 -
192.168.12.194 - - [17/Aug/2022:14:33:48 +0800] "GET /nacos/v1/cs/configs?dataId=&group=&appName=&config_tags=&pageNo=1&pageSize=10&tenant=&search=accurate&message=true&accessToken=eyJhbGciOiJIUzI1NiJ9.eyJzdWIiOiJuYWNvcyIsImV4cCI6MTY2MDU2MzU5N30.T2AdWdxJugbOcmHpcws5TQPbKOC4YQbp52LxTU3DLoI&username=nacos HTTP/1.1" 200 76 7 Mozilla/5.0 (Windows NT 10.0; Win64; x64) AppleWebKit/537.36 (KHTML, like Gecko) Chrome/104.0.0.0 Safari/537.36 -
192.168.12.194 - - [17/Aug/2022:14:34:00 +0800] "GET /nacos/console-ui/public/js/vs/base/worker/workerMain.js HTTP/1.1" 304 - 4 Mozilla/5.0 (Windows NT 10.0; Win64; x64) AppleWebKit/537.36 (KHTML, like Gecko) Chrome/104.0.0.0 Safari/537.36 -
192.168.12.194 - - [17/Aug/2022:14:35:28 +0800] "GET / HTTP/1.1" 404 431 38 Mozilla/5.0 (Windows NT 10.0; Win64; x64) AppleWebKit/537.36 (KHTML, like Gecko) Chrome/104.0.0.0 Safari/537.36 -
192.168.12.194 - - [17/Aug/2022:14:35:28 +0800] "GET /favicon.ico HTTP/1.1" 404 431 2 Mozilla/5.0 (Windows NT 10.0; Win64; x64) AppleWebKit/537.36 (KHTML, like Gecko) Chrome/104.0.0.0 Safari/537.36 -
192.168.12.194 - - [17/Aug/2022:14:35:33 +0800] "GET /nacos HTTP/1.1" 302 - 0 Mozilla/5.0 (Windows NT 10.0; Win64; x64) AppleWebKit/537.36 (KHTML, like Gecko) Chrome/104.0.0.0 Safari/537.36 -
192.168.12.194 - - [17/Aug/2022:14:35:34 +0800] "GET /nacos/v1/console/server/state?message=true&accessToken=eyJhbGciOiJIUzI1NiJ9.eyJzdWIiOiJuYWNvcyIsImV4cCI6MTY2MDU2MzU5N30.T2AdWdxJugbOcmHpcws5TQPbKOC4YQbp52LxTU3DLoI&username=nacos HTTP/1.1" 200 82 133 Mozilla/5.0 (Windows NT 10.0; Win64; x64) AppleWebKit/537.36 (KHTML, like Gecko) Chrome/104.0.0.0 Safari/537.36 -
192.168.12.194 - - [17/Aug/2022:14:35:34 +0800] "GET /nacos/v1/console/namespaces?accessToken=eyJhbGciOiJIUzI1NiJ9.eyJzdWIiOiJuYWNvcyIsImV4cCI6MTY2MDU2MzU5N30.T2AdWdxJugbOcmHpcws5TQPbKOC4YQbp52LxTU3DLoI&message=true&namespaceId= HTTP/1.1" 200 151 102 Mozilla/5.0 (Windows NT 10.0; Win64; x64) AppleWebKit/537.36 (KHTML, like Gecko) Chrome/104.0.0.0 Safari/537.36 -
192.168.12.194 - - [17/Aug/2022:14:35:34 +0800] "GET /nacos/v1/cs/configs?dataId=&group=&appName=&config_tags=&pageNo=1&pageSize=10&tenant=&search=accurate&message=true&accessToken=eyJhbGciOiJIUzI1NiJ9.eyJzdWIiOiJuYWNvcyIsImV4cCI6MTY2MDU2MzU5N30.T2AdWdxJugbOcmHpcws5TQPbKOC4YQbp52LxTU3DLoI&username=nacos HTTP/1.1" 200 76 48 Mozilla/5.0 (Windows NT 10.0; Win64; x64) AppleWebKit/537.36 (KHTML, like Gecko) Chrome/104.0.0.0 Safari/537.36 -
192.168.12.194 - - [17/Aug/2022:14:35:39 +0800] "GET /nacos/v1/console/namespaces?accessToken=eyJhbGciOiJIUzI1NiJ9.eyJzdWIiOiJuYWNvcyIsImV4cCI6MTY2MDU2MzU5N30.T2AdWdxJugbOcmHpcws5TQPbKOC4YQbp52LxTU3DLoI&message=true&namespaceId= HTTP/1.1" 200 151 8 Mozilla/5.0 (Windows NT 10.0; Win64; x64) AppleWebKit/537.36 (KHTML, like Gecko) Chrome/104.0.0.0 Safari/537.36 -
192.168.12.194 - - [17/Aug/2022:14:35:56 +0800] "GET /nacos/v1/console/namespaces?checkNamespaceIdExist=true&accessToken=eyJhbGciOiJIUzI1NiJ9.eyJzdWIiOiJuYWNvcyIsImV4cCI6MTY2MDU2MzU5N30.T2AdWdxJugbOcmHpcws5TQPbKOC4YQbp52LxTU3DLoI&message=true&customNamespaceId=&namespaceId= HTTP/1.1" 200 15 5 Mozilla/5.0 (Windows NT 10.0; Win64; x64) AppleWebKit/537.36 (KHTML, like Gecko) Chrome/104.0.0.0 Safari/537.36 -
192.168.12.194 - - [17/Aug/2022:14:35:56 +0800] "POST /nacos/v1/console/namespaces?accessToken=eyJhbGciOiJIUzI1NiJ9.eyJzdWIiOiJuYWNvcyIsImV4cCI6MTY2MDU2MzU5N30.T2AdWdxJugbOcmHpcws5TQPbKOC4YQbp52LxTU3DLoI&message=true HTTP/1.1" 200 14 36 Mozilla/5.0 (Windows NT 10.0; Win64; x64) AppleWebKit/537.36 (KHTML, like Gecko) Chrome/104.0.0.0 Safari/537.36 -
192.168.12.194 - - [17/Aug/2022:14:35:56 +0800] "GET /nacos/v1/console/namespaces?accessToken=eyJhbGciOiJIUzI1NiJ9.eyJzdWIiOiJuYWNvcyIsImV4cCI6MTY2MDU2MzU5N30.T2AdWdxJugbOcmHpcws5TQPbKOC4YQbp52LxTU3DLoI&message=true&namespaceId= HTTP/1.1" 200 298 7 Mozilla/5.0 (Windows NT 10.0; Win64; x64) AppleWebKit/537.36 (KHTML, like Gecko) Chrome/104.0.0.0 Safari/537.36 -
192.168.12.194 - - [17/Aug/2022:14:35:58 +0800] "GET /nacos/v1/console/namespaces?accessToken=eyJhbGciOiJIUzI1NiJ9.eyJzdWIiOiJuYWNvcyIsImV4cCI6MTY2MDU2MzU5N30.T2AdWdxJugbOcmHpcws5TQPbKOC4YQbp52LxTU3DLoI&message=true&namespaceId= HTTP/1.1" 200 298 5 Mozilla/5.0 (Windows NT 10.0; Win64; x64) AppleWebKit/537.36 (KHTML, like Gecko) Chrome/104.0.0.0 Safari/537.36 -
192.168.12.194 - - [17/Aug/2022:14:35:59 +0800] "GET /nacos/v1/cs/configs?dataId=&group=&appName=&config_tags=&pageNo=1&pageSize=10&tenant=&search=accurate&message=true&accessToken=eyJhbGciOiJIUzI1NiJ9.eyJzdWIiOiJuYWNvcyIsImV4cCI6MTY2MDU2MzU5N30.T2AdWdxJugbOcmHpcws5TQPbKOC4YQbp52LxTU3DLoI&username=nacos HTTP/1.1" 200 76 7 Mozilla/5.0 (Windows NT 10.0; Win64; x64) AppleWebKit/537.36 (KHTML, like Gecko) Chrome/104.0.0.0 Safari/537.36 -
192.168.12.194 - - [17/Aug/2022:14:36:00 +0800] "GET /nacos/v1/cs/configs?dataId=&group=&appName=&config_tags=&pageNo=1&pageSize=10&tenant=9561f0ac-36a7-43b0-bcb3-9e34865b3d70&search=accurate&message=true&accessToken=eyJhbGciOiJIUzI1NiJ9.eyJzdWIiOiJuYWNvcyIsImV4cCI6MTY2MDU2MzU5N30.T2AdWdxJugbOcmHpcws5TQPbKOC4YQbp52LxTU3DLoI&username=nacos HTTP/1.1" 200 76 7 Mozilla/5.0 (Windows NT 10.0; Win64; x64) AppleWebKit/537.36 (KHTML, like Gecko) Chrome/104.0.0.0 Safari/537.36 -
192.168.12.194 - - [17/Aug/2022:14:37:10 +0800] "GET /nacos/v1/cs/configs?accessToken=eyJhbGciOiJIUzI1NiJ9.eyJzdWIiOiJuYWNvcyIsImV4cCI6MTY2MDU2MzU5N30.T2AdWdxJugbOcmHpcws5TQPbKOC4YQbp52LxTU3DLoI&message=true&show=all&dataId=commons-dev&group=dev&tenant=9561f0ac-36a7-43b0-bcb3-9e34865b3d70&namespaceId=9561f0ac-36a7-43b0-bcb3-9e34865b3d70 HTTP/1.1" 200 - 42 Mozilla/5.0 (Windows NT 10.0; Win64; x64) AppleWebKit/537.36 (KHTML, like Gecko) Chrome/104.0.0.0 Safari/537.36 -
192.168.12.194 - - [17/Aug/2022:14:37:11 +0800] "POST /nacos/v1/cs/configs?accessToken=eyJhbGciOiJIUzI1NiJ9.eyJzdWIiOiJuYWNvcyIsImV4cCI6MTY2MDU2MzU5N30.T2AdWdxJugbOcmHpcws5TQPbKOC4YQbp52LxTU3DLoI&message=true HTTP/1.1" 200 14 218 Mozilla/5.0 (Windows NT 10.0; Win64; x64) AppleWebKit/537.36 (KHTML, like Gecko) Chrome/104.0.0.0 Safari/537.36 -
192.168.12.194 - - [17/Aug/2022:14:37:11 +0800] "GET /nacos/v1/cs/configs?dataId=&group=&appName=&config_tags=&pageNo=1&pageSize=10&tenant=9561f0ac-36a7-43b0-bcb3-9e34865b3d70&search=accurate&message=true&accessToken=eyJhbGciOiJIUzI1NiJ9.eyJzdWIiOiJuYWNvcyIsImV4cCI6MTY2MDU2MzU5N30.T2AdWdxJugbOcmHpcws5TQPbKOC4YQbp52LxTU3DLoI&username=nacos HTTP/1.1" 200 1042 22 Mozilla/5.0 (Windows NT 10.0; Win64; x64) AppleWebKit/537.36 (KHTML, like Gecko) Chrome/104.0.0.0 Safari/537.36 -
192.168.12.194 - - [17/Aug/2022:14:37:15 +0800] "GET /nacos/v1/cs/configs?dataId=commons-dev&group=dev&namespaceId=9561f0ac-36a7-43b0-bcb3-9e34865b3d70&tenant=9561f0ac-36a7-43b0-bcb3-9e34865b3d70&beta=true&message=true&accessToken=eyJhbGciOiJIUzI1NiJ9.eyJzdWIiOiJuYWNvcyIsImV4cCI6MTY2MDU2MzU5N30.T2AdWdxJugbOcmHpcws5TQPbKOC4YQbp52LxTU3DLoI&username=nacos HTTP/1.1" 200 60 11 Mozilla/5.0 (Windows NT 10.0; Win64; x64) AppleWebKit/537.36 (KHTML, like Gecko) Chrome/104.0.0.0 Safari/537.36 -
192.168.12.194 - - [17/Aug/2022:14:37:15 +0800] "GET /nacos/v1/cs/configs?dataId=commons-dev&group=dev&namespaceId=9561f0ac-36a7-43b0-bcb3-9e34865b3d70&tenant=9561f0ac-36a7-43b0-bcb3-9e34865b3d70&show=all&message=true&accessToken=eyJhbGciOiJIUzI1NiJ9.eyJzdWIiOiJuYWNvcyIsImV4cCI6MTY2MDU2MzU5N30.T2AdWdxJugbOcmHpcws5TQPbKOC4YQbp52LxTU3DLoI&username=nacos HTTP/1.1" 200 1174 4 Mozilla/5.0 (Windows NT 10.0; Win64; x64) AppleWebKit/537.36 (KHTML, like Gecko) Chrome/104.0.0.0 Safari/537.36 -
192.168.12.194 - - [17/Aug/2022:14:37:16 +0800] "GET /nacos/v1/cs/communication/configWatchers?&dataId=commons-dev&tenant=9561f0ac-36a7-43b0-bcb3-9e34865b3d70&group=dev HTTP/1.1" 200 41 212 Java/17.0.2 -
192.168.12.194 - - [17/Aug/2022:14:37:16 +0800] "GET /nacos/v1/cs/configs/listener?dataId=commons-dev&group=dev&namespaceId=9561f0ac-36a7-43b0-bcb3-9e34865b3d70&tenant=9561f0ac-36a7-43b0-bcb3-9e34865b3d70&message=true&accessToken=eyJhbGciOiJIUzI1NiJ9.eyJzdWIiOiJuYWNvcyIsImV4cCI6MTY2MDU2MzU5N30.T2AdWdxJugbOcmHpcws5TQPbKOC4YQbp52LxTU3DLoI&username=nacos HTTP/1.1" 200 61 282 Mozilla/5.0 (Windows NT 10.0; Win64; x64) AppleWebKit/537.36 (KHTML, like Gecko) Chrome/104.0.0.0 Safari/537.36 -
192.168.12.194 - - [17/Aug/2022:14:37:20 +0800] "GET /nacos/v1/cs/configs?dataId=&group=&appName=&config_tags=&pageNo=1&pageSize=10&tenant=9561f0ac-36a7-43b0-bcb3-9e34865b3d70&search=accurate&message=true&accessToken=eyJhbGciOiJIUzI1NiJ9.eyJzdWIiOiJuYWNvcyIsImV4cCI6MTY2MDU2MzU5N30.T2AdWdxJugbOcmHpcws5TQPbKOC4YQbp52LxTU3DLoI&username=nacos HTTP/1.1" 200 1042 8 Mozilla/5.0 (Windows NT 10.0; Win64; x64) AppleWebKit/537.36 (KHTML, like Gecko) Chrome/104.0.0.0 Safari/537.36 -
192.168.12.194 - - [17/Aug/2022:14:37:24 +0800] "GET /nacos/v1/cs/configs?dataId=commons-dev&group=dev&namespaceId=9561f0ac-36a7-43b0-bcb3-9e34865b3d70&tenant=9561f0ac-36a7-43b0-bcb3-9e34865b3d70&beta=true&message=true&accessToken=eyJhbGciOiJIUzI1NiJ9.eyJzdWIiOiJuYWNvcyIsImV4cCI6MTY2MDU2MzU5N30.T2AdWdxJugbOcmHpcws5TQPbKOC4YQbp52LxTU3DLoI&username=nacos HTTP/1.1" 200 60 6 Mozilla/5.0 (Windows NT 10.0; Win64; x64) AppleWebKit/537.36 (KHTML, like Gecko) Chrome/104.0.0.0 Safari/537.36 -
192.168.12.194 - - [17/Aug/2022:14:37:24 +0800] "GET /nacos/v1/cs/configs?dataId=commons-dev&group=dev&namespaceId=9561f0ac-36a7-43b0-bcb3-9e34865b3d70&tenant=9561f0ac-36a7-43b0-bcb3-9e34865b3d70&show=all&message=true&accessToken=eyJhbGciOiJIUzI1NiJ9.eyJzdWIiOiJuYWNvcyIsImV4cCI6MTY2MDU2MzU5N30.T2AdWdxJugbOcmHpcws5TQPbKOC4YQbp52LxTU3DLoI&username=nacos HTTP/1.1" 200 1174 6 Mozilla/5.0 (Windows NT 10.0; Win64; x64) AppleWebKit/537.36 (KHTML, like Gecko) Chrome/104.0.0.0 Safari/537.36 -
192.168.12.194 - - [17/Aug/2022:14:37:24 +0800] "GET /nacos/v1/cs/communication/configWatchers?&dataId=commons-dev&tenant=9561f0ac-36a7-43b0-bcb3-9e34865b3d70&group=dev HTTP/1.1" 200 41 217 Java/17.0.2 -
192.168.12.194 - - [17/Aug/2022:14:37:24 +0800] "GET /nacos/v1/cs/configs/listener?dataId=commons-dev&group=dev&namespaceId=9561f0ac-36a7-43b0-bcb3-9e34865b3d70&tenant=9561f0ac-36a7-43b0-bcb3-9e34865b3d70&message=true&accessToken=eyJhbGciOiJIUzI1NiJ9.eyJzdWIiOiJuYWNvcyIsImV4cCI6MTY2MDU2MzU5N30.T2AdWdxJugbOcmHpcws5TQPbKOC4YQbp52LxTU3DLoI&username=nacos HTTP/1.1" 200 61 223 Mozilla/5.0 (Windows NT 10.0; Win64; x64) AppleWebKit/537.36 (KHTML, like Gecko) Chrome/104.0.0.0 Safari/537.36 -
192.168.12.194 - - [17/Aug/2022:14:37:31 +0800] "GET /nacos/v1/cs/configs?dataId=&group=&appName=&config_tags=&pageNo=1&pageSize=10&tenant=9561f0ac-36a7-43b0-bcb3-9e34865b3d70&search=accurate&message=true&accessToken=eyJhbGciOiJIUzI1NiJ9.eyJzdWIiOiJuYWNvcyIsImV4cCI6MTY2MDU2MzU5N30.T2AdWdxJugbOcmHpcws5TQPbKOC4YQbp52LxTU3DLoI&username=nacos HTTP/1.1" 200 1042 6 Mozilla/5.0 (Windows NT 10.0; Win64; x64) AppleWebKit/537.36 (KHTML, like Gecko) Chrome/104.0.0.0 Safari/537.36 -
192.168.12.194 - - [17/Aug/2022:14:37:46 +0800] "GET /nacos/v1/cs/configs?accessToken=eyJhbGciOiJIUzI1NiJ9.eyJzdWIiOiJuYWNvcyIsImV4cCI6MTY2MDU2MzU5N30.T2AdWdxJugbOcmHpcws5TQPbKOC4YQbp52LxTU3DLoI&message=true&show=all&dataId=commons-dev.yaml&group=dev&tenant=9561f0ac-36a7-43b0-bcb3-9e34865b3d70&namespaceId=9561f0ac-36a7-43b0-bcb3-9e34865b3d70 HTTP/1.1" 200 - 6 Mozilla/5.0 (Windows NT 10.0; Win64; x64) AppleWebKit/537.36 (KHTML, like Gecko) Chrome/104.0.0.0 Safari/537.36 -
192.168.12.194 - - [17/Aug/2022:14:37:46 +0800] "POST /nacos/v1/cs/configs?accessToken=eyJhbGciOiJIUzI1NiJ9.eyJzdWIiOiJuYWNvcyIsImV4cCI6MTY2MDU2MzU5N30.T2AdWdxJugbOcmHpcws5TQPbKOC4YQbp52LxTU3DLoI&message=true HTTP/1.1" 200 14 13 Mozilla/5.0 (Windows NT 10.0; Win64; x64) AppleWebKit/537.36 (KHTML, like Gecko) Chrome/104.0.0.0 Safari/537.36 -
192.168.12.194 - - [17/Aug/2022:14:37:46 +0800] "GET /nacos/v1/cs/configs?dataId=&group=&appName=&config_tags=&pageNo=1&pageSize=10&tenant=9561f0ac-36a7-43b0-bcb3-9e34865b3d70&search=accurate&message=true&accessToken=eyJhbGciOiJIUzI1NiJ9.eyJzdWIiOiJuYWNvcyIsImV4cCI6MTY2MDU2MzU5N30.T2AdWdxJugbOcmHpcws5TQPbKOC4YQbp52LxTU3DLoI&username=nacos HTTP/1.1" 200 2013 9 Mozilla/5.0 (Windows NT 10.0; Win64; x64) AppleWebKit/537.36 (KHTML, like Gecko) Chrome/104.0.0.0 Safari/537.36 -
127.0.0.1 - - [17/Aug/2022:14:40:17 +0800] "GET /nacos/v1/cs/configs?dataId=commons&tenant=9561f0ac-36a7-43b0-bcb3-9e34865b3d70&group=dev HTTP/1.1" 404 23 4 Java/17.0.2 -
127.0.0.1 - - [17/Aug/2022:14:40:17 +0800] "GET /nacos/v1/cs/configs?dataId=commons.yaml&tenant=9561f0ac-36a7-43b0-bcb3-9e34865b3d70&group=dev HTTP/1.1" 404 23 3 Java/17.0.2 -
127.0.0.1 - - [17/Aug/2022:14:40:17 +0800] "GET /nacos/v1/cs/configs?dataId=commons-dev.yaml&tenant=9561f0ac-36a7-43b0-bcb3-9e34865b3d70&group=dev HTTP/1.1" 200 730 6 Java/17.0.2 -
127.0.0.1 - - [17/Aug/2022:14:41:12 +0800] "GET /nacos/v1/cs/configs?dataId=commons&tenant=9561f0ac-36a7-43b0-bcb3-9e34865b3d70&group=dev HTTP/1.1" 404 23 2 Java/17.0.2 -
127.0.0.1 - - [17/Aug/2022:14:41:12 +0800] "GET /nacos/v1/cs/configs?dataId=commons.yaml&tenant=9561f0ac-36a7-43b0-bcb3-9e34865b3d70&group=dev HTTP/1.1" 404 23 2 Java/17.0.2 -
127.0.0.1 - - [17/Aug/2022:14:41:12 +0800] "GET /nacos/v1/cs/configs?dataId=commons-dev.yaml&tenant=9561f0ac-36a7-43b0-bcb3-9e34865b3d70&group=dev HTTP/1.1" 200 730 5 Java/17.0.2 -
127.0.0.1 - - [17/Aug/2022:14:41:19 +0800] "GET /nacos/v1/ns/instance/list?app=unknown&healthyOnly=false&namespaceId=public&clientIP=172.31.48.1&serviceName=DEFAULT_GROUP%40%40commons&udpPort=50061&clusters=DEFAULT HTTP/1.1" 200 227 29 Nacos-Java-Client:v1.4.2 -
127.0.0.1 - - [17/Aug/2022:14:41:19 +0800] "POST /nacos/v1/ns/instance?app=unknown&groupName=DEFAULT_GROUP&metadata=%7B%22preserved.register.source%22%3A%22SPRING_CLOUD%22%7D&namespaceId=public&port=8081&enable=true&healthy=true&clusterName=DEFAULT&ip=192.168.12.194&weight=1.0&ephemeral=false&serviceName=DEFAULT_GROUP%40%40commons HTTP/1.1" 200 2 40 Nacos-Java-Client:v1.4.2 -
127.0.0.1 - - [17/Aug/2022:14:41:20 +0800] "GET /nacos/v1/ns/instance/list?app=unknown&healthyOnly=false&namespaceId=public&clientIP=172.31.48.1&serviceName=DEFAULT_GROUP%40%40commons&udpPort=50061&clusters=DEFAULT HTTP/1.1" 200 599 6 Nacos-Java-Client:v1.4.2 -
127.0.0.1 - - [17/Aug/2022:14:41:21 +0800] "POST /nacos/v1/cs/configs/listener HTTP/1.1" 200 - 3 Java/17.0.2 -
127.0.0.1 - - [17/Aug/2022:14:41:21 +0800] "GET /nacos/v1/ns/operator/metrics?app=unknown&namespaceId=public HTTP/1.1" 200 25 8 Nacos-Java-Client:v1.4.2 -
127.0.0.1 - - [17/Aug/2022:14:41:21 +0800] "GET /nacos/v1/ns/service/list?app=unknown&pageSize=2147483647&groupName=DEFAULT_GROUP&namespaceId=public&pageNo=1 HTTP/1.1" 200 41 8 Nacos-Java-Client:v1.4.2 -
192.168.12.194 - - [17/Aug/2022:14:41:28 +0800] "DELETE /nacos/v1/cs/configs?dataId=commons-dev.yaml&group=dev&tenant=9561f0ac-36a7-43b0-bcb3-9e34865b3d70&accessToken=eyJhbGciOiJIUzI1NiJ9.eyJzdWIiOiJuYWNvcyIsImV4cCI6MTY2MDU2MzU5N30.T2AdWdxJugbOcmHpcws5TQPbKOC4YQbp52LxTU3DLoI&message=true HTTP/1.1" 200 14 28 Mozilla/5.0 (Windows NT 10.0; Win64; x64) AppleWebKit/537.36 (KHTML, like Gecko) Chrome/104.0.0.0 Safari/537.36 -
127.0.0.1 - - [17/Aug/2022:14:41:28 +0800] "POST /nacos/v1/cs/configs/listener HTTP/1.1" 200 66 7254 Java/17.0.2 -
127.0.0.1 - - [17/Aug/2022:14:41:28 +0800] "GET /nacos/v1/cs/configs?dataId=commons-dev.yaml&tenant=9561f0ac-36a7-43b0-bcb3-9e34865b3d70&group=dev HTTP/1.1" 404 23 2 Java/17.0.2 -
192.168.12.194 - - [17/Aug/2022:14:41:28 +0800] "GET /nacos/v1/cs/configs?dataId=&group=&appName=&config_tags=&pageNo=1&pageSize=10&tenant=9561f0ac-36a7-43b0-bcb3-9e34865b3d70&search=accurate&message=true&accessToken=eyJhbGciOiJIUzI1NiJ9.eyJzdWIiOiJuYWNvcyIsImV4cCI6MTY2MDU2MzU5N30.T2AdWdxJugbOcmHpcws5TQPbKOC4YQbp52LxTU3DLoI&username=nacos HTTP/1.1" 200 1042 5 Mozilla/5.0 (Windows NT 10.0; Win64; x64) AppleWebKit/537.36 (KHTML, like Gecko) Chrome/104.0.0.0 Safari/537.36 -
127.0.0.1 - - [17/Aug/2022:14:41:30 +0800] "GET /nacos/v1/cs/configs?dataId=commons&tenant=9561f0ac-36a7-43b0-bcb3-9e34865b3d70&group=dev HTTP/1.1" 404 23 3 Java/17.0.2 -
127.0.0.1 - - [17/Aug/2022:14:41:30 +0800] "GET /nacos/v1/cs/configs?dataId=commons.yaml&tenant=9561f0ac-36a7-43b0-bcb3-9e34865b3d70&group=dev HTTP/1.1" 404 23 4 Java/17.0.2 -
127.0.0.1 - - [17/Aug/2022:14:41:30 +0800] "GET /nacos/v1/cs/configs?dataId=commons-dev.yaml&tenant=9561f0ac-36a7-43b0-bcb3-9e34865b3d70&group=dev HTTP/1.1" 404 23 3 Java/17.0.2 -
127.0.0.1 - - [17/Aug/2022:14:41:30 +0800] "GET /nacos/v1/ns/instance/list?app=unknown&healthyOnly=false&namespaceId=public&clientIP=172.31.48.1&serviceName=DEFAULT_GROUP%40%40commons&udpPort=50061&clusters=DEFAULT HTTP/1.1" 200 599 5 Nacos-Java-Client:v1.4.2 -
127.0.0.1 - - [17/Aug/2022:14:41:40 +0800] "GET /nacos/v1/ns/instance/list?app=unknown&healthyOnly=false&namespaceId=public&clientIP=172.31.48.1&serviceName=DEFAULT_GROUP%40%40commons&udpPort=50061&clusters=DEFAULT HTTP/1.1" 200 599 2 Nacos-Java-Client:v1.4.2 -
192.168.12.194 - - [17/Aug/2022:14:41:41 +0800] "GET /nacos/v1/cs/history/configs?tenant=9561f0ac-36a7-43b0-bcb3-9e34865b3d70&accessToken=eyJhbGciOiJIUzI1NiJ9.eyJzdWIiOiJuYWNvcyIsImV4cCI6MTY2MDU2MzU5N30.T2AdWdxJugbOcmHpcws5TQPbKOC4YQbp52LxTU3DLoI&message=true&namespaceId=9561f0ac-36a7-43b0-bcb3-9e34865b3d70 HTTP/1.1" 200 202 14 Mozilla/5.0 (Windows NT 10.0; Win64; x64) AppleWebKit/537.36 (KHTML, like Gecko) Chrome/104.0.0.0 Safari/537.36 -
192.168.12.194 - - [17/Aug/2022:14:41:42 +0800] "GET /nacos/v1/ns/catalog/services?hasIpCount=true&withInstances=false&pageNo=1&pageSize=10&serviceNameParam=&groupNameParam=&accessToken=eyJhbGciOiJIUzI1NiJ9.eyJzdWIiOiJuYWNvcyIsImV4cCI6MTY2MDU2MzU5N30.T2AdWdxJugbOcmHpcws5TQPbKOC4YQbp52LxTU3DLoI&message=true&namespaceId=9561f0ac-36a7-43b0-bcb3-9e34865b3d70 HTTP/1.1" 200 39 6 Mozilla/5.0 (Windows NT 10.0; Win64; x64) AppleWebKit/537.36 (KHTML, like Gecko) Chrome/104.0.0.0 Safari/537.36 -
192.168.12.194 - - [17/Aug/2022:14:41:44 +0800] "GET /nacos/ HTTP/1.1" 304 - 19 Mozilla/5.0 (Windows NT 10.0; Win64; x64) AppleWebKit/537.36 (KHTML, like Gecko) Chrome/104.0.0.0 Safari/537.36 -
192.168.12.194 - - [17/Aug/2022:14:41:44 +0800] "GET /nacos/v1/console/namespaces?accessToken=eyJhbGciOiJIUzI1NiJ9.eyJzdWIiOiJuYWNvcyIsImV4cCI6MTY2MDU2MzU5N30.T2AdWdxJugbOcmHpcws5TQPbKOC4YQbp52LxTU3DLoI&message=true&namespaceId=9561f0ac-36a7-43b0-bcb3-9e34865b3d70 HTTP/1.1" 200 298 6 Mozilla/5.0 (Windows NT 10.0; Win64; x64) AppleWebKit/537.36 (KHTML, like Gecko) Chrome/104.0.0.0 Safari/537.36 -
192.168.12.194 - - [17/Aug/2022:14:41:44 +0800] "GET /nacos/v1/console/server/state?message=true&accessToken=eyJhbGciOiJIUzI1NiJ9.eyJzdWIiOiJuYWNvcyIsImV4cCI6MTY2MDU2MzU5N30.T2AdWdxJugbOcmHpcws5TQPbKOC4YQbp52LxTU3DLoI&username=nacos HTTP/1.1" 200 82 3 Mozilla/5.0 (Windows NT 10.0; Win64; x64) AppleWebKit/537.36 (KHTML, like Gecko) Chrome/104.0.0.0 Safari/537.36 -
192.168.12.194 - - [17/Aug/2022:14:41:44 +0800] "GET /nacos/v1/ns/catalog/services?hasIpCount=true&withInstances=false&pageNo=1&pageSize=10&serviceNameParam=&groupNameParam=&accessToken=eyJhbGciOiJIUzI1NiJ9.eyJzdWIiOiJuYWNvcyIsImV4cCI6MTY2MDU2MzU5N30.T2AdWdxJugbOcmHpcws5TQPbKOC4YQbp52LxTU3DLoI&message=true&namespaceId=9561f0ac-36a7-43b0-bcb3-9e34865b3d70 HTTP/1.1" 200 39 3 Mozilla/5.0 (Windows NT 10.0; Win64; x64) AppleWebKit/537.36 (KHTML, like Gecko) Chrome/104.0.0.0 Safari/537.36 -
192.168.12.194 - - [17/Aug/2022:14:41:45 +0800] "GET /nacos/ HTTP/1.1" 304 - 15 Mozilla/5.0 (Windows NT 10.0; Win64; x64) AppleWebKit/537.36 (KHTML, like Gecko) Chrome/104.0.0.0 Safari/537.36 -
192.168.12.194 - - [17/Aug/2022:14:41:45 +0800] "GET /nacos/v1/console/namespaces?accessToken=eyJhbGciOiJIUzI1NiJ9.eyJzdWIiOiJuYWNvcyIsImV4cCI6MTY2MDU2MzU5N30.T2AdWdxJugbOcmHpcws5TQPbKOC4YQbp52LxTU3DLoI&message=true&namespaceId=9561f0ac-36a7-43b0-bcb3-9e34865b3d70 HTTP/1.1" 200 298 8 Mozilla/5.0 (Windows NT 10.0; Win64; x64) AppleWebKit/537.36 (KHTML, like Gecko) Chrome/104.0.0.0 Safari/537.36 -
192.168.12.194 - - [17/Aug/2022:14:41:45 +0800] "GET /nacos/v1/console/server/state?message=true&accessToken=eyJhbGciOiJIUzI1NiJ9.eyJzdWIiOiJuYWNvcyIsImV4cCI6MTY2MDU2MzU5N30.T2AdWdxJugbOcmHpcws5TQPbKOC4YQbp52LxTU3DLoI&username=nacos HTTP/1.1" 200 82 2 Mozilla/5.0 (Windows NT 10.0; Win64; x64) AppleWebKit/537.36 (KHTML, like Gecko) Chrome/104.0.0.0 Safari/537.36 -
192.168.12.194 - - [17/Aug/2022:14:41:45 +0800] "GET /nacos/v1/ns/catalog/services?hasIpCount=true&withInstances=false&pageNo=1&pageSize=10&serviceNameParam=&groupNameParam=&accessToken=eyJhbGciOiJIUzI1NiJ9.eyJzdWIiOiJuYWNvcyIsImV4cCI6MTY2MDU2MzU5N30.T2AdWdxJugbOcmHpcws5TQPbKOC4YQbp52LxTU3DLoI&message=true&namespaceId=9561f0ac-36a7-43b0-bcb3-9e34865b3d70 HTTP/1.1" 200 39 3 Mozilla/5.0 (Windows NT 10.0; Win64; x64) AppleWebKit/537.36 (KHTML, like Gecko) Chrome/104.0.0.0 Safari/537.36 -
192.168.12.194 - - [17/Aug/2022:14:41:45 +0800] "GET /nacos/ HTTP/1.1" 304 - 5 Mozilla/5.0 (Windows NT 10.0; Win64; x64) AppleWebKit/537.36 (KHTML, like Gecko) Chrome/104.0.0.0 Safari/537.36 -
192.168.12.194 - - [17/Aug/2022:14:41:46 +0800] "GET /nacos/v1/console/namespaces?accessToken=eyJhbGciOiJIUzI1NiJ9.eyJzdWIiOiJuYWNvcyIsImV4cCI6MTY2MDU2MzU5N30.T2AdWdxJugbOcmHpcws5TQPbKOC4YQbp52LxTU3DLoI&message=true&namespaceId=9561f0ac-36a7-43b0-bcb3-9e34865b3d70 HTTP/1.1" 200 298 7 Mozilla/5.0 (Windows NT 10.0; Win64; x64) AppleWebKit/537.36 (KHTML, like Gecko) Chrome/104.0.0.0 Safari/537.36 -
192.168.12.194 - - [17/Aug/2022:14:41:46 +0800] "GET /nacos/v1/console/server/state?message=true&accessToken=eyJhbGciOiJIUzI1NiJ9.eyJzdWIiOiJuYWNvcyIsImV4cCI6MTY2MDU2MzU5N30.T2AdWdxJugbOcmHpcws5TQPbKOC4YQbp52LxTU3DLoI&username=nacos HTTP/1.1" 200 82 5 Mozilla/5.0 (Windows NT 10.0; Win64; x64) AppleWebKit/537.36 (KHTML, like Gecko) Chrome/104.0.0.0 Safari/537.36 -
192.168.12.194 - - [17/Aug/2022:14:41:46 +0800] "GET /nacos/v1/ns/catalog/services?hasIpCount=true&withInstances=false&pageNo=1&pageSize=10&serviceNameParam=&groupNameParam=&accessToken=eyJhbGciOiJIUzI1NiJ9.eyJzdWIiOiJuYWNvcyIsImV4cCI6MTY2MDU2MzU5N30.T2AdWdxJugbOcmHpcws5TQPbKOC4YQbp52LxTU3DLoI&message=true&namespaceId=9561f0ac-36a7-43b0-bcb3-9e34865b3d70 HTTP/1.1" 200 39 3 Mozilla/5.0 (Windows NT 10.0; Win64; x64) AppleWebKit/537.36 (KHTML, like Gecko) Chrome/104.0.0.0 Safari/537.36 -
127.0.0.1 - - [17/Aug/2022:14:41:50 +0800] "GET /nacos/v1/ns/instance/list?app=unknown&healthyOnly=false&namespaceId=public&clientIP=172.31.48.1&serviceName=DEFAULT_GROUP%40%40commons&udpPort=50061&clusters=DEFAULT HTTP/1.1" 200 599 4 Nacos-Java-Client:v1.4.2 -
192.168.12.194 - - [17/Aug/2022:14:41:54 +0800] "GET /nacos/v1/cs/history/configs?tenant=9561f0ac-36a7-43b0-bcb3-9e34865b3d70&accessToken=eyJhbGciOiJIUzI1NiJ9.eyJzdWIiOiJuYWNvcyIsImV4cCI6MTY2MDU2MzU5N30.T2AdWdxJugbOcmHpcws5TQPbKOC4YQbp52LxTU3DLoI&message=true&namespaceId=9561f0ac-36a7-43b0-bcb3-9e34865b3d70 HTTP/1.1" 200 202 3 Mozilla/5.0 (Windows NT 10.0; Win64; x64) AppleWebKit/537.36 (KHTML, like Gecko) Chrome/104.0.0.0 Safari/537.36 -
192.168.12.194 - - [17/Aug/2022:14:41:55 +0800] "GET /nacos/v1/cs/configs?dataId=&group=&appName=&config_tags=&pageNo=1&pageSize=10&tenant=9561f0ac-36a7-43b0-bcb3-9e34865b3d70&search=accurate&message=true&accessToken=eyJhbGciOiJIUzI1NiJ9.eyJzdWIiOiJuYWNvcyIsImV4cCI6MTY2MDU2MzU5N30.T2AdWdxJugbOcmHpcws5TQPbKOC4YQbp52LxTU3DLoI&username=nacos HTTP/1.1" 200 1042 5 Mozilla/5.0 (Windows NT 10.0; Win64; x64) AppleWebKit/537.36 (KHTML, like Gecko) Chrome/104.0.0.0 Safari/537.36 -
127.0.0.1 - - [17/Aug/2022:14:41:59 +0800] "POST /nacos/v1/cs/configs/listener HTTP/1.1" 200 - 29508 Java/17.0.2 -
127.0.0.1 - - [17/Aug/2022:14:42:00 +0800] "GET /nacos/v1/ns/instance/list?app=unknown&healthyOnly=false&namespaceId=public&clientIP=172.31.48.1&serviceName=DEFAULT_GROUP%40%40commons&udpPort=50061&clusters=DEFAULT HTTP/1.1" 200 599 10 Nacos-Java-Client:v1.4.2 -
192.168.12.194 - - [17/Aug/2022:14:42:09 +0800] "GET /nacos/v1/cs/configs?dataId=commons-dev&group=dev&namespaceId=9561f0ac-36a7-43b0-bcb3-9e34865b3d70&tenant=9561f0ac-36a7-43b0-bcb3-9e34865b3d70&beta=true&message=true&accessToken=eyJhbGciOiJIUzI1NiJ9.eyJzdWIiOiJuYWNvcyIsImV4cCI6MTY2MDU2MzU5N30.T2AdWdxJugbOcmHpcws5TQPbKOC4YQbp52LxTU3DLoI&username=nacos HTTP/1.1" 200 60 5 Mozilla/5.0 (Windows NT 10.0; Win64; x64) AppleWebKit/537.36 (KHTML, like Gecko) Chrome/104.0.0.0 Safari/537.36 -
192.168.12.194 - - [17/Aug/2022:14:42:09 +0800] "GET /nacos/v1/cs/configs?dataId=commons-dev&group=dev&namespaceId=9561f0ac-36a7-43b0-bcb3-9e34865b3d70&tenant=9561f0ac-36a7-43b0-bcb3-9e34865b3d70&show=all&message=true&accessToken=eyJhbGciOiJIUzI1NiJ9.eyJzdWIiOiJuYWNvcyIsImV4cCI6MTY2MDU2MzU5N30.T2AdWdxJugbOcmHpcws5TQPbKOC4YQbp52LxTU3DLoI&username=nacos HTTP/1.1" 200 1174 3 Mozilla/5.0 (Windows NT 10.0; Win64; x64) AppleWebKit/537.36 (KHTML, like Gecko) Chrome/104.0.0.0 Safari/537.36 -
192.168.12.194 - - [17/Aug/2022:14:42:09 +0800] "GET /nacos/v1/cs/communication/configWatchers?&dataId=commons-dev&tenant=9561f0ac-36a7-43b0-bcb3-9e34865b3d70&group=dev HTTP/1.1" 200 41 217 Java/17.0.2 -
192.168.12.194 - - [17/Aug/2022:14:42:09 +0800] "GET /nacos/v1/cs/configs/listener?dataId=commons-dev&group=dev&namespaceId=9561f0ac-36a7-43b0-bcb3-9e34865b3d70&tenant=9561f0ac-36a7-43b0-bcb3-9e34865b3d70&message=true&accessToken=eyJhbGciOiJIUzI1NiJ9.eyJzdWIiOiJuYWNvcyIsImV4cCI6MTY2MDU2MzU5N30.T2AdWdxJugbOcmHpcws5TQPbKOC4YQbp52LxTU3DLoI&username=nacos HTTP/1.1" 200 61 224 Mozilla/5.0 (Windows NT 10.0; Win64; x64) AppleWebKit/537.36 (KHTML, like Gecko) Chrome/104.0.0.0 Safari/537.36 -
127.0.0.1 - - [17/Aug/2022:14:42:10 +0800] "GET /nacos/v1/ns/instance/list?app=unknown&healthyOnly=false&namespaceId=public&clientIP=172.31.48.1&serviceName=DEFAULT_GROUP%40%40commons&udpPort=50061&clusters=DEFAULT HTTP/1.1" 200 599 3 Nacos-Java-Client:v1.4.2 -
192.168.12.194 - - [17/Aug/2022:14:42:19 +0800] "GET /nacos/v1/cs/configs?dataId=&group=&appName=&config_tags=&pageNo=1&pageSize=10&tenant=9561f0ac-36a7-43b0-bcb3-9e34865b3d70&search=accurate&message=true&accessToken=eyJhbGciOiJIUzI1NiJ9.eyJzdWIiOiJuYWNvcyIsImV4cCI6MTY2MDU2MzU5N30.T2AdWdxJugbOcmHpcws5TQPbKOC4YQbp52LxTU3DLoI&username=nacos HTTP/1.1" 200 1042 6 Mozilla/5.0 (Windows NT 10.0; Win64; x64) AppleWebKit/537.36 (KHTML, like Gecko) Chrome/104.0.0.0 Safari/537.36 -
127.0.0.1 - - [17/Aug/2022:14:42:20 +0800] "GET /nacos/v1/ns/instance/list?app=unknown&healthyOnly=false&namespaceId=public&clientIP=172.31.48.1&serviceName=DEFAULT_GROUP%40%40commons&udpPort=50061&clusters=DEFAULT HTTP/1.1" 200 599 7 Nacos-Java-Client:v1.4.2 -
192.168.12.194 - - [17/Aug/2022:14:42:24 +0800] "GET /nacos/ HTTP/1.1" 304 - 4 Mozilla/5.0 (Windows NT 10.0; Win64; x64) AppleWebKit/537.36 (KHTML, like Gecko) Chrome/104.0.0.0 Safari/537.36 -
192.168.12.194 - - [17/Aug/2022:14:42:24 +0800] "GET /nacos/v1/console/namespaces?accessToken=eyJhbGciOiJIUzI1NiJ9.eyJzdWIiOiJuYWNvcyIsImV4cCI6MTY2MDU2MzU5N30.T2AdWdxJugbOcmHpcws5TQPbKOC4YQbp52LxTU3DLoI&message=true&namespaceId=9561f0ac-36a7-43b0-bcb3-9e34865b3d70 HTTP/1.1" 200 298 8 Mozilla/5.0 (Windows NT 10.0; Win64; x64) AppleWebKit/537.36 (KHTML, like Gecko) Chrome/104.0.0.0 Safari/537.36 -
192.168.12.194 - - [17/Aug/2022:14:42:24 +0800] "GET /nacos/v1/console/server/state?message=true&accessToken=eyJhbGciOiJIUzI1NiJ9.eyJzdWIiOiJuYWNvcyIsImV4cCI6MTY2MDU2MzU5N30.T2AdWdxJugbOcmHpcws5TQPbKOC4YQbp52LxTU3DLoI&username=nacos HTTP/1.1" 200 82 3 Mozilla/5.0 (Windows NT 10.0; Win64; x64) AppleWebKit/537.36 (KHTML, like Gecko) Chrome/104.0.0.0 Safari/537.36 -
192.168.12.194 - - [17/Aug/2022:14:42:24 +0800] "GET /nacos/v1/cs/configs?dataId=&group=&appName=&config_tags=&pageNo=1&pageSize=10&tenant=9561f0ac-36a7-43b0-bcb3-9e34865b3d70&search=accurate&message=true&accessToken=eyJhbGciOiJIUzI1NiJ9.eyJzdWIiOiJuYWNvcyIsImV4cCI6MTY2MDU2MzU5N30.T2AdWdxJugbOcmHpcws5TQPbKOC4YQbp52LxTU3DLoI&username=nacos HTTP/1.1" 200 1042 5 Mozilla/5.0 (Windows NT 10.0; Win64; x64) AppleWebKit/537.36 (KHTML, like Gecko) Chrome/104.0.0.0 Safari/537.36 -
192.168.12.194 - - [17/Aug/2022:14:42:25 +0800] "GET /nacos/v1/cs/history/configs?tenant=9561f0ac-36a7-43b0-bcb3-9e34865b3d70&accessToken=eyJhbGciOiJIUzI1NiJ9.eyJzdWIiOiJuYWNvcyIsImV4cCI6MTY2MDU2MzU5N30.T2AdWdxJugbOcmHpcws5TQPbKOC4YQbp52LxTU3DLoI&message=true&namespaceId=9561f0ac-36a7-43b0-bcb3-9e34865b3d70 HTTP/1.1" 200 202 3 Mozilla/5.0 (Windows NT 10.0; Win64; x64) AppleWebKit/537.36 (KHTML, like Gecko) Chrome/104.0.0.0 Safari/537.36 -
192.168.12.194 - - [17/Aug/2022:14:42:26 +0800] "GET /nacos/v1/cs/configs?dataId=&group=&appName=&config_tags=&pageNo=1&pageSize=10&tenant=9561f0ac-36a7-43b0-bcb3-9e34865b3d70&search=accurate&message=true&accessToken=eyJhbGciOiJIUzI1NiJ9.eyJzdWIiOiJuYWNvcyIsImV4cCI6MTY2MDU2MzU5N30.T2AdWdxJugbOcmHpcws5TQPbKOC4YQbp52LxTU3DLoI&username=nacos HTTP/1.1" 200 1042 4 Mozilla/5.0 (Windows NT 10.0; Win64; x64) AppleWebKit/537.36 (KHTML, like Gecko) Chrome/104.0.0.0 Safari/537.36 -
192.168.12.194 - - [17/Aug/2022:14:42:26 +0800] "GET /nacos/v1/cs/history/configs?tenant=9561f0ac-36a7-43b0-bcb3-9e34865b3d70&accessToken=eyJhbGciOiJIUzI1NiJ9.eyJzdWIiOiJuYWNvcyIsImV4cCI6MTY2MDU2MzU5N30.T2AdWdxJugbOcmHpcws5TQPbKOC4YQbp52LxTU3DLoI&message=true&namespaceId=9561f0ac-36a7-43b0-bcb3-9e34865b3d70 HTTP/1.1" 200 202 3 Mozilla/5.0 (Windows NT 10.0; Win64; x64) AppleWebKit/537.36 (KHTML, like Gecko) Chrome/104.0.0.0 Safari/537.36 -
127.0.0.1 - - [17/Aug/2022:14:42:29 +0800] "POST /nacos/v1/cs/configs/listener HTTP/1.1" 200 - 29504 Java/17.0.2 -
192.168.12.194 - - [17/Aug/2022:14:42:30 +0800] "GET /nacos/v1/cs/history?search=accurate&dataId=commons-dev&group=dev&&pageNo=1&pageSize=10&tenant=9561f0ac-36a7-43b0-bcb3-9e34865b3d70&accessToken=eyJhbGciOiJIUzI1NiJ9.eyJzdWIiOiJuYWNvcyIsImV4cCI6MTY2MDU2MzU5N30.T2AdWdxJugbOcmHpcws5TQPbKOC4YQbp52LxTU3DLoI&message=true&namespaceId=9561f0ac-36a7-43b0-bcb3-9e34865b3d70 HTTP/1.1" 200 406 40 Mozilla/5.0 (Windows NT 10.0; Win64; x64) AppleWebKit/537.36 (KHTML, like Gecko) Chrome/104.0.0.0 Safari/537.36 -
127.0.0.1 - - [17/Aug/2022:14:42:30 +0800] "GET /nacos/v1/ns/instance/list?app=unknown&healthyOnly=false&namespaceId=public&clientIP=172.31.48.1&serviceName=DEFAULT_GROUP%40%40commons&udpPort=50061&clusters=DEFAULT HTTP/1.1" 200 599 2 Nacos-Java-Client:v1.4.2 -
192.168.12.194 - - [17/Aug/2022:14:42:34 +0800] "GET /nacos/v1/ns/catalog/services?hasIpCount=true&withInstances=false&pageNo=1&pageSize=10&serviceNameParam=&groupNameParam=&accessToken=eyJhbGciOiJIUzI1NiJ9.eyJzdWIiOiJuYWNvcyIsImV4cCI6MTY2MDU2MzU5N30.T2AdWdxJugbOcmHpcws5TQPbKOC4YQbp52LxTU3DLoI&message=true&namespaceId=9561f0ac-36a7-43b0-bcb3-9e34865b3d70 HTTP/1.1" 200 39 4 Mozilla/5.0 (Windows NT 10.0; Win64; x64) AppleWebKit/537.36 (KHTML, like Gecko) Chrome/104.0.0.0 Safari/537.36 -
192.168.12.194 - - [17/Aug/2022:14:42:36 +0800] "GET /nacos/v1/ns/catalog/services?hasIpCount=true&withInstances=false&pageNo=1&pageSize=10&serviceNameParam=&groupNameParam=&accessToken=eyJhbGciOiJIUzI1NiJ9.eyJzdWIiOiJuYWNvcyIsImV4cCI6MTY2MDU2MzU5N30.T2AdWdxJugbOcmHpcws5TQPbKOC4YQbp52LxTU3DLoI&message=true&namespaceId= HTTP/1.1" 200 161 3 Mozilla/5.0 (Windows NT 10.0; Win64; x64) AppleWebKit/537.36 (KHTML, like Gecko) Chrome/104.0.0.0 Safari/537.36 -
192.168.12.194 - - [17/Aug/2022:14:42:39 +0800] "GET /nacos/v1/ns/catalog/services?hasIpCount=true&withInstances=false&pageNo=1&pageSize=10&serviceNameParam=&groupNameParam=&accessToken=eyJhbGciOiJIUzI1NiJ9.eyJzdWIiOiJuYWNvcyIsImV4cCI6MTY2MDU2MzU5N30.T2AdWdxJugbOcmHpcws5TQPbKOC4YQbp52LxTU3DLoI&message=true&namespaceId=9561f0ac-36a7-43b0-bcb3-9e34865b3d70 HTTP/1.1" 200 39 3 Mozilla/5.0 (Windows NT 10.0; Win64; x64) AppleWebKit/537.36 (KHTML, like Gecko) Chrome/104.0.0.0 Safari/537.36 -
192.168.12.194 - - [17/Aug/2022:14:42:40 +0800] "GET /nacos/v1/ns/catalog/services?hasIpCount=true&withInstances=false&pageNo=1&pageSize=10&serviceNameParam=&groupNameParam=&accessToken=eyJhbGciOiJIUzI1NiJ9.eyJzdWIiOiJuYWNvcyIsImV4cCI6MTY2MDU2MzU5N30.T2AdWdxJugbOcmHpcws5TQPbKOC4YQbp52LxTU3DLoI&message=true&namespaceId= HTTP/1.1" 200 161 5 Mozilla/5.0 (Windows NT 10.0; Win64; x64) AppleWebKit/537.36 (KHTML, like Gecko) Chrome/104.0.0.0 Safari/537.36 -
127.0.0.1 - - [17/Aug/2022:14:42:40 +0800] "GET /nacos/v1/ns/instance/list?app=unknown&healthyOnly=false&namespaceId=public&clientIP=172.31.48.1&serviceName=DEFAULT_GROUP%40%40commons&udpPort=50061&clusters=DEFAULT HTTP/1.1" 200 599 2 Nacos-Java-Client:v1.4.2 -
192.168.12.194 - - [17/Aug/2022:14:42:50 +0800] "GET /nacos/v1/cs/configs?dataId=&group=&appName=&config_tags=&pageNo=1&pageSize=10&tenant=&search=accurate&message=true&accessToken=eyJhbGciOiJIUzI1NiJ9.eyJzdWIiOiJuYWNvcyIsImV4cCI6MTY2MDU2MzU5N30.T2AdWdxJugbOcmHpcws5TQPbKOC4YQbp52LxTU3DLoI&username=nacos HTTP/1.1" 200 76 6 Mozilla/5.0 (Windows NT 10.0; Win64; x64) AppleWebKit/537.36 (KHTML, like Gecko) Chrome/104.0.0.0 Safari/537.36 -
127.0.0.1 - - [17/Aug/2022:14:42:50 +0800] "GET /nacos/v1/ns/instance/list?app=unknown&healthyOnly=false&namespaceId=public&clientIP=172.31.48.1&serviceName=DEFAULT_GROUP%40%40commons&udpPort=50061&clusters=DEFAULT HTTP/1.1" 200 599 3 Nacos-Java-Client:v1.4.2 -
192.168.12.194 - - [17/Aug/2022:14:42:51 +0800] "GET /nacos/v1/cs/history/configs?tenant=&accessToken=eyJhbGciOiJIUzI1NiJ9.eyJzdWIiOiJuYWNvcyIsImV4cCI6MTY2MDU2MzU5N30.T2AdWdxJugbOcmHpcws5TQPbKOC4YQbp52LxTU3DLoI&message=true&namespaceId= HTTP/1.1" 200 12 3 Mozilla/5.0 (Windows NT 10.0; Win64; x64) AppleWebKit/537.36 (KHTML, like Gecko) Chrome/104.0.0.0 Safari/537.36 -
192.168.12.194 - - [17/Aug/2022:14:42:56 +0800] "GET /nacos/v1/cs/configs?dataId=&group=&appName=&config_tags=&pageNo=1&pageSize=10&tenant=9561f0ac-36a7-43b0-bcb3-9e34865b3d70&search=accurate&message=true&accessToken=eyJhbGciOiJIUzI1NiJ9.eyJzdWIiOiJuYWNvcyIsImV4cCI6MTY2MDU2MzU5N30.T2AdWdxJugbOcmHpcws5TQPbKOC4YQbp52LxTU3DLoI&username=nacos HTTP/1.1" 200 1042 6 Mozilla/5.0 (Windows NT 10.0; Win64; x64) AppleWebKit/537.36 (KHTML, like Gecko) Chrome/104.0.0.0 Safari/537.36 -
192.168.12.194 - - [17/Aug/2022:14:42:58 +0800] "GET /nacos/v1/cs/configs?dataId=commons-dev&group=dev&namespaceId=9561f0ac-36a7-43b0-bcb3-9e34865b3d70&tenant=9561f0ac-36a7-43b0-bcb3-9e34865b3d70&beta=true&message=true&accessToken=eyJhbGciOiJIUzI1NiJ9.eyJzdWIiOiJuYWNvcyIsImV4cCI6MTY2MDU2MzU5N30.T2AdWdxJugbOcmHpcws5TQPbKOC4YQbp52LxTU3DLoI&username=nacos HTTP/1.1" 200 60 4 Mozilla/5.0 (Windows NT 10.0; Win64; x64) AppleWebKit/537.36 (KHTML, like Gecko) Chrome/104.0.0.0 Safari/537.36 -
192.168.12.194 - - [17/Aug/2022:14:42:58 +0800] "GET /nacos/v1/cs/configs?dataId=commons-dev&group=dev&namespaceId=9561f0ac-36a7-43b0-bcb3-9e34865b3d70&tenant=9561f0ac-36a7-43b0-bcb3-9e34865b3d70&show=all&message=true&accessToken=eyJhbGciOiJIUzI1NiJ9.eyJzdWIiOiJuYWNvcyIsImV4cCI6MTY2MDU2MzU5N30.T2AdWdxJugbOcmHpcws5TQPbKOC4YQbp52LxTU3DLoI&username=nacos HTTP/1.1" 200 1174 3 Mozilla/5.0 (Windows NT 10.0; Win64; x64) AppleWebKit/537.36 (KHTML, like Gecko) Chrome/104.0.0.0 Safari/537.36 -
192.168.12.194 - - [17/Aug/2022:14:42:58 +0800] "GET /nacos/v1/cs/communication/configWatchers?&dataId=commons-dev&tenant=9561f0ac-36a7-43b0-bcb3-9e34865b3d70&group=dev HTTP/1.1" 200 41 213 Java/17.0.2 -
192.168.12.194 - - [17/Aug/2022:14:42:58 +0800] "GET /nacos/v1/cs/configs/listener?dataId=commons-dev&group=dev&namespaceId=9561f0ac-36a7-43b0-bcb3-9e34865b3d70&tenant=9561f0ac-36a7-43b0-bcb3-9e34865b3d70&message=true&accessToken=eyJhbGciOiJIUzI1NiJ9.eyJzdWIiOiJuYWNvcyIsImV4cCI6MTY2MDU2MzU5N30.T2AdWdxJugbOcmHpcws5TQPbKOC4YQbp52LxTU3DLoI&username=nacos HTTP/1.1" 200 61 216 Mozilla/5.0 (Windows NT 10.0; Win64; x64) AppleWebKit/537.36 (KHTML, like Gecko) Chrome/104.0.0.0 Safari/537.36 -
127.0.0.1 - - [17/Aug/2022:14:42:58 +0800] "POST /nacos/v1/cs/configs/listener HTTP/1.1" 200 - 29505 Java/17.0.2 -
127.0.0.1 - - [17/Aug/2022:14:43:00 +0800] "GET /nacos/v1/ns/instance/list?app=unknown&healthyOnly=false&namespaceId=public&clientIP=172.31.48.1&serviceName=DEFAULT_GROUP%40%40commons&udpPort=50061&clusters=DEFAULT HTTP/1.1" 200 599 3 Nacos-Java-Client:v1.4.2 -
127.0.0.1 - - [17/Aug/2022:14:43:10 +0800] "GET /nacos/v1/ns/instance/list?app=unknown&healthyOnly=false&namespaceId=public&clientIP=172.31.48.1&serviceName=DEFAULT_GROUP%40%40commons&udpPort=50061&clusters=DEFAULT HTTP/1.1" 200 599 6 Nacos-Java-Client:v1.4.2 -
192.168.12.194 - - [17/Aug/2022:14:43:19 +0800] "POST /nacos/v1/cs/configs?message=true&accessToken=eyJhbGciOiJIUzI1NiJ9.eyJzdWIiOiJuYWNvcyIsImV4cCI6MTY2MDU2MzU5N30.T2AdWdxJugbOcmHpcws5TQPbKOC4YQbp52LxTU3DLoI&username=nacos HTTP/1.1" 200 14 34 Mozilla/5.0 (Windows NT 10.0; Win64; x64) AppleWebKit/537.36 (KHTML, like Gecko) Chrome/104.0.0.0 Safari/537.36 -
192.168.12.194 - - [17/Aug/2022:14:43:19 +0800] "GET /nacos/v1/cs/configs?dataId=commons-dev&group=dev&namespaceId=9561f0ac-36a7-43b0-bcb3-9e34865b3d70&tenant=9561f0ac-36a7-43b0-bcb3-9e34865b3d70&show=all&message=true&accessToken=eyJhbGciOiJIUzI1NiJ9.eyJzdWIiOiJuYWNvcyIsImV4cCI6MTY2MDU2MzU5N30.T2AdWdxJugbOcmHpcws5TQPbKOC4YQbp52LxTU3DLoI&username=nacos HTTP/1.1" 200 1006 6 Mozilla/5.0 (Windows NT 10.0; Win64; x64) AppleWebKit/537.36 (KHTML, like Gecko) Chrome/104.0.0.0 Safari/537.36 -
127.0.0.1 - - [17/Aug/2022:14:43:20 +0800] "GET /nacos/v1/ns/instance/list?app=unknown&healthyOnly=false&namespaceId=public&clientIP=172.31.48.1&serviceName=DEFAULT_GROUP%40%40commons&udpPort=50061&clusters=DEFAULT HTTP/1.1" 200 599 2 Nacos-Java-Client:v1.4.2 -
192.168.12.194 - - [17/Aug/2022:14:43:20 +0800] "GET /nacos/v1/cs/configs?dataId=&group=&appName=&config_tags=&pageNo=1&pageSize=10&tenant=9561f0ac-36a7-43b0-bcb3-9e34865b3d70&search=accurate&message=true&accessToken=eyJhbGciOiJIUzI1NiJ9.eyJzdWIiOiJuYWNvcyIsImV4cCI6MTY2MDU2MzU5N30.T2AdWdxJugbOcmHpcws5TQPbKOC4YQbp52LxTU3DLoI&username=nacos HTTP/1.1" 200 879 5 Mozilla/5.0 (Windows NT 10.0; Win64; x64) AppleWebKit/537.36 (KHTML, like Gecko) Chrome/104.0.0.0 Safari/537.36 -
192.168.12.194 - - [17/Aug/2022:14:43:23 +0800] "GET /nacos/v1/cs/configs?dataId=commons-dev&group=dev&namespaceId=9561f0ac-36a7-43b0-bcb3-9e34865b3d70&tenant=9561f0ac-36a7-43b0-bcb3-9e34865b3d70&beta=true&message=true&accessToken=eyJhbGciOiJIUzI1NiJ9.eyJzdWIiOiJuYWNvcyIsImV4cCI6MTY2MDU2MzU5N30.T2AdWdxJugbOcmHpcws5TQPbKOC4YQbp52LxTU3DLoI&username=nacos HTTP/1.1" 200 60 4 Mozilla/5.0 (Windows NT 10.0; Win64; x64) AppleWebKit/537.36 (KHTML, like Gecko) Chrome/104.0.0.0 Safari/537.36 -
192.168.12.194 - - [17/Aug/2022:14:43:23 +0800] "GET /nacos/v1/cs/configs?dataId=commons-dev&group=dev&namespaceId=9561f0ac-36a7-43b0-bcb3-9e34865b3d70&tenant=9561f0ac-36a7-43b0-bcb3-9e34865b3d70&show=all&message=true&accessToken=eyJhbGciOiJIUzI1NiJ9.eyJzdWIiOiJuYWNvcyIsImV4cCI6MTY2MDU2MzU5N30.T2AdWdxJugbOcmHpcws5TQPbKOC4YQbp52LxTU3DLoI&username=nacos HTTP/1.1" 200 1006 3 Mozilla/5.0 (Windows NT 10.0; Win64; x64) AppleWebKit/537.36 (KHTML, like Gecko) Chrome/104.0.0.0 Safari/537.36 -
192.168.12.194 - - [17/Aug/2022:14:43:23 +0800] "GET /nacos/v1/cs/communication/configWatchers?&dataId=commons-dev&tenant=9561f0ac-36a7-43b0-bcb3-9e34865b3d70&group=dev HTTP/1.1" 200 41 214 Java/17.0.2 -
192.168.12.194 - - [17/Aug/2022:14:43:23 +0800] "GET /nacos/v1/cs/configs/listener?dataId=commons-dev&group=dev&namespaceId=9561f0ac-36a7-43b0-bcb3-9e34865b3d70&tenant=9561f0ac-36a7-43b0-bcb3-9e34865b3d70&message=true&accessToken=eyJhbGciOiJIUzI1NiJ9.eyJzdWIiOiJuYWNvcyIsImV4cCI6MTY2MDU2MzU5N30.T2AdWdxJugbOcmHpcws5TQPbKOC4YQbp52LxTU3DLoI&username=nacos HTTP/1.1" 200 61 219 Mozilla/5.0 (Windows NT 10.0; Win64; x64) AppleWebKit/537.36 (KHTML, like Gecko) Chrome/104.0.0.0 Safari/537.36 -
127.0.0.1 - - [17/Aug/2022:14:43:28 +0800] "POST /nacos/v1/cs/configs/listener HTTP/1.1" 200 - 29514 Java/17.0.2 -
127.0.0.1 - - [17/Aug/2022:14:43:30 +0800] "GET /nacos/v1/ns/instance/list?app=unknown&healthyOnly=false&namespaceId=public&clientIP=172.31.48.1&serviceName=DEFAULT_GROUP%40%40commons&udpPort=50061&clusters=DEFAULT HTTP/1.1" 200 599 4 Nacos-Java-Client:v1.4.2 -
192.168.12.194 - - [17/Aug/2022:14:43:33 +0800] "GET /nacos/v1/cs/configs?dataId=&group=&appName=&config_tags=&pageNo=1&pageSize=10&tenant=9561f0ac-36a7-43b0-bcb3-9e34865b3d70&search=accurate&message=true&accessToken=eyJhbGciOiJIUzI1NiJ9.eyJzdWIiOiJuYWNvcyIsImV4cCI6MTY2MDU2MzU5N30.T2AdWdxJugbOcmHpcws5TQPbKOC4YQbp52LxTU3DLoI&username=nacos HTTP/1.1" 200 879 5 Mozilla/5.0 (Windows NT 10.0; Win64; x64) AppleWebKit/537.36 (KHTML, like Gecko) Chrome/104.0.0.0 Safari/537.36 -
192.168.12.194 - - [17/Aug/2022:14:43:34 +0800] "GET /nacos/v1/cs/history/configs?tenant=9561f0ac-36a7-43b0-bcb3-9e34865b3d70&accessToken=eyJhbGciOiJIUzI1NiJ9.eyJzdWIiOiJuYWNvcyIsImV4cCI6MTY2MDU2MzU5N30.T2AdWdxJugbOcmHpcws5TQPbKOC4YQbp52LxTU3DLoI&message=true&namespaceId=9561f0ac-36a7-43b0-bcb3-9e34865b3d70 HTTP/1.1" 200 202 5 Mozilla/5.0 (Windows NT 10.0; Win64; x64) AppleWebKit/537.36 (KHTML, like Gecko) Chrome/104.0.0.0 Safari/537.36 -
192.168.12.194 - - [17/Aug/2022:14:43:35 +0800] "GET /nacos/v1/ns/catalog/services?hasIpCount=true&withInstances=false&pageNo=1&pageSize=10&serviceNameParam=&groupNameParam=&accessToken=eyJhbGciOiJIUzI1NiJ9.eyJzdWIiOiJuYWNvcyIsImV4cCI6MTY2MDU2MzU5N30.T2AdWdxJugbOcmHpcws5TQPbKOC4YQbp52LxTU3DLoI&message=true&namespaceId=9561f0ac-36a7-43b0-bcb3-9e34865b3d70 HTTP/1.1" 200 39 3 Mozilla/5.0 (Windows NT 10.0; Win64; x64) AppleWebKit/537.36 (KHTML, like Gecko) Chrome/104.0.0.0 Safari/537.36 -
127.0.0.1 - - [17/Aug/2022:14:43:40 +0800] "GET /nacos/v1/ns/instance/list?app=unknown&healthyOnly=false&namespaceId=public&clientIP=172.31.48.1&serviceName=DEFAULT_GROUP%40%40commons&udpPort=50061&clusters=DEFAULT HTTP/1.1" 200 599 5 Nacos-Java-Client:v1.4.2 -
